Archive member included to satisfy reference by file (symbol)

app/libapp.a(main.c.obj)      (--whole-archive)
zephyr/libzephyr.a(validate_libc.c.obj)
                              (--whole-archive)
zephyr/libzephyr.a(heap.c.obj)
                              (--whole-archive)
zephyr/libzephyr.a(cbprintf_packaged.c.obj)
                              (--whole-archive)
zephyr/libzephyr.a(clock.c.obj)
                              (--whole-archive)
zephyr/libzephyr.a(printk.c.obj)
                              (--whole-archive)
zephyr/libzephyr.a(sem.c.obj)
                              (--whole-archive)
zephyr/libzephyr.a(thread_entry.c.obj)
                              (--whole-archive)
zephyr/libzephyr.a(cbprintf_complete.c.obj)
                              (--whole-archive)
zephyr/libzephyr.a(assert.c.obj)
                              (--whole-archive)
zephyr/libzephyr.a(dec.c.obj)
                              (--whole-archive)
zephyr/libzephyr.a(hex.c.obj)
                              (--whole-archive)
zephyr/libzephyr.a(rb.c.obj)  (--whole-archive)
zephyr/libzephyr.a(set.c.obj)
                              (--whole-archive)
zephyr/libzephyr.a(timeutil.c.obj)
                              (--whole-archive)
zephyr/libzephyr.a(bitarray.c.obj)
                              (--whole-archive)
zephyr/libzephyr.a(bitmask.c.obj)
                              (--whole-archive)
zephyr/libzephyr.a(getopt.c.obj)
                              (--whole-archive)
zephyr/libzephyr.a(getopt_common.c.obj)
                              (--whole-archive)
zephyr/libzephyr.a(onoff.c.obj)
                              (--whole-archive)
zephyr/libzephyr.a(notify.c.obj)
                              (--whole-archive)
zephyr/libzephyr.a(ring_buffer.c.obj)
                              (--whole-archive)
zephyr/libzephyr.a(last_section_id.c.obj)
                              (--whole-archive)
zephyr/libzephyr.a(configs.c.obj)
                              (--whole-archive)
zephyr/libzephyr.a(thread_info.c.obj)
                              (--whole-archive)
zephyr/libzephyr.a(mem_attr.c.obj)
                              (--whole-archive)
zephyr/libzephyr.a(tracing_none.c.obj)
                              (--whole-archive)
zephyr/libzephyr.a(banner.c.obj)
                              (--whole-archive)
zephyr/libzephyr.a(nrf_cc3xx_platform_abort_zephyr.c.obj)
                              (--whole-archive)
zephyr/libzephyr.a(nrf_cc3xx_platform_mutex_zephyr.c.obj)
                              (--whole-archive)
zephyr/arch/common/libarch__common.a(sw_isr_common.c.obj)
                              (--whole-archive)
zephyr/arch/common/libarch__common.a(init.c.obj)
                              (--whole-archive)
zephyr/arch/common/libarch__common.a(xip.c.obj)
                              (--whole-archive)
zephyr/arch/arch/arm/core/libarch__arm__core.a(fatal.c.obj)
                              (--whole-archive)
zephyr/arch/arch/arm/core/libarch__arm__core.a(nmi.c.obj)
                              (--whole-archive)
zephyr/arch/arch/arm/core/libarch__arm__core.a(nmi_on_reset.S.obj)
                              (--whole-archive)
zephyr/arch/arch/arm/core/libarch__arm__core.a(tls.c.obj)
                              (--whole-archive)
zephyr/arch/arch/arm/core/cortex_m/libarch__arm__core__cortex_m.a(fault.c.obj)
                              (--whole-archive)
zephyr/arch/arch/arm/core/cortex_m/libarch__arm__core__cortex_m.a(fault_s.S.obj)
                              (--whole-archive)
zephyr/arch/arch/arm/core/cortex_m/libarch__arm__core__cortex_m.a(fpu.c.obj)
                              (--whole-archive)
zephyr/arch/arch/arm/core/cortex_m/libarch__arm__core__cortex_m.a(reset.S.obj)
                              (--whole-archive)
zephyr/arch/arch/arm/core/cortex_m/libarch__arm__core__cortex_m.a(scb.c.obj)
                              (--whole-archive)
zephyr/arch/arch/arm/core/cortex_m/libarch__arm__core__cortex_m.a(vector_table.S.obj)
                              (--whole-archive)
zephyr/arch/arch/arm/core/cortex_m/libarch__arm__core__cortex_m.a(svc.S.obj)
                              (--whole-archive)
zephyr/arch/arch/arm/core/cortex_m/libarch__arm__core__cortex_m.a(irq_manage.c.obj)
                              (--whole-archive)
zephyr/arch/arch/arm/core/cortex_m/libarch__arm__core__cortex_m.a(prep_c.c.obj)
                              (--whole-archive)
zephyr/arch/arch/arm/core/cortex_m/libarch__arm__core__cortex_m.a(thread.c.obj)
                              (--whole-archive)
zephyr/arch/arch/arm/core/cortex_m/libarch__arm__core__cortex_m.a(cpu_idle.c.obj)
                              (--whole-archive)
zephyr/arch/arch/arm/core/cortex_m/libarch__arm__core__cortex_m.a(exc_exit.c.obj)
                              (--whole-archive)
zephyr/arch/arch/arm/core/cortex_m/libarch__arm__core__cortex_m.a(thread_abort.c.obj)
                              (--whole-archive)
[...]
Memory Configuration

Name             Origin             Length             Attributes
FLASH            0x00000000         0x00100000         xr
RAM              0x20000000         0x00070000         xw
IDT_LIST         0xffff7fff         0x00008000         xw
*default*        0x00000000         0xffffffff

Linker script and memory map

                0x00005c5c                        vfprintf = __l_vfprintf
                0x00000000                        vfscanf = __l_vfscanf
LOAD zephyr/CMakeFiles/zephyr_final.dir/misc/empty_file.c.obj
LOAD zephyr/CMakeFiles/zephyr_final.dir/isr_tables.c.obj
LOAD zephyr/CMakeFiles/offsets.dir/./arch/arm/core/offsets/offsets.c.obj
LOAD app/libapp.a
LOAD zephyr/libzephyr.a
LOAD zephyr/arch/common/libarch__common.a
LOAD zephyr/arch/arch/arm/core/libarch__arm__core.a
LOAD zephyr/arch/arch/arm/core/cortex_m/libarch__arm__core__cortex_m.a
LOAD zephyr/arch/arch/arm/core/cortex_m/cmse/libarch__arm__core__cortex_m__cmse.a
LOAD zephyr/arch/arch/arm/core/mpu/libarch__arm__core__mpu.a
LOAD zephyr/lib/libc/picolibc/liblib__libc__picolibc.a
LOAD zephyr/lib/libc/common/liblib__libc__common.a
LOAD zephyr/lib/posix/c_lib_ext/liblib__posix__c_lib_ext.a
LOAD zephyr/soc/soc/nrf5340/libsoc__nordic.a
LOAD zephyr/subsys/random/libsubsys__random.a
LOAD zephyr/drivers/clock_control/libdrivers__clock_control.a
LOAD zephyr/drivers/console/libdrivers__console.a
LOAD zephyr/drivers/entropy/libdrivers__entropy.a
LOAD zephyr/drivers/gpio/libdrivers__gpio.a
LOAD zephyr/drivers/pinctrl/libdrivers__pinctrl.a
LOAD zephyr/drivers/serial/libdrivers__serial.a
LOAD zephyr/drivers/timer/libdrivers__timer.a
LOAD modules/nrf/drivers/hw_cc3xx/lib..__nrf__drivers__hw_cc3xx.a
LOAD modules/hal_nordic/modules/hal_nordic/nrfx/libnrfx.a
LOAD zephyr/kernel/libkernel.a
LOAD zephyr/arch/common/libisr_tables.a
LOAD /home/goodbyte/ncs/v3.4.0/nrfxlib/crypto/nrf_cc312_platform/lib/cortex-m33/soft-float/no-interrupts/libnrf_cc312_platform_0.9.22.a
LOAD /home/goodbyte/ncs/toolchains/fbf7391cab/opt/zephyr-sdk/gnu/arm-zephyr-eabi/bin/../lib/gcc/arm-zephyr-eabi/14.3.0/../../../../arm-zephyr-eabi/lib/thumb/v8-m.main/nofp/space/libc.a
LOAD /home/goodbyte/ncs/toolchains/fbf7391cab/opt/zephyr-sdk/gnu/arm-zephyr-eabi/bin/../lib/gcc/arm-zephyr-eabi/14.3.0/thumb/v8-m.main/nofp/space/libgcc.a
                0x00000020                        _region_min_align = 0x20

.rel.plt        0x00000000        0x0
 *(SORT_BY_ALIGNMENT(.rel.plt))
                [!provide]                        PROVIDE (__rel_iplt_start = .)
 *(SORT_BY_ALIGNMENT(.rel.iplt))
 .rel.iplt      0x00000000        0x0 zephyr/CMakeFiles/zephyr_final.dir/isr_tables.c.obj
                [!provide]                        PROVIDE (__rel_iplt_end = .)

.rela.plt       0x00000000        0x0
 *(SORT_BY_ALIGNMENT(.rela.plt))
                [!provide]                        PROVIDE (__rela_iplt_start = .)
 *(SORT_BY_ALIGNMENT(.rela.iplt))
                [!provide]                        PROVIDE (__rela_iplt_end = .)

.rel.dyn
 *(SORT_BY_ALIGNMENT(.rel.*))

.rela.dyn
 *(SORT_BY_ALIGNMENT(.rela.*))

/DISCARD/
 *(SORT_BY_ALIGNMENT(.plt))

/DISCARD/
 *(SORT_BY_ALIGNMENT(.iplt))
                0x00000000                        __rom_region_start = 0x0

rom_start       0x00000000      0x154
                0x00000000                        __rom_start_address = .
 FILL mask 0x00
                0x00000000                        . = (. + (0x0 - (. - __rom_start_address)))
                0x00000000                        . = ALIGN (0x4)
                0x00000000                        . = ALIGN (0x80)
                0x00000000                        . = ALIGN (0x200)
                0x00000000                        _vector_start = .
 *(SORT_BY_ALIGNMENT(.exc_vector_table))
 *(SORT_BY_ALIGNMENT(.exc_vector_table.*))
 .exc_vector_table._vector_table_section
                0x00000000       0x40 zephyr/arch/arch/arm/core/cortex_m/libarch__arm__core__cortex_m.a(vector_table.S.obj)
                0x00000000                _vector_table
 *(SORT_BY_ALIGNMENT(.vectors))
                0x00000154                        _vector_end = .
                0x00000040                        . = ALIGN (0x4)
 *(SORT_BY_ALIGNMENT(.gnu.linkonce.irq_vector_table*))
 .gnu.linkonce.irq_vector_table
                0x00000040      0x114 zephyr/CMakeFiles/zephyr_final.dir/isr_tables.c.obj
                0x00000040                _irq_vector_table
                0x00000154                        _vector_end = .

text            0x00000154     0x7498
                0x00000154                        __text_region_start = .
 *(SORT_BY_ALIGNMENT(.text))
 .text          0x00000154       0x30 /home/goodbyte/ncs/toolchains/fbf7391cab/opt/zephyr-sdk/gnu/arm-zephyr-eabi/bin/../lib/gcc/arm-zephyr-eabi/14.3.0/thumb/v8-m.main/nofp/space/libgcc.a(_aeabi_uldivmod.o)
                0x00000154                __aeabi_uldivmod
 .text          0x00000184        0x4 /home/goodbyte/ncs/toolchains/fbf7391cab/opt/zephyr-sdk/gnu/arm-zephyr-eabi/bin/../lib/gcc/arm-zephyr-eabi/14.3.0/thumb/v8-m.main/nofp/space/libgcc.a(_dvmd_tls.o)
                0x00000184                __aeabi_ldiv0
                0x00000184                __aeabi_idiv0
 .text          0x00000188      0x2ba /home/goodbyte/ncs/toolchains/fbf7391cab/opt/zephyr-sdk/gnu/arm-zephyr-eabi/bin/../lib/gcc/arm-zephyr-eabi/14.3.0/thumb/v8-m.main/nofp/space/libgcc.a(_udivmoddi4.o)
                0x00000188                __udivmoddi4
 *(SORT_BY_ALIGNMENT(.text.*))
 *fill*         0x00000442        0x2 
 .text.get_access
                0x00000444       0x28 app/libapp.a(main.c.obj)
                0x00000444                get_access
 .text.consumer
                0x0000046c       0x2c app/libapp.a(main.c.obj)
                0x0000046c                consumer
 .text.release_access
                0x00000498       0x20 app/libapp.a(main.c.obj)
                0x00000498                release_access
 .text.producer
                0x000004b8       0x2c app/libapp.a(main.c.obj)
                0x000004b8                producer
 .text.char_out
                0x000004e4        0xc zephyr/libzephyr.a(printk.c.obj)
 .text.__printk_hook_install
                0x000004f0        0xc zephyr/libzephyr.a(printk.c.obj)
                0x000004f0                __printk_hook_install
 .text.vprintk  0x000004fc       0x30 zephyr/libzephyr.a(printk.c.obj)
                0x000004fc                vprintk
 .text.z_thread_entry
                0x0000052c       0x34 zephyr/libzephyr.a(thread_entry.c.obj)
                0x0000052c                z_thread_entry
 .text.process_event
                0x00000560      0x1e8 zephyr/libzephyr.a(onoff.c.obj)
 .text.mem_attr_get_regions
                0x00000748        0xc zephyr/libzephyr.a(mem_attr.c.obj)
                0x00000748                mem_attr_get_regions
 .text.ncs_boot_banner
                0x00000754       0x1c zephyr/libzephyr.a(banner.c.obj)
 .text.nrf_cc3xx_platform_abort_init
                0x00000770        0xc zephyr/libzephyr.a(nrf_cc3xx_platform_abort_zephyr.c.obj)
                0x00000770                nrf_cc3xx_platform_abort_init
 .text.mutex_free_platform
                0x0000077c       0x54 zephyr/libzephyr.a(nrf_cc3xx_platform_mutex_zephyr.c.obj)
 .text.mutex_lock_platform
                0x000007d0       0x74 zephyr/libzephyr.a(nrf_cc3xx_platform_mutex_zephyr.c.obj)
 .text.mutex_unlock_platform
                0x00000844       0x68 zephyr/libzephyr.a(nrf_cc3xx_platform_mutex_zephyr.c.obj)
 .text.mutex_init_platform
                0x000008ac       0x94 zephyr/libzephyr.a(nrf_cc3xx_platform_mutex_zephyr.c.obj)
 .text.nrf_cc3xx_platform_mutex_init
                0x00000940       0x2c zephyr/libzephyr.a(nrf_cc3xx_platform_mutex_zephyr.c.obj)
                0x00000940                nrf_cc3xx_platform_mutex_init
 .text.arch_bss_zero
                0x0000096c       0x18 zephyr/arch/common/libarch__common.a(init.c.obj)
                0x0000096c                arch_bss_zero
 .text.arch_data_copy
                0x00000984       0x38 zephyr/arch/common/libarch__common.a(xip.c.obj)
                0x00000984                arch_data_copy
 .text.z_arm_fatal_error
                0x000009bc       0x60 zephyr/arch/arch/arm/core/libarch__arm__core.a(fatal.c.obj)
                0x000009bc                z_arm_fatal_error
 .text.z_SysNmiOnReset
                0x00000a1c        0x8 zephyr/arch/arch/arm/core/libarch__arm__core.a(nmi_on_reset.S.obj)
                0x00000a1c                z_SysNmiOnReset
 .text.arch_tls_stack_setup
                0x00000a24       0x40 zephyr/arch/arch/arm/core/libarch__arm__core.a(tls.c.obj)
                0x00000a24                arch_tls_stack_setup
 .text.usage_fault.isra.0
                0x00000a64       0xa8 zephyr/arch/arch/arm/core/cortex_m/libarch__arm__core__cortex_m.a(fault.c.obj)
 .text.bus_fault.isra.0
                0x00000b0c       0xb8 zephyr/arch/arch/arm/core/cortex_m/libarch__arm__core__cortex_m.a(fault.c.obj)
 .text.mem_manage_fault.isra.0
                0x00000bc4       0xbc zephyr/arch/arch/arm/core/cortex_m/libarch__arm__core__cortex_m.a(fault.c.obj)
 .text.z_arm_fault
                0x00000c80      0x1a8 zephyr/arch/arch/arm/core/cortex_m/libarch__arm__core__cortex_m.a(fault.c.obj)
                0x00000c80                z_arm_fault
 .text.z_arm_fault_init
                0x00000e28       0x20 zephyr/arch/arch/arm/core/cortex_m/libarch__arm__core__cortex_m.a(fault.c.obj)
                0x00000e28                z_arm_fault_init
 .text.__fault  0x00000e48       0x14 zephyr/arch/arch/arm/core/cortex_m/libarch__arm__core__cortex_m.a(fault_s.S.obj)
                0x00000e48                z_arm_bus_fault
                0x00000e48                z_arm_usage_fault
                0x00000e48                z_arm_mpu_fault
                0x00000e48                z_arm_exc_spurious
                0x00000e48                z_arm_debug_monitor
                0x00000e48                z_arm_hard_fault
 .text._reset_section
                0x00000e5c       0x68 zephyr/arch/arch/arm/core/cortex_m/libarch__arm__core__cortex_m.a(reset.S.obj)
                0x00000e5c                z_arm_reset
                0x00000e5c                __start
 .text.z_arm_clear_arm_mpu_config
                0x00000ec4       0x24 zephyr/arch/arch/arm/core/cortex_m/libarch__arm__core__cortex_m.a(scb.c.obj)
                0x00000ec4                z_arm_clear_arm_mpu_config
 .text.z_arm_init_arch_hw_at_boot
                0x00000ee8       0x4c zephyr/arch/arch/arm/core/cortex_m/libarch__arm__core__cortex_m.a(scb.c.obj)
                0x00000ee8                z_arm_init_arch_hw_at_boot
 .text.z_arm_svc
                0x00000f34       0x24 zephyr/arch/arch/arm/core/cortex_m/libarch__arm__core__cortex_m.a(svc.S.obj)
                0x00000f34                z_arm_svc
 .text.arm_irq_enable
                0x00000f58       0x1c zephyr/arch/arch/arm/core/cortex_m/libarch__arm__core__cortex_m.a(irq_manage.c.obj)
                0x00000f58                arm_irq_enable
 .text.arm_irq_is_enabled
                0x00000f74       0x1c zephyr/arch/arch/arm/core/cortex_m/libarch__arm__core__cortex_m.a(irq_manage.c.obj)
                0x00000f74                arm_irq_is_enabled
 .text.arm_irq_priority_set
                0x00000f90       0x2c zephyr/arch/arch/arm/core/cortex_m/libarch__arm__core__cortex_m.a(irq_manage.c.obj)
                0x00000f90                arm_irq_priority_set
 .text.relocate_vector_table
                0x00000fbc       0x1c zephyr/arch/arch/arm/core/cortex_m/libarch__arm__core__cortex_m.a(prep_c.c.obj)
                0x00000fbc                relocate_vector_table
 .text.z_prep_c
                0x00000fd8       0x28 zephyr/arch/arch/arm/core/cortex_m/libarch__arm__core__cortex_m.a(prep_c.c.obj)
                0x00000fd8                z_prep_c
 .text.arch_new_thread
                0x00001000       0x38 zephyr/arch/arch/arm/core/cortex_m/libarch__arm__core__cortex_m.a(thread.c.obj)
                0x00001000                arch_new_thread
 .text.arch_switch_to_main_thread
                0x00001038       0x44 zephyr/arch/arch/arm/core/cortex_m/libarch__arm__core__cortex_m.a(thread.c.obj)
                0x00001038                arch_switch_to_main_thread
 .text.z_arm_cpu_idle_init
                0x0000107c        0xc zephyr/arch/arch/arm/core/cortex_m/libarch__arm__core__cortex_m.a(cpu_idle.c.obj)
                0x0000107c                z_arm_cpu_idle_init
 .text._HandlerModeExit
                0x00001088       0x20 zephyr/arch/arch/arm/core/cortex_m/libarch__arm__core__cortex_m.a(exc_exit.c.obj)
                0x00001088                z_arm_exc_exit
                0x00001088                z_arm_int_exit
 .text.z_impl_k_thread_abort
                0x000010a8       0x2c zephyr/arch/arch/arm/core/cortex_m/libarch__arm__core__cortex_m.a(thread_abort.c.obj)
                0x000010a8                z_impl_k_thread_abort
 .text.z_arm_pendsv
                0x000010d4       0x68 zephyr/arch/arch/arm/core/cortex_m/libarch__arm__core__cortex_m.a(swap_helper.S.obj)
                0x000010d4                z_arm_pendsv
 .text.z_arm_interrupt_init
                0x0000113c       0x18 zephyr/arch/arch/arm/core/cortex_m/libarch__arm__core__cortex_m.a(irq_init.c.obj)
                0x0000113c                z_arm_interrupt_init
 .text._isr_wrapper
                0x00001154       0x24 zephyr/arch/arch/arm/core/cortex_m/libarch__arm__core__cortex_m.a(isr_wrapper.c.obj)
                0x00001154                _isr_wrapper
 .text.__aeabi_read_tp
                0x00001178        0xc zephyr/arch/arch/arm/core/cortex_m/libarch__arm__core__cortex_m.a(__aeabi_read_tp.S.obj)
                0x00001178                __aeabi_read_tp
 .text.z_arm_configure_static_mpu_regions
                0x00001184       0x3c zephyr/arch/arch/arm/core/mpu/libarch__arm__core__mpu.a(arm_core_mpu.c.obj)
                0x00001184                z_arm_configure_static_mpu_regions
 .text.region_init
                0x000011c0       0x30 zephyr/arch/arch/arm/core/mpu/libarch__arm__core__mpu.a(arm_mpu.c.obj)
 .text.region_allocate_and_init
                0x000011f0       0x24 zephyr/arch/arch/arm/core/mpu/libarch__arm__core__mpu.a(arm_mpu.c.obj)
 .text.mpu_configure_regions_and_partition.constprop.0
                0x00001214      0x140 zephyr/arch/arch/arm/core/mpu/libarch__arm__core__mpu.a(arm_mpu.c.obj)
 .text.arm_core_mpu_enable
                0x00001354       0x18 zephyr/arch/arch/arm/core/mpu/libarch__arm__core__mpu.a(arm_mpu.c.obj)
                0x00001354                arm_core_mpu_enable
 .text.arm_core_mpu_disable
                0x0000136c       0x14 zephyr/arch/arch/arm/core/mpu/libarch__arm__core__mpu.a(arm_mpu.c.obj)
                0x0000136c                arm_core_mpu_disable
 .text.arm_core_mpu_configure_static_mpu_regions
                0x00001380       0x14 zephyr/arch/arch/arm/core/mpu/libarch__arm__core__mpu.a(arm_mpu.c.obj)
                0x00001380                arm_core_mpu_configure_static_mpu_regions
 .text.arm_core_mpu_mark_areas_for_dynamic_regions
                0x00001394       0xb8 zephyr/arch/arch/arm/core/mpu/libarch__arm__core__mpu.a(arm_mpu.c.obj)
                0x00001394                arm_core_mpu_mark_areas_for_dynamic_regions
 .text.z_arm_mpu_init
                0x0000144c      0x164 zephyr/arch/arch/arm/core/mpu/libarch__arm__core__mpu.a(arm_mpu.c.obj)
                0x0000144c                z_arm_mpu_init
 .text.z_impl_zephyr_fputc
                0x000015b0       0x10 zephyr/lib/libc/picolibc/liblib__libc__picolibc.a(stdio.c.obj)
                0x000015b0                z_impl_zephyr_fputc
 .text.__stdout_hook_install
                0x000015c0       0x18 zephyr/lib/libc/picolibc/liblib__libc__picolibc.a(stdio.c.obj)
                0x000015c0                __stdout_hook_install
 .text.malloc_prepare
                0x000015d8       0x24 zephyr/lib/libc/common/liblib__libc__common.a(malloc.c.obj)
 .text.nrf53_anomaly_160_check
                0x000015fc       0x64 zephyr/soc/soc/nrf5340/libsoc__nordic.a(soc.c.obj)
 .text.nrf_gpio_pin_control_select.constprop.0
                0x00001660       0x1c zephyr/soc/soc/nrf5340/libsoc__nordic.a(soc.c.obj)
 .text.soc_early_init_hook
                0x0000167c       0x3c zephyr/soc/soc/nrf5340/libsoc__nordic.a(soc.c.obj)
                0x0000167c                soc_early_init_hook
 .text.soc_late_init_hook
                0x000016b8       0x48 zephyr/soc/soc/nrf5340/libsoc__nordic.a(soc.c.obj)
                0x000016b8                soc_late_init_hook
 .text.arch_busy_wait
                0x00001700       0x24 zephyr/soc/soc/nrf5340/libsoc__nordic.a(soc.c.obj)
                0x00001700                arch_busy_wait
 .text.assign_pins
                0x00001724       0x54 zephyr/soc/soc/nrf5340/libsoc__nordic.a(nrf53_cpunet_mgmt.c.obj)
 .text.nrf53_cpunet_mgmt_init
                0x00001778       0x10 zephyr/soc/soc/nrf5340/libsoc__nordic.a(nrf53_cpunet_mgmt.c.obj)
                0x00001778                nrf53_cpunet_mgmt_init
 .text.gppi_init
                0x00001788       0x1c zephyr/soc/soc/nrf5340/libsoc__nordic.a(gppi_init.c.obj)
 .text.rand_get
                0x000017a4       0x58 zephyr/subsys/random/libsubsys__random.a(random_entropy_device.c.obj)
 .text.onoff_stop
                0x000017fc       0x30 zephyr/drivers/clock_control/libdrivers__clock_control.a(clock_control_nrf.c.obj)
 .text.onoff_start
                0x0000182c       0x44 zephyr/drivers/clock_control/libdrivers__clock_control.a(clock_control_nrf.c.obj)
 .text.clk_init
                0x00001870       0x60 zephyr/drivers/clock_control/libdrivers__clock_control.a(clock_control_nrf.c.obj)
 .text.api_blocking_start
                0x000018d0       0x30 zephyr/drivers/clock_control/libdrivers__clock_control.a(clock_control_nrf.c.obj)
 .text.generic_hfclk_stop
                0x00001900       0x34 zephyr/drivers/clock_control/libdrivers__clock_control.a(clock_control_nrf.c.obj)
 .text.clkstarted_handle.constprop.0
                0x00001934       0x4c zephyr/drivers/clock_control/libdrivers__clock_control.a(clock_control_nrf.c.obj)
 .text.generic_hfclk_start
                0x00001980       0x78 zephyr/drivers/clock_control/libdrivers__clock_control.a(clock_control_nrf.c.obj)
 .text.clock_event_handler
                0x000019f8       0x34 zephyr/drivers/clock_control/libdrivers__clock_control.a(clock_control_nrf.c.obj)
 .text.z_nrf_clock_control_lf_on
                0x00001a2c       0xfc zephyr/drivers/clock_control/libdrivers__clock_control.a(clock_control_nrf.c.obj)
                0x00001a2c                z_nrf_clock_control_lf_on
 .text.uart_console_init
                0x00001b28       0x28 zephyr/drivers/console/libdrivers__console.a(uart_console.c.obj)
 .text.console_out
                0x00001b50       0x28 zephyr/drivers/console/libdrivers__console.a(uart_console.c.obj)
 .text.gpio_nrfx_pin_configure
                0x00001b78      0x180 zephyr/drivers/gpio/libdrivers__gpio.a(gpio_nrfx.c.obj)
 .text.nrfx_gpio_handler
                0x00001cf8       0x4c zephyr/drivers/gpio/libdrivers__gpio.a(gpio_nrfx.c.obj)
 .text.gpio_nrfx_init
                0x00001d44       0x3c zephyr/drivers/gpio/libdrivers__gpio.a(gpio_nrfx.c.obj)
 .text.gpio_nrfx_pin_interrupt_configure
                0x00001d80      0x108 zephyr/drivers/gpio/libdrivers__gpio.a(gpio_nrfx.c.obj)
 .text.nrf_gpio_pin_port_decode
                0x00001e88       0x24 zephyr/drivers/pinctrl/libdrivers__pinctrl.a(pinctrl_nrf.c.obj)
 .text.pinctrl_configure_pins
                0x00001eac      0x1a4 zephyr/drivers/pinctrl/libdrivers__pinctrl.a(pinctrl_nrf.c.obj)
                0x00001eac                pinctrl_configure_pins
 .text.uarte_nrfx_poll_out
                0x00002050       0xb8 zephyr/drivers/serial/libdrivers__serial.a(uart_nrfx_uarte.c.obj)
 .text.compare_int_lock
                0x00002108       0x44 zephyr/drivers/timer/libdrivers__timer.a(nrf_rtc_timer.c.obj)
 .text.sys_clock_timeout_handler
                0x0000214c       0x58 zephyr/drivers/timer/libdrivers__timer.a(nrf_rtc_timer.c.obj)
 .text.compare_int_unlock
                0x000021a4       0x4c zephyr/drivers/timer/libdrivers__timer.a(nrf_rtc_timer.c.obj)
 .text.z_nrf_rtc_timer_read
                0x000021f0       0x44 zephyr/drivers/timer/libdrivers__timer.a(nrf_rtc_timer.c.obj)
                0x000021f0                z_nrf_rtc_timer_read
 .text.compare_set
                0x00002234      0x124 zephyr/drivers/timer/libdrivers__timer.a(nrf_rtc_timer.c.obj)
 .text.sys_clock_driver_init
                0x00002358       0x90 zephyr/drivers/timer/libdrivers__timer.a(nrf_rtc_timer.c.obj)
 .text.rtc_nrf_isr
                0x000023e8       0xcc zephyr/drivers/timer/libdrivers__timer.a(nrf_rtc_timer.c.obj)
                0x000023e8                rtc_nrf_isr
 .text.sys_clock_set_timeout
                0x000024b4       0x5c zephyr/drivers/timer/libdrivers__timer.a(nrf_rtc_timer.c.obj)
                0x000024b4                sys_clock_set_timeout
 .text.sys_clock_elapsed
                0x00002510       0x14 zephyr/drivers/timer/libdrivers__timer.a(nrf_rtc_timer.c.obj)
                0x00002510                sys_clock_elapsed
 .text.SystemInit
                0x00002524      0x1b0 modules/hal_nordic/modules/hal_nordic/nrfx/libnrfx.a(system_nrf5340_application.c.obj)
                0x00002524                SystemInit
 .text.nrfx_gppi_init
                0x000026d4        0xc modules/hal_nordic/modules/hal_nordic/nrfx/libnrfx.a(nrfx_gppi_dppi.c.obj)
                0x000026d4                nrfx_gppi_init
 .text.nrfx_gppi_domain_conn_alloc
                0x000026e0       0x1c modules/hal_nordic/modules/hal_nordic/nrfx/libnrfx.a(nrfx_gppi_dppi.c.obj)
                0x000026e0                nrfx_gppi_domain_conn_alloc
 .text.nrfx_gppi_conn_enable
                0x000026fc       0x10 modules/hal_nordic/modules/hal_nordic/nrfx/libnrfx.a(nrfx_gppi_dppi.c.obj)
                0x000026fc                nrfx_gppi_conn_enable
 .text.hfclk_event_handler
                0x0000270c        0xc modules/hal_nordic/modules/hal_nordic/nrfx/libnrfx.a(nrfx_clock.c.obj)
 .text.lfclk_event_handler
                0x00002718        0xc modules/hal_nordic/modules/hal_nordic/nrfx/libnrfx.a(nrfx_clock.c.obj)
 .text.hfclk192m_event_handler
                0x00002724        0xc modules/hal_nordic/modules/hal_nordic/nrfx/libnrfx.a(nrfx_clock.c.obj)
 .text.hfclkaudio_event_handler
                0x00002730        0xc modules/hal_nordic/modules/hal_nordic/nrfx/libnrfx.a(nrfx_clock.c.obj)
 .text.nrfx_clock_init
                0x0000273c       0x68 modules/hal_nordic/modules/hal_nordic/nrfx/libnrfx.a(nrfx_clock.c.obj)
                0x0000273c                nrfx_clock_init
 .text.nrfx_clock_enable
                0x000027a4       0x20 modules/hal_nordic/modules/hal_nordic/nrfx/libnrfx.a(nrfx_clock.c.obj)
                0x000027a4                nrfx_clock_enable
 .text.nrfx_clock_hfclk_init
                0x000027c4       0x24 modules/hal_nordic/modules/hal_nordic/nrfx/libnrfx.a(nrfx_clock_hfclk.c.obj)
                0x000027c4                nrfx_clock_hfclk_init
 .text.nrfx_clock_hfclk_start
                0x000027e8       0x38 modules/hal_nordic/modules/hal_nordic/nrfx/libnrfx.a(nrfx_clock_hfclk.c.obj)
                0x000027e8                nrfx_clock_hfclk_start
 .text.nrfx_clock_hfclk_irq_handler
                0x00002820       0x30 modules/hal_nordic/modules/hal_nordic/nrfx/libnrfx.a(nrfx_clock_hfclk.c.obj)
                0x00002820                nrfx_clock_hfclk_irq_handler
 .text.nrfx_clock_hfclkaudio_init
                0x00002850       0x1c modules/hal_nordic/modules/hal_nordic/nrfx/libnrfx.a(nrfx_clock_hfclkaudio.c.obj)
                0x00002850                nrfx_clock_hfclkaudio_init
 .text.nrfx_clock_hfclkaudio_start
                0x0000286c       0x3c modules/hal_nordic/modules/hal_nordic/nrfx/libnrfx.a(nrfx_clock_hfclkaudio.c.obj)
                0x0000286c                nrfx_clock_hfclkaudio_start
 .text.nrfx_clock_hfclkaudio_irq_handler
                0x000028a8       0x30 modules/hal_nordic/modules/hal_nordic/nrfx/libnrfx.a(nrfx_clock_hfclkaudio.c.obj)
                0x000028a8                nrfx_clock_hfclkaudio_irq_handler
 .text.nrfx_clock_hfclk192m_init
                0x000028d8       0x24 modules/hal_nordic/modules/hal_nordic/nrfx/libnrfx.a(nrfx_clock_hfclk192m.c.obj)
                0x000028d8                nrfx_clock_hfclk192m_init
 .text.nrfx_clock_hfclk192m_start
                0x000028fc       0x3c modules/hal_nordic/modules/hal_nordic/nrfx/libnrfx.a(nrfx_clock_hfclk192m.c.obj)
                0x000028fc                nrfx_clock_hfclk192m_start
 .text.nrfx_clock_hfclk192m_irq_handler
                0x00002938       0x30 modules/hal_nordic/modules/hal_nordic/nrfx/libnrfx.a(nrfx_clock_hfclk192m.c.obj)
                0x00002938                nrfx_clock_hfclk192m_irq_handler
 .text.nrfx_clock_lfclk_init
                0x00002968       0x24 modules/hal_nordic/modules/hal_nordic/nrfx/libnrfx.a(nrfx_clock_lfclk.c.obj)
                0x00002968                nrfx_clock_lfclk_init
 .text.nrfx_clock_lfclk_start
                0x0000298c       0x88 modules/hal_nordic/modules/hal_nordic/nrfx/libnrfx.a(nrfx_clock_lfclk.c.obj)
                0x0000298c                nrfx_clock_lfclk_start
 .text.nrfx_clock_lfclk_irq_handler
                0x00002a14       0x74 modules/hal_nordic/modules/hal_nordic/nrfx/libnrfx.a(nrfx_clock_lfclk.c.obj)
                0x00002a14                nrfx_clock_lfclk_irq_handler
 .text.nrf_gpio_pin_port_decode
                0x00002a88       0x24 modules/hal_nordic/modules/hal_nordic/nrfx/libnrfx.a(nrfx_gpiote.c.obj)
 .text.get_pin_idx
                0x00002aac       0x14 modules/hal_nordic/modules/hal_nordic/nrfx/libnrfx.a(nrfx_gpiote.c.obj)
 .text.latch_pending_read_and_check
                0x00002ac0       0x38 modules/hal_nordic/modules/hal_nordic/nrfx/libnrfx.a(nrfx_gpiote.c.obj)
 .text.pin_uninit
                0x00002af8       0x78 modules/hal_nordic/modules/hal_nordic/nrfx/libnrfx.a(nrfx_gpiote.c.obj)
 .text.nrfx_gpiote_init
                0x00002b70       0x64 modules/hal_nordic/modules/hal_nordic/nrfx/libnrfx.a(nrfx_gpiote.c.obj)
                0x00002b70                nrfx_gpiote_init
 .text.nrfx_gpiote_channel_free
                0x00002bd4       0x14 modules/hal_nordic/modules/hal_nordic/nrfx/libnrfx.a(nrfx_gpiote.c.obj)
                0x00002bd4                nrfx_gpiote_channel_free
 .text.nrfx_gpiote_channel_alloc
                0x00002be8       0x20 modules/hal_nordic/modules/hal_nordic/nrfx/libnrfx.a(nrfx_gpiote.c.obj)
                0x00002be8                nrfx_gpiote_channel_alloc
 .text.nrfx_gpiote_irq_handler
                0x00002c08      0x1c8 modules/hal_nordic/modules/hal_nordic/nrfx/libnrfx.a(nrfx_gpiote.c.obj)
                0x00002c08                nrfx_gpiote_irq_handler
 .text.z_fatal_error
                0x00002dd0       0x30 zephyr/kernel/libkernel.a(fatal.c.obj)
                0x00002dd0                z_fatal_error
 .text.z_sys_init_run_level
                0x00002e00       0x30 zephyr/kernel/libkernel.a(init.c.obj)
 .text.bg_thread_main
                0x00002e30       0xc4 zephyr/kernel/libkernel.a(init.c.obj)
 .text.z_init_cpu
                0x00002ef4       0x70 zephyr/kernel/libkernel.a(init.c.obj)
                0x00002ef4                z_init_cpu
 .text.z_cstart
                0x00002f64       0xd0 zephyr/kernel/libkernel.a(init.c.obj)
                0x00002f64                z_cstart
 .text.init_mem_slab_obj_core_list
                0x00003034       0x28 zephyr/kernel/libkernel.a(mem_slab.c.obj)
 .text.k_mem_slab_alloc
                0x0000305c       0x5c zephyr/kernel/libkernel.a(mem_slab.c.obj)
                0x0000305c                k_mem_slab_alloc
 .text.z_impl_k_mutex_lock
                0x000030b8       0xe4 zephyr/kernel/libkernel.a(mutex.c.obj)
                0x000030b8                z_impl_k_mutex_lock
 .text.z_impl_k_mutex_unlock
                0x0000319c       0xa0 zephyr/kernel/libkernel.a(mutex.c.obj)
                0x0000319c                z_impl_k_mutex_unlock
 .text.z_impl_k_sem_give
                0x0000323c       0x68 zephyr/kernel/libkernel.a(sem.c.obj)
                0x0000323c                z_impl_k_sem_give
 .text.z_impl_k_sem_take
                0x000032a4       0x4c zephyr/kernel/libkernel.a(sem.c.obj)
                0x000032a4                z_impl_k_sem_take
 .text.z_setup_new_thread
                0x000032f0       0xcc zephyr/kernel/libkernel.a(thread.c.obj)
                0x000032f0                z_setup_new_thread
 .text.z_dummy_thread_init
                0x000033bc       0x1c zephyr/kernel/libkernel.a(thread.c.obj)
                0x000033bc                z_dummy_thread_init
 .text.z_swap_irqlock
                0x000033d8       0x34 zephyr/kernel/libkernel.a(sched.c.obj)
 .text.ready_thread
                0x0000340c       0x80 zephyr/kernel/libkernel.a(sched.c.obj)
 .text.unready_thread
                0x0000348c       0x54 zephyr/kernel/libkernel.a(sched.c.obj)
 .text.add_thread_timeout
                0x000034e0       0x1c zephyr/kernel/libkernel.a(sched.c.obj)
 .text.reschedule.isra.0
                0x000034fc       0x28 zephyr/kernel/libkernel.a(sched.c.obj)
 .text.move_current_to_end_of_prio_q
                0x00003524       0x6c zephyr/kernel/libkernel.a(sched.c.obj)
                0x00003524                move_current_to_end_of_prio_q
 .text.z_pend_curr
                0x00003590       0x44 zephyr/kernel/libkernel.a(sched.c.obj)
                0x00003590                z_pend_curr
 .text.z_thread_prio_set
                0x000035d4       0xd8 zephyr/kernel/libkernel.a(sched.c.obj)
                0x000035d4                z_thread_prio_set
 .text.k_sched_lock
                0x000036ac       0x28 zephyr/kernel/libkernel.a(sched.c.obj)
                0x000036ac                k_sched_lock
 .text.k_sched_unlock
                0x000036d4       0x54 zephyr/kernel/libkernel.a(sched.c.obj)
                0x000036d4                k_sched_unlock
 .text.z_sched_init
                0x00003728       0x10 zephyr/kernel/libkernel.a(sched.c.obj)
                0x00003728                z_sched_init
 .text.z_impl_k_yield
                0x00003738       0x84 zephyr/kernel/libkernel.a(sched.c.obj)
                0x00003738                z_impl_k_yield
 .text.z_tick_sleep
                0x000037bc       0x78 zephyr/kernel/libkernel.a(sched.c.obj)
 .text.z_impl_k_sched_current_thread_query
                0x00003834        0xc zephyr/kernel/libkernel.a(sched.c.obj)
                0x00003834                z_impl_k_sched_current_thread_query
 .text.z_thread_abort
                0x00003840      0x144 zephyr/kernel/libkernel.a(sched.c.obj)
                0x00003840                z_thread_abort
 .text.z_time_slice_size
                0x00003984       0x40 zephyr/kernel/libkernel.a(timeslicing.c.obj)
 .text.slice_timeout
                0x000039c4       0x20 zephyr/kernel/libkernel.a(timeslicing.c.obj)
 .text.z_reset_time_slice
                0x000039e4       0x44 zephyr/kernel/libkernel.a(timeslicing.c.obj)
                0x000039e4                z_reset_time_slice
 .text.z_time_slice
                0x00003a28       0x5c zephyr/kernel/libkernel.a(timeslicing.c.obj)
                0x00003a28                z_time_slice
 .text.z_thread_monitor_exit
                0x00003a84       0x3c zephyr/kernel/libkernel.a(thread_monitor.c.obj)
                0x00003a84                z_thread_monitor_exit
 .text.first    0x00003ac0       0x10 zephyr/kernel/libkernel.a(timeout.c.obj)
 .text.elapsed  0x00003ad0       0x14 zephyr/kernel/libkernel.a(timeout.c.obj)
 .text.remove_timeout
                0x00003ae4       0x38 zephyr/kernel/libkernel.a(timeout.c.obj)
 .text.z_add_timeout
                0x00003b1c      0x120 zephyr/kernel/libkernel.a(timeout.c.obj)
                0x00003b1c                z_add_timeout
 .text.sys_clock_announce_locked
                0x00003c3c       0xb8 zephyr/kernel/libkernel.a(timeout.c.obj)
                0x00003c3c                sys_clock_announce_locked
 .text.sys_clock_tick_get
                0x00003cf4       0x30 zephyr/kernel/libkernel.a(timeout.c.obj)
                0x00003cf4                sys_clock_tick_get
 .text.nrf_cc3xx_platform_init
                0x00003d24       0x44 /home/goodbyte/ncs/v3.4.0/nrfxlib/crypto/nrf_cc312_platform/lib/cortex-m33/soft-float/no-interrupts/libnrf_cc312_platform_0.9.22.a(nrf_cc3xx_platform.c.obj)
                0x00003d24                nrf_cc3xx_platform_init
 .text.nrf_cc3xx_platform_abort
                0x00003d68       0x24 /home/goodbyte/ncs/v3.4.0/nrfxlib/crypto/nrf_cc312_platform/lib/cortex-m33/soft-float/no-interrupts/libnrf_cc312_platform_0.9.22.a(nrf_cc3xx_platform_abort.c.obj)
 .text.CC_PalAbort
                0x00003d8c       0x44 /home/goodbyte/ncs/v3.4.0/nrfxlib/crypto/nrf_cc312_platform/lib/cortex-m33/soft-float/no-interrupts/libnrf_cc312_platform_0.9.22.a(nrf_cc3xx_platform_abort.c.obj)
                0x00003d8c                CC_PalAbort
 .text.nrf_cc3xx_platform_set_abort
                0x00003dd0       0x10 /home/goodbyte/ncs/v3.4.0/nrfxlib/crypto/nrf_cc312_platform/lib/cortex-m33/soft-float/no-interrupts/libnrf_cc312_platform_0.9.22.a(nrf_cc3xx_platform_abort.c.obj)
                0x00003dd0                nrf_cc3xx_platform_set_abort
 .text.ctr_drbg_reseed_internal
                0x00003de0       0x9c /home/goodbyte/ncs/v3.4.0/nrfxlib/crypto/nrf_cc312_platform/lib/cortex-m33/soft-float/no-interrupts/libnrf_cc312_platform_0.9.22.a(nrf_cc3xx_platform_ctr_drbg.c.obj)
 .text.nrf_cc3xx_platform_ctr_drbg_init
                0x00003e7c      0x124 /home/goodbyte/ncs/v3.4.0/nrfxlib/crypto/nrf_cc312_platform/lib/cortex-m33/soft-float/no-interrupts/libnrf_cc312_platform_0.9.22.a(nrf_cc3xx_platform_ctr_drbg.c.obj)
                0x00003e7c                nrf_cc3xx_platform_ctr_drbg_init
 .text.nrf_cc3xx_platform_ctr_drbg_get
                0x00003fa0      0x1c4 /home/goodbyte/ncs/v3.4.0/nrfxlib/crypto/nrf_cc312_platform/lib/cortex-m33/soft-float/no-interrupts/libnrf_cc312_platform_0.9.22.a(nrf_cc3xx_platform_ctr_drbg.c.obj)
                0x00003fa0                nrf_cc3xx_platform_ctr_drbg_get
 .text.nrf_cc3xx_platform_entropy_get
                0x00004164       0xb8 /home/goodbyte/ncs/v3.4.0/nrfxlib/crypto/nrf_cc312_platform/lib/cortex-m33/soft-float/no-interrupts/libnrf_cc312_platform_0.9.22.a(nrf_cc3xx_platform_entropy.c.obj)
                0x00004164                nrf_cc3xx_platform_entropy_get
 .text.mutex_free
                0x0000421c       0x34 /home/goodbyte/ncs/v3.4.0/nrfxlib/crypto/nrf_cc312_platform/lib/cortex-m33/soft-float/no-interrupts/libnrf_cc312_platform_0.9.22.a(nrf_cc3xx_platform_mutex.c.obj)
 .text.mutex_lock
                0x00004250       0x48 /home/goodbyte/ncs/v3.4.0/nrfxlib/crypto/nrf_cc312_platform/lib/cortex-m33/soft-float/no-interrupts/libnrf_cc312_platform_0.9.22.a(nrf_cc3xx_platform_mutex.c.obj)
 .text.mutex_unlock
                0x00004298       0x38 /home/goodbyte/ncs/v3.4.0/nrfxlib/crypto/nrf_cc312_platform/lib/cortex-m33/soft-float/no-interrupts/libnrf_cc312_platform_0.9.22.a(nrf_cc3xx_platform_mutex.c.obj)
 .text.mutex_init
                0x000042d0       0x20 /home/goodbyte/ncs/v3.4.0/nrfxlib/crypto/nrf_cc312_platform/lib/cortex-m33/soft-float/no-interrupts/libnrf_cc312_platform_0.9.22.a(nrf_cc3xx_platform_mutex.c.obj)
 .text.nrf_cc3xx_platform_set_mutexes
                0x000042f0       0x78 /home/goodbyte/ncs/v3.4.0/nrfxlib/crypto/nrf_cc312_platform/lib/cortex-m33/soft-float/no-interrupts/libnrf_cc312_platform_0.9.22.a(nrf_cc3xx_platform_mutex.c.obj)
                0x000042f0                nrf_cc3xx_platform_set_mutexes
 .text.cc3xx_drbg_ctr_update
                0x00004368      0x12c /home/goodbyte/ncs/v3.4.0/nrfxlib/crypto/nrf_cc312_platform/lib/cortex-m33/soft-float/no-interrupts/libnrf_cc312_platform_0.9.22.a(cc3xx_drbg_ctr.c.obj)
 .text.cc3xx_lowlevel_drbg_ctr_init
                0x00004494       0xc8 /home/goodbyte/ncs/v3.4.0/nrfxlib/crypto/nrf_cc312_platform/lib/cortex-m33/soft-float/no-interrupts/libnrf_cc312_platform_0.9.22.a(cc3xx_drbg_ctr.c.obj)
                0x00004494                cc3xx_lowlevel_drbg_ctr_init
 .text.cc3xx_lowlevel_drbg_ctr_generate
                0x0000455c      0x1f4 /home/goodbyte/ncs/v3.4.0/nrfxlib/crypto/nrf_cc312_platform/lib/cortex-m33/soft-float/no-interrupts/libnrf_cc312_platform_0.9.22.a(cc3xx_drbg_ctr.c.obj)
                0x0000455c                cc3xx_lowlevel_drbg_ctr_generate
 .text.cc3xx_lowlevel_drbg_ctr_reseed
                0x00004750       0xac /home/goodbyte/ncs/v3.4.0/nrfxlib/crypto/nrf_cc312_platform/lib/cortex-m33/soft-float/no-interrupts/libnrf_cc312_platform_0.9.22.a(cc3xx_drbg_ctr.c.obj)
                0x00004750                cc3xx_lowlevel_drbg_ctr_reseed
 .text.cc3xx_lowlevel_get_entropy
                0x000047fc      0x374 /home/goodbyte/ncs/v3.4.0/nrfxlib/crypto/nrf_cc312_platform/lib/cortex-m33/soft-float/no-interrupts/libnrf_cc312_platform_0.9.22.a(cc3xx_entropy.c.obj)
                0x000047fc                cc3xx_lowlevel_get_entropy
 .text.cc3xx_secure_erase_buffer
                0x00004b70        0x8 /home/goodbyte/ncs/v3.4.0/nrfxlib/crypto/nrf_cc312_platform/lib/cortex-m33/soft-float/no-interrupts/libnrf_cc312_platform_0.9.22.a(cc3xx_stdlib.c.obj)
                0x00004b70                cc3xx_secure_erase_buffer
 .text.cc3xx_dpa_hardened_word_copy
                0x00004b78       0x14 /home/goodbyte/ncs/v3.4.0/nrfxlib/crypto/nrf_cc312_platform/lib/cortex-m33/soft-float/no-interrupts/libnrf_cc312_platform_0.9.22.a(cc3xx_stdlib.c.obj)
                0x00004b78                cc3xx_dpa_hardened_word_copy
 .text.CC_LibInitNoRng
                0x00004b8c       0x2c /home/goodbyte/ncs/v3.4.0/nrfxlib/crypto/nrf_cc312_platform/lib/cortex-m33/soft-float/no-interrupts/libnrf_cc312_platform_0.9.22.a(cc_lib.c.obj)
                0x00004b8c                CC_LibInitNoRng
 .text.CC_LibInit
                0x00004bb8       0x48 /home/goodbyte/ncs/v3.4.0/nrfxlib/crypto/nrf_cc312_platform/lib/cortex-m33/soft-float/no-interrupts/libnrf_cc312_platform_0.9.22.a(cc_lib_ctr_drbg.c.obj)
                0x00004bb8                CC_LibInit
 .text.CC_HalInit
                0x00004c00        0x4 /home/goodbyte/ncs/v3.4.0/nrfxlib/crypto/nrf_cc312_platform/lib/cortex-m33/soft-float/no-interrupts/libnrf_cc312_platform_0.9.22.a(cc_hal.c.obj)
                0x00004c00                CC_HalInit
 .text.CC_HalTerminate
                0x00004c04        0x4 /home/goodbyte/ncs/v3.4.0/nrfxlib/crypto/nrf_cc312_platform/lib/cortex-m33/soft-float/no-interrupts/libnrf_cc312_platform_0.9.22.a(cc_hal.c.obj)
                0x00004c04                CC_HalTerminate
 .text.CC_HalMaskInterrupt
                0x00004c08        0xc /home/goodbyte/ncs/v3.4.0/nrfxlib/crypto/nrf_cc312_platform/lib/cortex-m33/soft-float/no-interrupts/libnrf_cc312_platform_0.9.22.a(cc_hal.c.obj)
                0x00004c08                CC_HalMaskInterrupt
 .text.CC_PalInit
                0x00004c14       0x74 /home/goodbyte/ncs/v3.4.0/nrfxlib/crypto/nrf_cc312_platform/lib/cortex-m33/soft-float/no-interrupts/libnrf_cc312_platform_0.9.22.a(cc_pal.c.obj)
                0x00004c14                CC_PalInit
 .text.CC_PalTerminate
                0x00004c88       0x48 /home/goodbyte/ncs/v3.4.0/nrfxlib/crypto/nrf_cc312_platform/lib/cortex-m33/soft-float/no-interrupts/libnrf_cc312_platform_0.9.22.a(cc_pal.c.obj)
                0x00004c88                CC_PalTerminate
 .text.CC_PalDmaInit
                0x00004cd0        0x4 /home/goodbyte/ncs/v3.4.0/nrfxlib/crypto/nrf_cc312_platform/lib/cortex-m33/soft-float/no-interrupts/libnrf_cc312_platform_0.9.22.a(cc_pal_dma.c.obj)
                0x00004cd0                CC_PalDmaInit
 .text.CC_PalDmaTerminate
                0x00004cd4        0x4 /home/goodbyte/ncs/v3.4.0/nrfxlib/crypto/nrf_cc312_platform/lib/cortex-m33/soft-float/no-interrupts/libnrf_cc312_platform_0.9.22.a(cc_pal_dma.c.obj)
                0x00004cd4                CC_PalDmaTerminate
 .text.CC_PalMemCopyPlat
                0x00004cd8        0x4 /home/goodbyte/ncs/v3.4.0/nrfxlib/crypto/nrf_cc312_platform/lib/cortex-m33/soft-float/no-interrupts/libnrf_cc312_platform_0.9.22.a(cc_pal_mem.c.obj)
                0x00004cd8                CC_PalMemCopyPlat
 .text.CC_PalMemSetZeroPlat
                0x00004cdc       0x1c /home/goodbyte/ncs/v3.4.0/nrfxlib/crypto/nrf_cc312_platform/lib/cortex-m33/soft-float/no-interrupts/libnrf_cc312_platform_0.9.22.a(cc_pal_mem.c.obj)
                0x00004cdc                CC_PalMemSetZeroPlat
 .text.CC_PalMutexCreate
                0x00004cf8       0x14 /home/goodbyte/ncs/v3.4.0/nrfxlib/crypto/nrf_cc312_platform/lib/cortex-m33/soft-float/no-interrupts/libnrf_cc312_platform_0.9.22.a(cc_pal_mutex.c.obj)
                0x00004cf8                CC_PalMutexCreate
 .text.CC_PalMutexDestroy
                0x00004d0c       0x14 /home/goodbyte/ncs/v3.4.0/nrfxlib/crypto/nrf_cc312_platform/lib/cortex-m33/soft-float/no-interrupts/libnrf_cc312_platform_0.9.22.a(cc_pal_mutex.c.obj)
                0x00004d0c                CC_PalMutexDestroy
 .text.CC_PalMutexLock
                0x00004d20       0x10 /home/goodbyte/ncs/v3.4.0/nrfxlib/crypto/nrf_cc312_platform/lib/cortex-m33/soft-float/no-interrupts/libnrf_cc312_platform_0.9.22.a(cc_pal_mutex.c.obj)
                0x00004d20                CC_PalMutexLock
 .text.CC_PalMutexUnlock
                0x00004d30       0x14 /home/goodbyte/ncs/v3.4.0/nrfxlib/crypto/nrf_cc312_platform/lib/cortex-m33/soft-float/no-interrupts/libnrf_cc312_platform_0.9.22.a(cc_pal_mutex.c.obj)
                0x00004d30                CC_PalMutexUnlock
 .text.CC_PalPowerSaveModeInit
                0x00004d44       0x3c /home/goodbyte/ncs/v3.4.0/nrfxlib/crypto/nrf_cc312_platform/lib/cortex-m33/soft-float/no-interrupts/libnrf_cc312_platform_0.9.22.a(cc_pal_pm.c.obj)
                0x00004d44                CC_PalPowerSaveModeInit
 .text.CC_PalPowerSaveModeSelect
                0x00004d80       0x84 /home/goodbyte/ncs/v3.4.0/nrfxlib/crypto/nrf_cc312_platform/lib/cortex-m33/soft-float/no-interrupts/libnrf_cc312_platform_0.9.22.a(cc_pal_pm.c.obj)
                0x00004d80                CC_PalPowerSaveModeSelect
 .text.cc3xx_lowlevel_rng_get_random_lfsr
                0x00004e04      0x110 /home/goodbyte/ncs/v3.4.0/nrfxlib/crypto/nrf_cc312_platform/lib/cortex-m33/soft-float/no-interrupts/libnrf_cc312_platform_0.9.22.a(cc3xx_rng.c.obj)
                0x00004e04                cc3xx_lowlevel_rng_get_random_lfsr
 .text.cc3xx_lowlevel_rng_get_random_permutation
                0x00004f14       0x14 /home/goodbyte/ncs/v3.4.0/nrfxlib/crypto/nrf_cc312_platform/lib/cortex-m33/soft-float/no-interrupts/libnrf_cc312_platform_0.9.22.a(cc3xx_rng.c.obj)
                0x00004f14                cc3xx_lowlevel_rng_get_random_permutation
 .text.init_from_state
                0x00004f28      0x1f0 /home/goodbyte/ncs/v3.4.0/nrfxlib/crypto/nrf_cc312_platform/lib/cortex-m33/soft-float/no-interrupts/libnrf_cc312_platform_0.9.22.a(cc3xx_aes.c.obj)
 .text.cc3xx_lowlevel_aes_init
                0x00005118       0xd0 /home/goodbyte/ncs/v3.4.0/nrfxlib/crypto/nrf_cc312_platform/lib/cortex-m33/soft-float/no-interrupts/libnrf_cc312_platform_0.9.22.a(cc3xx_aes.c.obj)
                0x00005118                cc3xx_lowlevel_aes_init
 .text.cc3xx_lowlevel_aes_get_state
                0x000051e8       0x5c /home/goodbyte/ncs/v3.4.0/nrfxlib/crypto/nrf_cc312_platform/lib/cortex-m33/soft-float/no-interrupts/libnrf_cc312_platform_0.9.22.a(cc3xx_aes.c.obj)
                0x000051e8                cc3xx_lowlevel_aes_get_state
 .text.cc3xx_lowlevel_aes_set_output_buffer
                0x00005244        0x4 /home/goodbyte/ncs/v3.4.0/nrfxlib/crypto/nrf_cc312_platform/lib/cortex-m33/soft-float/no-interrupts/libnrf_cc312_platform_0.9.22.a(cc3xx_aes.c.obj)
                0x00005244                cc3xx_lowlevel_aes_set_output_buffer
 .text.cc3xx_lowlevel_aes_update
                0x00005248       0x78 /home/goodbyte/ncs/v3.4.0/nrfxlib/crypto/nrf_cc312_platform/lib/cortex-m33/soft-float/no-interrupts/libnrf_cc312_platform_0.9.22.a(cc3xx_aes.c.obj)
                0x00005248                cc3xx_lowlevel_aes_update
 .text.cc3xx_lowlevel_aes_finish
                0x000052c0      0x16c /home/goodbyte/ncs/v3.4.0/nrfxlib/crypto/nrf_cc312_platform/lib/cortex-m33/soft-float/no-interrupts/libnrf_cc312_platform_0.9.22.a(cc3xx_aes.c.obj)
                0x000052c0                cc3xx_lowlevel_aes_finish
 .text.trigger_dma
                0x0000542c      0x1cc /home/goodbyte/ncs/v3.4.0/nrfxlib/crypto/nrf_cc312_platform/lib/cortex-m33/soft-float/no-interrupts/libnrf_cc312_platform_0.9.22.a(cc3xx_dma.c.obj)
 .text.cc3xx_lowlevel_dma_buffered_input_data
                0x000055f8       0xf4 /home/goodbyte/ncs/v3.4.0/nrfxlib/crypto/nrf_cc312_platform/lib/cortex-m33/soft-float/no-interrupts/libnrf_cc312_platform_0.9.22.a(cc3xx_dma.c.obj)
                0x000055f8                cc3xx_lowlevel_dma_buffered_input_data
 .text.cc3xx_lowlevel_dma_flush_buffer
                0x000056ec       0x38 /home/goodbyte/ncs/v3.4.0/nrfxlib/crypto/nrf_cc312_platform/lib/cortex-m33/soft-float/no-interrupts/libnrf_cc312_platform_0.9.22.a(cc3xx_dma.c.obj)
                0x000056ec                cc3xx_lowlevel_dma_flush_buffer
 .text.cc3xx_lowlevel_dma_set_buffer_size
                0x00005724        0xc /home/goodbyte/ncs/v3.4.0/nrfxlib/crypto/nrf_cc312_platform/lib/cortex-m33/soft-float/no-interrupts/libnrf_cc312_platform_0.9.22.a(cc3xx_dma.c.obj)
                0x00005724                cc3xx_lowlevel_dma_set_buffer_size
 .text.cc3xx_lowlevel_dma_set_output
                0x00005730       0x10 /home/goodbyte/ncs/v3.4.0/nrfxlib/crypto/nrf_cc312_platform/lib/cortex-m33/soft-float/no-interrupts/libnrf_cc312_platform_0.9.22.a(cc3xx_dma.c.obj)
                0x00005730                cc3xx_lowlevel_dma_set_output
 .text.cc3xx_lowlevel_dma_uninit
                0x00005740       0x10 /home/goodbyte/ncs/v3.4.0/nrfxlib/crypto/nrf_cc312_platform/lib/cortex-m33/soft-float/no-interrupts/libnrf_cc312_platform_0.9.22.a(cc3xx_dma.c.obj)
                0x00005740                cc3xx_lowlevel_dma_uninit
 .text.cc3xx_lowlevel_set_engine
                0x00005750       0x28 /home/goodbyte/ncs/v3.4.0/nrfxlib/crypto/nrf_cc312_platform/lib/cortex-m33/soft-float/no-interrupts/libnrf_cc312_platform_0.9.22.a(cc3xx_engine_state.c.obj)
                0x00005750                cc3xx_lowlevel_set_engine
 .text.cc3xx_lowlevel_noise_source_context_init
                0x00005778       0xb4 /home/goodbyte/ncs/v3.4.0/nrfxlib/crypto/nrf_cc312_platform/lib/cortex-m33/soft-float/no-interrupts/libnrf_cc312_platform_0.9.22.a(cc3xx_noise_source.c.obj)
                0x00005778                cc3xx_lowlevel_noise_source_context_init
 .text.cc3xx_lowlevel_noise_source_init
                0x0000582c       0x6c /home/goodbyte/ncs/v3.4.0/nrfxlib/crypto/nrf_cc312_platform/lib/cortex-m33/soft-float/no-interrupts/libnrf_cc312_platform_0.9.22.a(cc3xx_noise_source.c.obj)
                0x0000582c                cc3xx_lowlevel_noise_source_init
 .text.cc3xx_lowlevel_noise_source_finish
                0x00005898       0x14 /home/goodbyte/ncs/v3.4.0/nrfxlib/crypto/nrf_cc312_platform/lib/cortex-m33/soft-float/no-interrupts/libnrf_cc312_platform_0.9.22.a(cc3xx_noise_source.c.obj)
                0x00005898                cc3xx_lowlevel_noise_source_finish
 .text.cc3xx_lowlevel_noise_source_get_sample
                0x000058ac      0x140 /home/goodbyte/ncs/v3.4.0/nrfxlib/crypto/nrf_cc312_platform/lib/cortex-m33/soft-float/no-interrupts/libnrf_cc312_platform_0.9.22.a(cc3xx_noise_source.c.obj)
                0x000058ac                cc3xx_lowlevel_noise_source_get_sample
 .text.cc3xx_lowlevel_noise_source_sp800_90b_mode
                0x000059ec        0x8 /home/goodbyte/ncs/v3.4.0/nrfxlib/crypto/nrf_cc312_platform/lib/cortex-m33/soft-float/no-interrupts/libnrf_cc312_platform_0.9.22.a(cc3xx_noise_source.c.obj)
                0x000059ec                cc3xx_lowlevel_noise_source_sp800_90b_mode
 .text.cc3xx_lowlevel_noise_source_bump_parameters
                0x000059f4       0x3c /home/goodbyte/ncs/v3.4.0/nrfxlib/crypto/nrf_cc312_platform/lib/cortex-m33/soft-float/no-interrupts/libnrf_cc312_platform_0.9.22.a(cc3xx_noise_source.c.obj)
                0x000059f4                cc3xx_lowlevel_noise_source_bump_parameters
 .text.kmu_validate_slot_and_size_no_kdr
                0x00005a30       0x2c /home/goodbyte/ncs/v3.4.0/nrfxlib/crypto/nrf_cc312_platform/lib/cortex-m33/soft-float/no-interrupts/libnrf_cc312_platform_0.9.22.a(kmu_shared.c.obj)
                0x00005a30                kmu_validate_slot_and_size_no_kdr
 .text.kmu_load_key_aes
                0x00005a5c      0x200 /home/goodbyte/ncs/v3.4.0/nrfxlib/crypto/nrf_cc312_platform/lib/cortex-m33/soft-float/no-interrupts/libnrf_cc312_platform_0.9.22.a(kmu_shared.c.obj)
                0x00005a5c                kmu_load_key_aes
 .text.__l_vfprintf
                0x00005c5c      0x484 /home/goodbyte/ncs/toolchains/fbf7391cab/opt/zephyr-sdk/gnu/arm-zephyr-eabi/bin/../lib/gcc/arm-zephyr-eabi/14.3.0/../../../../arm-zephyr-eabi/lib/thumb/v8-m.main/nofp/space/libc.a(libc_tinystdio_vflprintf.c.o)
                0x00005c5c                __l_vfprintf
 .text._OffsetAbsSyms
                0x000060e0        0x2 zephyr/CMakeFiles/offsets.dir/./arch/arm/core/offsets/offsets.c.obj
                0x000060e0                _OffsetAbsSyms
 .text.k_msleep.isra.0
                0x000060e2       0x20 app/libapp.a(main.c.obj)
 .text.chunk_field
                0x00006102       0x16 zephyr/libzephyr.a(heap.c.obj)
 .text.chunk_set
                0x00006118       0x16 zephyr/libzephyr.a(heap.c.obj)
 .text.chunk_size
                0x0000612e        0xc zephyr/libzephyr.a(heap.c.obj)
 .text.set_chunk_used
                0x0000613a       0x30 zephyr/libzephyr.a(heap.c.obj)
 .text.set_chunk_size
                0x0000616a        0x8 zephyr/libzephyr.a(heap.c.obj)
 .text.undersized_chunk
                0x00006172       0x1c zephyr/libzephyr.a(heap.c.obj)
 .text.bucket_idx
                0x0000618e       0x14 zephyr/libzephyr.a(heap.c.obj)
 .text.free_list_add
                0x000061a2       0x82 zephyr/libzephyr.a(heap.c.obj)
 .text.sys_heap_init
                0x00006224       0xa4 zephyr/libzephyr.a(heap.c.obj)
                0x00006224                sys_heap_init
 .text.arch_printk_char_out
                0x000062c8        0x4 zephyr/libzephyr.a(printk.c.obj)
                0x000062c8                arch_printk_char_out
 .text.printk   0x000062cc       0x1a zephyr/libzephyr.a(printk.c.obj)
                0x000062cc                printk
 .text.process_recheck
                0x000062e6       0x38 zephyr/libzephyr.a(onoff.c.obj)
 .text.validate_args
                0x0000631e       0x20 zephyr/libzephyr.a(onoff.c.obj)
 .text.notify_one
                0x0000633e       0x2c zephyr/libzephyr.a(onoff.c.obj)
 .text.transition_complete
                0x0000636a       0x1a zephyr/libzephyr.a(onoff.c.obj)
 .text.onoff_manager_init
                0x00006384       0x26 zephyr/libzephyr.a(onoff.c.obj)
                0x00006384                onoff_manager_init
 .text.onoff_request
                0x000063aa       0x96 zephyr/libzephyr.a(onoff.c.obj)
                0x000063aa                onoff_request
 .text.sys_notify_validate
                0x00006440       0x22 zephyr/libzephyr.a(notify.c.obj)
                0x00006440                sys_notify_validate
 .text.sys_notify_finalize
                0x00006462       0x1a zephyr/libzephyr.a(notify.c.obj)
                0x00006462                sys_notify_finalize
 .text._ConfigAbsSyms
                0x0000647c        0x2 zephyr/libzephyr.a(configs.c.obj)
                0x0000647c                _ConfigAbsSyms
 .text.abort_function
                0x0000647e        0x2 zephyr/libzephyr.a(nrf_cc3xx_platform_abort_zephyr.c.obj)
 .text.arch_early_memset
                0x00006480        0x4 zephyr/arch/common/libarch__common.a(init.c.obj)
                0x00006480                arch_early_memset
 .text.arch_early_memcpy
                0x00006484        0x4 zephyr/arch/common/libarch__common.a(init.c.obj)
                0x00006484                arch_early_memcpy
 .text.z_do_kernel_oops
                0x00006488        0x8 zephyr/arch/arch/arm/core/libarch__arm__core.a(fatal.c.obj)
                0x00006488                z_do_kernel_oops
 .text.z_arm_nmi
                0x00006490        0xe zephyr/arch/arch/arm/core/libarch__arm__core.a(nmi.c.obj)
                0x00006490                z_arm_nmi
 .text.z_irq_spurious
                0x0000649e        0x8 zephyr/arch/arch/arm/core/cortex_m/libarch__arm__core__cortex_m.a(irq_manage.c.obj)
                0x0000649e                z_irq_spurious
 .text.configure_builtin_stack_guard
                0x000064a6        0xa zephyr/arch/arch/arm/core/cortex_m/libarch__arm__core__cortex_m.a(thread.c.obj)
                0x000064a6                configure_builtin_stack_guard
 .text.arch_coprocessors_disable
                0x000064b0        0x6 zephyr/arch/arch/arm/core/cortex_m/libarch__arm__core__cortex_m.a(thread.c.obj)
                0x000064b0                arch_coprocessors_disable
 .text.arch_irq_unlock_outlined
                0x000064b6        0xe zephyr/arch/arch/arm/core/cortex_m/libarch__arm__core__cortex_m.a(thread.c.obj)
                0x000064b6                arch_irq_unlock_outlined
 .text.arch_cpu_idle
                0x000064c4       0x32 zephyr/arch/arch/arm/core/cortex_m/libarch__arm__core__cortex_m.a(cpu_idle.c.obj)
                0x000064c4                arch_cpu_idle
 .text.arch_cpu_atomic_idle
                0x000064f6       0x38 zephyr/arch/arch/arm/core/cortex_m/libarch__arm__core__cortex_m.a(cpu_idle.c.obj)
                0x000064f6                arch_cpu_atomic_idle
 .text.arm_cmse_mpu_region_get
                0x0000652e       0x12 zephyr/arch/arch/arm/core/cortex_m/cmse/libarch__arm__core__cortex_m__cmse.a(arm_core_cmse.c.obj)
                0x0000652e                arm_cmse_mpu_region_get
 .text.mpu_configure_region
                0x00006540       0x32 zephyr/arch/arch/arm/core/mpu/libarch__arm__core__mpu.a(arm_mpu.c.obj)
 .text.picolibc_put
                0x00006572        0xa zephyr/lib/libc/picolibc/liblib__libc__picolibc.a(stdio.c.obj)
 .text.z_arm_on_enter_cpu_idle
                0x0000657c        0x4 zephyr/soc/soc/nrf5340/libsoc__nordic.a(soc.c.obj)
                0x0000657c                z_arm_on_enter_cpu_idle
 .text.onoff_stop
                0x00006580       0x22 zephyr/soc/soc/nrf5340/libsoc__nordic.a(nrf53_cpunet_mgmt.c.obj)
 .text.onoff_start
                0x000065a2       0x62 zephyr/soc/soc/nrf5340/libsoc__nordic.a(nrf53_cpunet_mgmt.c.obj)
 .text.z_impl_sys_rand_get
                0x00006604        0x6 zephyr/subsys/random/libsubsys__random.a(random_entropy_device.c.obj)
                0x00006604                z_impl_sys_rand_get
 .text.get_status
                0x0000660a       0x12 zephyr/drivers/clock_control/libdrivers__clock_control.a(clock_control_nrf.c.obj)
 .text.stop     0x0000661c       0x50 zephyr/drivers/clock_control/libdrivers__clock_control.a(clock_control_nrf.c.obj)
 .text.api_stop
                0x0000666c        0x6 zephyr/drivers/clock_control/libdrivers__clock_control.a(clock_control_nrf.c.obj)
 .text.async_start
                0x00006672       0x60 zephyr/drivers/clock_control/libdrivers__clock_control.a(clock_control_nrf.c.obj)
 .text.api_start
                0x000066d2        0xe zephyr/drivers/clock_control/libdrivers__clock_control.a(clock_control_nrf.c.obj)
 .text.onoff_started_callback
                0x000066e0       0x12 zephyr/drivers/clock_control/libdrivers__clock_control.a(clock_control_nrf.c.obj)
 .text.hfclkaudio_start
                0x000066f2        0x6 zephyr/drivers/clock_control/libdrivers__clock_control.a(clock_control_nrf.c.obj)
 .text.hfclk192m_start
                0x000066f8        0x6 zephyr/drivers/clock_control/libdrivers__clock_control.a(clock_control_nrf.c.obj)
 .text.hfclkaudio_stop
                0x000066fe        0x6 zephyr/drivers/clock_control/libdrivers__clock_control.a(clock_control_nrf.c.obj)
 .text.hfclk192m_stop
                0x00006704        0x6 zephyr/drivers/clock_control/libdrivers__clock_control.a(clock_control_nrf.c.obj)
 .text.blocking_start_callback
                0x0000670a        0x6 zephyr/drivers/clock_control/libdrivers__clock_control.a(clock_control_nrf.c.obj)
 .text.lfclk_stop
                0x00006710        0x4 zephyr/drivers/clock_control/libdrivers__clock_control.a(clock_control_nrf.c.obj)
 .text.lfclk_start
                0x00006714        0x4 zephyr/drivers/clock_control/libdrivers__clock_control.a(clock_control_nrf.c.obj)
 .text.entropy_cc3xx_rng_init
                0x00006718       0x16 zephyr/drivers/entropy/libdrivers__entropy.a(entropy_cc3xx.c.obj)
 .text.entropy_cc3xx_rng_get_entropy
                0x0000672e       0x44 zephyr/drivers/entropy/libdrivers__entropy.a(entropy_cc3xx.c.obj)
 .text.gpio_nrfx_port_get_raw
                0x00006772        0xc zephyr/drivers/gpio/libdrivers__gpio.a(gpio_nrfx.c.obj)
 .text.gpio_nrfx_port_set_masked_raw
                0x0000677e       0x14 zephyr/drivers/gpio/libdrivers__gpio.a(gpio_nrfx.c.obj)
 .text.gpio_nrfx_port_set_bits_raw
                0x00006792        0xa zephyr/drivers/gpio/libdrivers__gpio.a(gpio_nrfx.c.obj)
 .text.gpio_nrfx_port_clear_bits_raw
                0x0000679c        0xa zephyr/drivers/gpio/libdrivers__gpio.a(gpio_nrfx.c.obj)
 .text.gpio_nrfx_port_toggle_bits
                0x000067a6       0x14 zephyr/drivers/gpio/libdrivers__gpio.a(gpio_nrfx.c.obj)
 .text.gpio_nrfx_manage_callback
                0x000067ba       0x54 zephyr/drivers/gpio/libdrivers__gpio.a(gpio_nrfx.c.obj)
 .text.gpio_nrfx_gpiote_irq_handler
                0x0000680e        0x4 zephyr/drivers/gpio/libdrivers__gpio.a(gpio_nrfx.c.obj)
                0x0000680e                gpio_nrfx_gpiote_irq_handler
 .text.pinctrl_lookup_state
                0x00006812       0x24 zephyr/drivers/pinctrl/libdrivers__pinctrl.a(common.c.obj)
                0x00006812                pinctrl_lookup_state
 .text.uarte_nrfx_err_check
                0x00006836        0xe zephyr/drivers/serial/libdrivers__serial.a(uart_nrfx_uarte.c.obj)
 .text.uarte_nrfx_poll_in
                0x00006844       0x26 zephyr/drivers/serial/libdrivers__serial.a(uart_nrfx_uarte.c.obj)
 .text.is_tx_ready.isra.0
                0x0000686a       0x20 zephyr/drivers/serial/libdrivers__serial.a(uart_nrfx_uarte.c.obj)
 .text.uarte_nrfx_isr_int
                0x0000688a       0x42 zephyr/drivers/serial/libdrivers__serial.a(uart_nrfx_uarte.c.obj)
 .text.pinctrl_apply_state.isra.0
                0x000068cc       0x1e zephyr/drivers/serial/libdrivers__serial.a(uart_nrfx_uarte.c.obj)
 .text.uarte_0_init
                0x000068ea       0xde zephyr/drivers/serial/libdrivers__serial.a(uart_nrfx_uarte.c.obj)
 .text.event_clear
                0x000069c8       0x18 zephyr/drivers/timer/libdrivers__timer.a(nrf_rtc_timer.c.obj)
 .text.sys_clock_cycle_get_32
                0x000069e0        0x8 zephyr/drivers/timer/libdrivers__timer.a(nrf_rtc_timer.c.obj)
                0x000069e0                sys_clock_cycle_get_32
 .text.hw_cc3xx_init_internal
                0x000069e8        0x4 modules/nrf/drivers/hw_cc3xx/lib..__nrf__drivers__hw_cc3xx.a(hw_cc3xx.c.obj)
 .text.hw_cc3xx_init
                0x000069ec       0x12 modules/nrf/drivers/hw_cc3xx/lib..__nrf__drivers__hw_cc3xx.a(hw_cc3xx.c.obj)
 .text.nrf53_errata_42
                0x000069fe       0x1a modules/hal_nordic/modules/hal_nordic/nrfx/libnrfx.a(system_nrf5340_application.c.obj)
 .text.nrfx_isr
                0x00006a18        0x6 modules/hal_nordic/modules/hal_nordic/nrfx/libnrfx.a(nrfx_glue.c.obj)
                0x00006a18                nrfx_isr
 .text.nrfx_busy_wait
                0x00006a1e        0x4 modules/hal_nordic/modules/hal_nordic/nrfx/libnrfx.a(nrfx_glue.c.obj)
                0x00006a1e                nrfx_busy_wait
 .text.nrfx_flag32_alloc
                0x00006a22       0x34 modules/hal_nordic/modules/hal_nordic/nrfx/libnrfx.a(nrfx_flag32_allocator.c.obj)
                0x00006a22                nrfx_flag32_alloc
 .text.nrfx_flag32_free
                0x00006a56       0x32 modules/hal_nordic/modules/hal_nordic/nrfx/libnrfx.a(nrfx_flag32_allocator.c.obj)
                0x00006a56                nrfx_flag32_free
 .text.nrfx_gppi_conn_alloc
                0x00006a88       0x3e modules/hal_nordic/modules/hal_nordic/nrfx/libnrfx.a(nrfx_gppi_dppi.c.obj)
                0x00006a88                nrfx_gppi_conn_alloc
 .text.nrfx_clock_start
                0x00006ac6       0x1e modules/hal_nordic/modules/hal_nordic/nrfx/libnrfx.a(nrfx_clock.c.obj)
                0x00006ac6                nrfx_clock_start
 .text.nrfx_clock_stop
                0x00006ae4       0x1e modules/hal_nordic/modules/hal_nordic/nrfx/libnrfx.a(nrfx_clock.c.obj)
                0x00006ae4                nrfx_clock_stop
 .text.nrfx_power_clock_irq_handler
                0x00006b02       0x16 modules/hal_nordic/modules/hal_nordic/nrfx/libnrfx.a(nrfx_clock.c.obj)
                0x00006b02                nrfx_power_clock_irq_handler
 .text.clock_stop
                0x00006b18       0x38 modules/hal_nordic/modules/hal_nordic/nrfx/libnrfx.a(nrfx_clock_hfclk.c.obj)
 .text.nrfx_clock_hfclk_stop
                0x00006b50        0x4 modules/hal_nordic/modules/hal_nordic/nrfx/libnrfx.a(nrfx_clock_hfclk.c.obj)
                0x00006b50                nrfx_clock_hfclk_stop
 .text.clock_stop
                0x00006b54       0x34 modules/hal_nordic/modules/hal_nordic/nrfx/libnrfx.a(nrfx_clock_hfclkaudio.c.obj)
 .text.nrfx_clock_hfclkaudio_stop
                0x00006b88        0x4 modules/hal_nordic/modules/hal_nordic/nrfx/libnrfx.a(nrfx_clock_hfclkaudio.c.obj)
                0x00006b88                nrfx_clock_hfclkaudio_stop
 .text.clock_stop
                0x00006b8c       0x34 modules/hal_nordic/modules/hal_nordic/nrfx/libnrfx.a(nrfx_clock_hfclk192m.c.obj)
 .text.nrfx_clock_hfclk192m_stop
                0x00006bc0        0x4 modules/hal_nordic/modules/hal_nordic/nrfx/libnrfx.a(nrfx_clock_hfclk192m.c.obj)
                0x00006bc0                nrfx_clock_hfclk192m_stop
 .text.clock_stop
                0x00006bc4       0x32 modules/hal_nordic/modules/hal_nordic/nrfx/libnrfx.a(nrfx_clock_lfclk.c.obj)
 .text.nrfx_clock_lfclk_stop
                0x00006bf6        0x4 modules/hal_nordic/modules/hal_nordic/nrfx/libnrfx.a(nrfx_clock_lfclk.c.obj)
                0x00006bf6                nrfx_clock_lfclk_stop
 .text.nrf_gpio_reconfigure
                0x00006bfa       0x92 modules/hal_nordic/modules/hal_nordic/nrfx/libnrfx.a(nrfx_gpiote.c.obj)
 .text.nrf_gpio_cfg_sense_set
                0x00006c8c       0x1e modules/hal_nordic/modules/hal_nordic/nrfx/libnrfx.a(nrfx_gpiote.c.obj)
 .text.pin_in_use_by_te
                0x00006caa       0x16 modules/hal_nordic/modules/hal_nordic/nrfx/libnrfx.a(nrfx_gpiote.c.obj)
 .text.pin_is_output
                0x00006cc0       0x16 modules/hal_nordic/modules/hal_nordic/nrfx/libnrfx.a(nrfx_gpiote.c.obj)
 .text.pin_te_get
                0x00006cd6       0x14 modules/hal_nordic/modules/hal_nordic/nrfx/libnrfx.a(nrfx_gpiote.c.obj)
 .text.call_handler
                0x00006cea       0x3e modules/hal_nordic/modules/hal_nordic/nrfx/libnrfx.a(nrfx_gpiote.c.obj)
 .text.release_handler
                0x00006d28       0x52 modules/hal_nordic/modules/hal_nordic/nrfx/libnrfx.a(nrfx_gpiote.c.obj)
 .text.__nrfy_internal_gpiote_events_process
                0x00006d7a       0x4e modules/hal_nordic/modules/hal_nordic/nrfx/libnrfx.a(nrfx_gpiote.c.obj)
 .text.pin_trigger_disable
                0x00006dc8       0x44 modules/hal_nordic/modules/hal_nordic/nrfx/libnrfx.a(nrfx_gpiote.c.obj)
 .text.nrfx_gpiote_input_configure
                0x00006e0c      0x166 modules/hal_nordic/modules/hal_nordic/nrfx/libnrfx.a(nrfx_gpiote.c.obj)
                0x00006e0c                nrfx_gpiote_input_configure
 .text.nrfx_gpiote_output_configure
                0x00006f72       0xea modules/hal_nordic/modules/hal_nordic/nrfx/libnrfx.a(nrfx_gpiote.c.obj)
                0x00006f72                nrfx_gpiote_output_configure
 .text.nrfx_gpiote_global_callback_set
                0x0000705c        0x6 modules/hal_nordic/modules/hal_nordic/nrfx/libnrfx.a(nrfx_gpiote.c.obj)
                0x0000705c                nrfx_gpiote_global_callback_set
 .text.nrfx_gpiote_channel_get
                0x00007062       0x26 modules/hal_nordic/modules/hal_nordic/nrfx/libnrfx.a(nrfx_gpiote.c.obj)
                0x00007062                nrfx_gpiote_channel_get
 .text.nrfx_gpiote_init_check
                0x00007088        0xc modules/hal_nordic/modules/hal_nordic/nrfx/libnrfx.a(nrfx_gpiote.c.obj)
                0x00007088                nrfx_gpiote_init_check
 .text.nrfx_gpiote_pin_uninit
                0x00007094        0x4 modules/hal_nordic/modules/hal_nordic/nrfx/libnrfx.a(nrfx_gpiote.c.obj)
                0x00007094                nrfx_gpiote_pin_uninit
 .text.nrfx_gpiote_trigger_enable
                0x00007098       0xa0 modules/hal_nordic/modules/hal_nordic/nrfx/libnrfx.a(nrfx_gpiote.c.obj)
                0x00007098                nrfx_gpiote_trigger_enable
 .text.nrfx_gpiote_trigger_disable
                0x00007138        0x4 modules/hal_nordic/modules/hal_nordic/nrfx/libnrfx.a(nrfx_gpiote.c.obj)
                0x00007138                nrfx_gpiote_trigger_disable
 .text.z_impl_k_busy_wait
                0x0000713c        0x8 zephyr/kernel/libkernel.a(busy_wait.c.obj)
                0x0000713c                z_impl_k_busy_wait
 .text.do_device_init
                0x00007144       0x30 zephyr/kernel/libkernel.a(device.c.obj)
                0x00007144                do_device_init
 .text.z_impl_device_is_ready
                0x00007174       0x16 zephyr/kernel/libkernel.a(device.c.obj)
                0x00007174                z_impl_device_is_ready
 .text.arch_system_halt
                0x0000718a       0x10 zephyr/kernel/libkernel.a(fatal.c.obj)
                0x0000718a                arch_system_halt
 .text.k_sys_fatal_error_handler
                0x0000719a        0x6 zephyr/kernel/libkernel.a(fatal.c.obj)
                0x0000719a                k_sys_fatal_error_handler
 .text.create_free_list
                0x000071a0       0x44 zephyr/kernel/libkernel.a(mem_slab.c.obj)
 .text.k_mem_slab_init
                0x000071e4       0x1a zephyr/kernel/libkernel.a(mem_slab.c.obj)
                0x000071e4                k_mem_slab_init
 .text.k_mem_slab_free
                0x000071fe       0x70 zephyr/kernel/libkernel.a(mem_slab.c.obj)
                0x000071fe                k_mem_slab_free
 .text.idle     0x0000726e       0x16 zephyr/kernel/libkernel.a(idle.c.obj)
                0x0000726e                idle
 .text.adjust_owner_prio.isra.0
                0x00007284       0x10 zephyr/kernel/libkernel.a(mutex.c.obj)
 .text.z_impl_k_mutex_init
                0x00007294        0xe zephyr/kernel/libkernel.a(mutex.c.obj)
                0x00007294                z_impl_k_mutex_init
 .text.k_is_in_isr
                0x000072a2        0xc zephyr/kernel/libkernel.a(thread.c.obj)
                0x000072a2                k_is_in_isr
 .text.sys_dlist_remove
                0x000072ae       0x10 zephyr/kernel/libkernel.a(sched.c.obj)
 .text.unpend_thread_no_timeout
                0x000072be       0x14 zephyr/kernel/libkernel.a(sched.c.obj)
 .text.add_to_waitq_locked
                0x000072d2       0x4c zephyr/kernel/libkernel.a(sched.c.obj)
 .text.z_ready_thread
                0x0000731e       0x1e zephyr/kernel/libkernel.a(sched.c.obj)
                0x0000731e                z_ready_thread
 .text.z_sched_wake_thread_locked
                0x0000733c       0x28 zephyr/kernel/libkernel.a(sched.c.obj)
                0x0000733c                z_sched_wake_thread_locked
 .text.z_thread_timeout
                0x00007364       0x20 zephyr/kernel/libkernel.a(sched.c.obj)
                0x00007364                z_thread_timeout
 .text.z_reschedule
                0x00007384        0x6 zephyr/kernel/libkernel.a(sched.c.obj)
                0x00007384                z_reschedule
 .text.z_impl_k_sleep
                0x0000738a       0x32 zephyr/kernel/libkernel.a(sched.c.obj)
                0x0000738a                z_impl_k_sleep
 .text.z_impl_k_wakeup
                0x000073bc       0x40 zephyr/kernel/libkernel.a(sched.c.obj)
                0x000073bc                z_impl_k_wakeup
 .text.next_timeout
                0x000073fc       0x2e zephyr/kernel/libkernel.a(timeout.c.obj)
 .text.z_abort_timeout
                0x0000742a       0x6a zephyr/kernel/libkernel.a(timeout.c.obj)
                0x0000742a                z_abort_timeout
 .text.sys_clock_tick_get_32
                0x00007494        0x8 zephyr/kernel/libkernel.a(timeout.c.obj)
                0x00007494                sys_clock_tick_get_32
 .text.main     0x0000749c        0x6 zephyr/kernel/libkernel.a(main_weak.c.obj)
                0x0000749c                main
 .text.boot_banner
                0x000074a2        0x2 zephyr/kernel/libkernel.a(banner.c.obj)
                0x000074a2                boot_banner
 .text.memcpy   0x000074a4       0x1a /home/goodbyte/ncs/toolchains/fbf7391cab/opt/zephyr-sdk/gnu/arm-zephyr-eabi/bin/../lib/gcc/arm-zephyr-eabi/14.3.0/../../../../arm-zephyr-eabi/lib/thumb/v8-m.main/nofp/space/libc.a(memcpy.c.o)
                0x000074a4                memcpy
                0x000074a4                __aeabi_memcpy
                0x000074a4                __aeabi_memcpy4
                0x000074a4                __aeabi_memcpy8
 .text.memmove  0x000074be       0x32 /home/goodbyte/ncs/toolchains/fbf7391cab/opt/zephyr-sdk/gnu/arm-zephyr-eabi/bin/../lib/gcc/arm-zephyr-eabi/14.3.0/../../../../arm-zephyr-eabi/lib/thumb/v8-m.main/nofp/space/libc.a(memmove.c.o)
                0x000074be                memmove
                0x000074be                __aeabi_memmove8
                0x000074be                __aeabi_memmove
                0x000074be                __aeabi_memmove4
 .text.memset   0x000074f0       0x10 /home/goodbyte/ncs/toolchains/fbf7391cab/opt/zephyr-sdk/gnu/arm-zephyr-eabi/bin/../lib/gcc/arm-zephyr-eabi/14.3.0/../../../../arm-zephyr-eabi/lib/thumb/v8-m.main/nofp/space/libc.a(memset.c.o)
                0x000074f0                memset
 .text.strncpy  0x00007500       0x26 /home/goodbyte/ncs/toolchains/fbf7391cab/opt/zephyr-sdk/gnu/arm-zephyr-eabi/bin/../lib/gcc/arm-zephyr-eabi/14.3.0/../../../../arm-zephyr-eabi/lib/thumb/v8-m.main/nofp/space/libc.a(libc_string_strncpy.c.o)
                0x00007500                strncpy
 .text.strnlen  0x00007526       0x18 /home/goodbyte/ncs/toolchains/fbf7391cab/opt/zephyr-sdk/gnu/arm-zephyr-eabi/bin/../lib/gcc/arm-zephyr-eabi/14.3.0/../../../../arm-zephyr-eabi/lib/thumb/v8-m.main/nofp/space/libc.a(libc_string_strnlen.c.o)
                0x00007526                strnlen
 .text.__ultoa_invert
                0x0000753e       0xac /home/goodbyte/ncs/toolchains/fbf7391cab/opt/zephyr-sdk/gnu/arm-zephyr-eabi/bin/../lib/gcc/arm-zephyr-eabi/14.3.0/../../../../arm-zephyr-eabi/lib/thumb/v8-m.main/nofp/space/libc.a(libc_tinystdio_vflprintf.c.o)
 *(SORT_BY_ALIGNMENT(.gnu.linkonce.t.*))
 *(SORT_BY_ALIGNMENT(.glue_7t))
 .glue_7t       0x000075ea        0x0 linker stubs
 *(SORT_BY_ALIGNMENT(.glue_7))
 .glue_7        0x000075ea        0x0 linker stubs
 *(SORT_BY_ALIGNMENT(.vfp11_veneer))
 .vfp11_veneer  0x000075ea        0x0 linker stubs
 *(SORT_BY_ALIGNMENT(.v4_bx))
 .v4_bx         0x000075ea        0x0 linker stubs
                0x000075ec                        . = ALIGN (0x4)
 *fill*         0x000075ea        0x2 
                0x000075ec                        __text_region_end = .

.ARM.exidx      0x000075ec        0x8
                0x000075ec                        __exidx_start = .
 *(SORT_BY_ALIGNMENT(.ARM.exidx*) SORT_BY_ALIGNMENT(gnu.linkonce.armexidx.*))
 .ARM.exidx     0x000075ec        0x8 /home/goodbyte/ncs/toolchains/fbf7391cab/opt/zephyr-sdk/gnu/arm-zephyr-eabi/bin/../lib/gcc/arm-zephyr-eabi/14.3.0/thumb/v8-m.main/nofp/space/libgcc.a(_udivmoddi4.o)
                0x000075f4                        __exidx_end = .
                0x000075f4                        __rodata_region_start = .

initlevel       0x000075f4       0x68
                0x000075f4                        __init_start = .
                0x000075f4                        __init_EARLY_start = .
 *(SORT_BY_NAME(SORT_BY_ALIGNMENT(.z_init_EARLY_P_?_*)))
 .z_init_EARLY_P_0_SUB_0_
                0x000075f4        0x8 zephyr/soc/soc/nrf5340/libsoc__nordic.a(gppi_init.c.obj)
 *(SORT_BY_NAME(SORT_BY_ALIGNMENT(.z_init_EARLY_P_??_*)))
 *(SORT_BY_NAME(SORT_BY_ALIGNMENT(.z_init_EARLY_P_???_*)))
                0x000075fc                        __init_PRE_KERNEL_1_start = .
 *(SORT_BY_NAME(SORT_BY_ALIGNMENT(.z_init_PRE_KERNEL_1_P_?_*)))
 *(SORT_BY_NAME(SORT_BY_ALIGNMENT(.z_init_PRE_KERNEL_1_P_??_*)))
 .z_init_PRE_KERNEL_1_P_30_SUB_00090_
                0x000075fc        0x8 zephyr/drivers/clock_control/libdrivers__clock_control.a(clock_control_nrf.c.obj)
 .z_init_PRE_KERNEL_1_P_30_SUB_0_
                0x00007604        0x8 zephyr/kernel/libkernel.a(mem_slab.c.obj)
 .z_init_PRE_KERNEL_1_P_40_SUB_00012_
                0x0000760c        0x8 zephyr/drivers/gpio/libdrivers__gpio.a(gpio_nrfx.c.obj)
 .z_init_PRE_KERNEL_1_P_40_SUB_00036_
                0x00007614        0x8 zephyr/drivers/gpio/libdrivers__gpio.a(gpio_nrfx.c.obj)
 .z_init_PRE_KERNEL_1_P_40_SUB_0_
                0x0000761c        0x8 modules/nrf/drivers/hw_cc3xx/lib..__nrf__drivers__hw_cc3xx.a(hw_cc3xx.c.obj)
 .z_init_PRE_KERNEL_1_P_50_SUB_00071_
                0x00007624        0x8 zephyr/drivers/entropy/libdrivers__entropy.a(entropy_cc3xx.c.obj)
 .z_init_PRE_KERNEL_1_P_50_SUB_00128_
                0x0000762c        0x8 zephyr/drivers/serial/libdrivers__serial.a(uart_nrfx_uarte.c.obj)
 .z_init_PRE_KERNEL_1_P_60_SUB_0_
                0x00007634        0x8 zephyr/drivers/console/libdrivers__console.a(uart_console.c.obj)
 *(SORT_BY_NAME(SORT_BY_ALIGNMENT(.z_init_PRE_KERNEL_1_P_???_*)))
                0x0000763c                        __init_PRE_KERNEL_2_start = .
 *(SORT_BY_NAME(SORT_BY_ALIGNMENT(.z_init_PRE_KERNEL_2_P_?_*)))
 .z_init_PRE_KERNEL_2_P_0_SUB_0_
                0x0000763c        0x8 zephyr/drivers/timer/libdrivers__timer.a(nrf_rtc_timer.c.obj)
 *(SORT_BY_NAME(SORT_BY_ALIGNMENT(.z_init_PRE_KERNEL_2_P_??_*)))
 *(SORT_BY_NAME(SORT_BY_ALIGNMENT(.z_init_PRE_KERNEL_2_P_???_*)))
                0x00007644                        __init_POST_KERNEL_start = .
 *(SORT_BY_NAME(SORT_BY_ALIGNMENT(.z_init_POST_KERNEL_P_?_*)))
 *(SORT_BY_NAME(SORT_BY_ALIGNMENT(.z_init_POST_KERNEL_P_??_*)))
 .z_init_POST_KERNEL_P_35_SUB_0_
                0x00007644        0x8 zephyr/lib/libc/common/liblib__libc__common.a(malloc.c.obj)
 .z_init_POST_KERNEL_P_40_SUB_0_
                0x0000764c        0x8 modules/nrf/drivers/hw_cc3xx/lib..__nrf__drivers__hw_cc3xx.a(hw_cc3xx.c.obj)
 *(SORT_BY_NAME(SORT_BY_ALIGNMENT(.z_init_POST_KERNEL_P_???_*)))
                0x00007654                        __init_APPLICATION_start = .
 *(SORT_BY_NAME(SORT_BY_ALIGNMENT(.z_init_APPLICATION_P_?_*)))
 .z_init_APPLICATION_P_0_SUB_0_
                0x00007654        0x8 zephyr/libzephyr.a(banner.c.obj)
 *(SORT_BY_NAME(SORT_BY_ALIGNMENT(.z_init_APPLICATION_P_??_*)))
 *(SORT_BY_NAME(SORT_BY_ALIGNMENT(.z_init_APPLICATION_P_???_*)))
                0x0000765c                        __init_SMP_start = .
 *(SORT_BY_NAME(SORT_BY_ALIGNMENT(.z_init_SMP_P_?_*)))
 *(SORT_BY_NAME(SORT_BY_ALIGNMENT(.z_init_SMP_P_??_*)))
 *(SORT_BY_NAME(SORT_BY_ALIGNMENT(.z_init_SMP_P_???_*)))
                0x0000765c                        __init_end = .

device_area     0x0000765c       0x8c
                0x0000765c                        _device_list_start = .
 *(SORT_BY_NAME(SORT_BY_ALIGNMENT(._device.static.*_?_*)))
 *(SORT_BY_NAME(SORT_BY_ALIGNMENT(._device.static.*_??_*)))
 ._device.static.1_30_
                0x0000765c       0x1c zephyr/drivers/clock_control/libdrivers__clock_control.a(clock_control_nrf.c.obj)
                0x0000765c                __device_dts_ord_90
 ._device.static.1_40_
                0x00007678       0x38 zephyr/drivers/gpio/libdrivers__gpio.a(gpio_nrfx.c.obj)
                0x00007678                __device_dts_ord_36
                0x00007694                __device_dts_ord_12
 ._device.static.1_50_
                0x000076b0       0x1c zephyr/drivers/entropy/libdrivers__entropy.a(entropy_cc3xx.c.obj)
                0x000076b0                __device_dts_ord_71
 ._device.static.1_50_
                0x000076cc       0x1c zephyr/drivers/serial/libdrivers__serial.a(uart_nrfx_uarte.c.obj)
                0x000076cc                __device_dts_ord_128
 *(SORT_BY_NAME(SORT_BY_ALIGNMENT(._device.static.*_???_*)))
 *(SORT_BY_NAME(SORT_BY_ALIGNMENT(._device.static.*_????_*)))
 *(SORT_BY_NAME(SORT_BY_ALIGNMENT(._device.static.*_?????_*)))
                0x000076e8                        _device_list_end = .

sw_isr_table    0x000076e8      0x228
                0x000076e8                        . = ALIGN (0x4)
 *(SORT_BY_ALIGNMENT(.gnu.linkonce.sw_isr_table*))
 .gnu.linkonce.sw_isr_table
                0x000076e8      0x228 zephyr/CMakeFiles/zephyr_final.dir/isr_tables.c.obj
                0x000076e8                _sw_isr_table

initlevel_error
 *(SORT_BY_NAME(SORT_BY_ALIGNMENT(.z_init_*)))
                0x00000001                        ASSERT ((SIZEOF (initlevel_error) == 0x0), Undefined initialization levels used.)

app_shmem_regions
                0x00007910        0x0
                0x00007910                        __app_shmem_regions_start = .
 *(SORT_BY_NAME(SORT_BY_ALIGNMENT(.app_regions.*)))
                0x00007910                        __app_shmem_regions_end = .

k_p4wq_initparam_area
                0x00007910        0x0
                0x00007910                        _k_p4wq_initparam_list_start = .
 *(SORT_BY_NAME(SORT_BY_ALIGNMENT(._k_p4wq_initparam.static.*)))
                0x00007910                        _k_p4wq_initparam_list_end = .

_static_thread_data_area
                0x00007910       0x60
                0x00007910                        __static_thread_data_list_start = .
 *(SORT_BY_NAME(SORT_BY_ALIGNMENT(.__static_thread_data.static.*)))
 .__static_thread_data.static._k_thread_data_consumer_id_
                0x00007910       0x30 app/libapp.a(main.c.obj)
                0x00007910                _k_thread_data_consumer_id
 .__static_thread_data.static._k_thread_data_producer_id_
                0x00007940       0x30 app/libapp.a(main.c.obj)
                0x00007940                _k_thread_data_producer_id
                0x00007970                        __static_thread_data_list_end = .

device_deps     0x00007970        0x0
                0x00007970                        __device_deps_start = .
 *(SORT_BY_NAME(SORT_BY_ALIGNMENT(.__device_deps_pass2*)))
                0x00007970                        __device_deps_end = .

entropy_driver_api_area
                0x00007970        0x0
                0x00007970                        _entropy_driver_api_list_start = .
 *(SORT_BY_NAME(SORT_BY_ALIGNMENT(._entropy_driver_api.static.*)))
                0x00007970                        _entropy_driver_api_list_end = .

gpio_driver_api_area
                0x00007970       0x24
                0x00007970                        _gpio_driver_api_list_start = .
 *(SORT_BY_NAME(SORT_BY_ALIGNMENT(._gpio_driver_api.static.*)))
 ._gpio_driver_api.static.gpio_nrfx_drv_api_funcs_
                0x00007970       0x24 zephyr/drivers/gpio/libdrivers__gpio.a(gpio_nrfx.c.obj)
                0x00007994                        _gpio_driver_api_list_end = .

shared_irq_driver_api_area
                0x00007994        0x0
                0x00007994                        _shared_irq_driver_api_list_start = .
 *(SORT_BY_NAME(SORT_BY_ALIGNMENT(._shared_irq_driver_api.static.*)))
                0x00007994                        _shared_irq_driver_api_list_end = .

crypto_driver_api_area
                0x00007994        0x0
                0x00007994                        _crypto_driver_api_list_start = .
 *(SORT_BY_NAME(SORT_BY_ALIGNMENT(._crypto_driver_api.static.*)))
                0x00007994                        _crypto_driver_api_list_end = .

adc_driver_api_area
                0x00007994        0x0
                0x00007994                        _adc_driver_api_list_start = .
 *(SORT_BY_NAME(SORT_BY_ALIGNMENT(._adc_driver_api.static.*)))
                0x00007994                        _adc_driver_api_list_end = .

auxdisplay_driver_api_area
                0x00007994        0x0
                0x00007994                        _auxdisplay_driver_api_list_start = .
 *(SORT_BY_NAME(SORT_BY_ALIGNMENT(._auxdisplay_driver_api.static.*)))
                0x00007994                        _auxdisplay_driver_api_list_end = .

bbram_driver_api_area
                0x00007994        0x0
                0x00007994                        _bbram_driver_api_list_start = .
 *(SORT_BY_NAME(SORT_BY_ALIGNMENT(._bbram_driver_api.static.*)))
                0x00007994                        _bbram_driver_api_list_end = .

biometric_driver_api_area
                0x00007994        0x0
                0x00007994                        _biometric_driver_api_list_start = .
 *(SORT_BY_NAME(SORT_BY_ALIGNMENT(._biometric_driver_api.static.*)))
                0x00007994                        _biometric_driver_api_list_end = .

bt_hci_driver_api_area
                0x00007994        0x0
                0x00007994                        _bt_hci_driver_api_list_start = .
 *(SORT_BY_NAME(SORT_BY_ALIGNMENT(._bt_hci_driver_api.static.*)))
                0x00007994                        _bt_hci_driver_api_list_end = .

can_driver_api_area
                0x00007994        0x0
                0x00007994                        _can_driver_api_list_start = .
 *(SORT_BY_NAME(SORT_BY_ALIGNMENT(._can_driver_api.static.*)))
                0x00007994                        _can_driver_api_list_end = .

cellular_driver_api_area
                0x00007994        0x0
                0x00007994                        _cellular_driver_api_list_start = .
 *(SORT_BY_NAME(SORT_BY_ALIGNMENT(._cellular_driver_api.static.*)))
                0x00007994                        _cellular_driver_api_list_end = .

charger_driver_api_area
                0x00007994        0x0
                0x00007994                        _charger_driver_api_list_start = .
 *(SORT_BY_NAME(SORT_BY_ALIGNMENT(._charger_driver_api.static.*)))
                0x00007994                        _charger_driver_api_list_end = .

clock_control_driver_api_area
                0x00007994       0x1c
                0x00007994                        _clock_control_driver_api_list_start = .
 *(SORT_BY_NAME(SORT_BY_ALIGNMENT(._clock_control_driver_api.static.*)))
 ._clock_control_driver_api.static.clock_control_api_
                0x00007994       0x1c zephyr/drivers/clock_control/libdrivers__clock_control.a(clock_control_nrf.c.obj)
                0x000079b0                        _clock_control_driver_api_list_end = .

comparator_driver_api_area
                0x000079b0        0x0
                0x000079b0                        _comparator_driver_api_list_start = .
 *(SORT_BY_NAME(SORT_BY_ALIGNMENT(._comparator_driver_api.static.*)))
                0x000079b0                        _comparator_driver_api_list_end = .

coredump_driver_api_area
                0x000079b0        0x0
                0x000079b0                        _coredump_driver_api_list_start = .
 *(SORT_BY_NAME(SORT_BY_ALIGNMENT(._coredump_driver_api.static.*)))
                0x000079b0                        _coredump_driver_api_list_end = .

counter_driver_api_area
                0x000079b0        0x0
                0x000079b0                        _counter_driver_api_list_start = .
 *(SORT_BY_NAME(SORT_BY_ALIGNMENT(._counter_driver_api.static.*)))
                0x000079b0                        _counter_driver_api_list_end = .

crc_driver_api_area
                0x000079b0        0x0
                0x000079b0                        _crc_driver_api_list_start = .
 *(SORT_BY_NAME(SORT_BY_ALIGNMENT(._crc_driver_api.static.*)))
                0x000079b0                        _crc_driver_api_list_end = .

dac_driver_api_area
                0x000079b0        0x0
                0x000079b0                        _dac_driver_api_list_start = .
 *(SORT_BY_NAME(SORT_BY_ALIGNMENT(._dac_driver_api.static.*)))
                0x000079b0                        _dac_driver_api_list_end = .

dai_driver_api_area
                0x000079b0        0x0
                0x000079b0                        _dai_driver_api_list_start = .
 *(SORT_BY_NAME(SORT_BY_ALIGNMENT(._dai_driver_api.static.*)))
                0x000079b0                        _dai_driver_api_list_end = .

display_driver_api_area
                0x000079b0        0x0
                0x000079b0                        _display_driver_api_list_start = .
 *(SORT_BY_NAME(SORT_BY_ALIGNMENT(._display_driver_api.static.*)))
                0x000079b0                        _display_driver_api_list_end = .

dma_driver_api_area
                0x000079b0        0x0
                0x000079b0                        _dma_driver_api_list_start = .
 *(SORT_BY_NAME(SORT_BY_ALIGNMENT(._dma_driver_api.static.*)))
                0x000079b0                        _dma_driver_api_list_end = .

edac_driver_api_area
                0x000079b0        0x0
                0x000079b0                        _edac_driver_api_list_start = .
 *(SORT_BY_NAME(SORT_BY_ALIGNMENT(._edac_driver_api.static.*)))
                0x000079b0                        _edac_driver_api_list_end = .

eeprom_driver_api_area
                0x000079b0        0x0
                0x000079b0                        _eeprom_driver_api_list_start = .
 *(SORT_BY_NAME(SORT_BY_ALIGNMENT(._eeprom_driver_api.static.*)))
                0x000079b0                        _eeprom_driver_api_list_end = .

emul_bbram_driver_api_area
                0x000079b0        0x0
                0x000079b0                        _emul_bbram_driver_api_list_start = .
 *(SORT_BY_NAME(SORT_BY_ALIGNMENT(._emul_bbram_driver_api.static.*)))
                0x000079b0                        _emul_bbram_driver_api_list_end = .

fuel_gauge_emul_driver_api_area
                0x000079b0        0x0
                0x000079b0                        _fuel_gauge_emul_driver_api_list_start = .
 *(SORT_BY_NAME(SORT_BY_ALIGNMENT(._fuel_gauge_emul_driver_api.static.*)))
                0x000079b0                        _fuel_gauge_emul_driver_api_list_end = .

emul_sensor_driver_api_area
                0x000079b0        0x0
                0x000079b0                        _emul_sensor_driver_api_list_start = .
 *(SORT_BY_NAME(SORT_BY_ALIGNMENT(._emul_sensor_driver_api.static.*)))
                0x000079b0                        _emul_sensor_driver_api_list_end = .

espi_driver_api_area
                0x000079b0        0x0
                0x000079b0                        _espi_driver_api_list_start = .
 *(SORT_BY_NAME(SORT_BY_ALIGNMENT(._espi_driver_api.static.*)))
                0x000079b0                        _espi_driver_api_list_end = .

espi_saf_driver_api_area
                0x000079b0        0x0
                0x000079b0                        _espi_saf_driver_api_list_start = .
 *(SORT_BY_NAME(SORT_BY_ALIGNMENT(._espi_saf_driver_api.static.*)))
                0x000079b0                        _espi_saf_driver_api_list_end = .

flash_driver_api_area
                0x000079b0        0x0
                0x000079b0                        _flash_driver_api_list_start = .
 *(SORT_BY_NAME(SORT_BY_ALIGNMENT(._flash_driver_api.static.*)))
                0x000079b0                        _flash_driver_api_list_end = .

fpga_driver_api_area
                0x000079b0        0x0
                0x000079b0                        _fpga_driver_api_list_start = .
 *(SORT_BY_NAME(SORT_BY_ALIGNMENT(._fpga_driver_api.static.*)))
                0x000079b0                        _fpga_driver_api_list_end = .

fuel_gauge_driver_api_area
                0x000079b0        0x0
                0x000079b0                        _fuel_gauge_driver_api_list_start = .
 *(SORT_BY_NAME(SORT_BY_ALIGNMENT(._fuel_gauge_driver_api.static.*)))
                0x000079b0                        _fuel_gauge_driver_api_list_end = .

gnss_driver_api_area
                0x000079b0        0x0
                0x000079b0                        _gnss_driver_api_list_start = .
 *(SORT_BY_NAME(SORT_BY_ALIGNMENT(._gnss_driver_api.static.*)))
                0x000079b0                        _gnss_driver_api_list_end = .

haptics_driver_api_area
                0x000079b0        0x0
                0x000079b0                        _haptics_driver_api_list_start = .
 *(SORT_BY_NAME(SORT_BY_ALIGNMENT(._haptics_driver_api.static.*)))
                0x000079b0                        _haptics_driver_api_list_end = .

hwspinlock_driver_api_area
                0x000079b0        0x0
                0x000079b0                        _hwspinlock_driver_api_list_start = .
 *(SORT_BY_NAME(SORT_BY_ALIGNMENT(._hwspinlock_driver_api.static.*)))
                0x000079b0                        _hwspinlock_driver_api_list_end = .

i2c_driver_api_area
                0x000079b0        0x0
                0x000079b0                        _i2c_driver_api_list_start = .
 *(SORT_BY_NAME(SORT_BY_ALIGNMENT(._i2c_driver_api.static.*)))
                0x000079b0                        _i2c_driver_api_list_end = .

i2c_target_driver_api_area
                0x000079b0        0x0
                0x000079b0                        _i2c_target_driver_api_list_start = .
 *(SORT_BY_NAME(SORT_BY_ALIGNMENT(._i2c_target_driver_api.static.*)))
                0x000079b0                        _i2c_target_driver_api_list_end = .

i2s_driver_api_area
                0x000079b0        0x0
                0x000079b0                        _i2s_driver_api_list_start = .
 *(SORT_BY_NAME(SORT_BY_ALIGNMENT(._i2s_driver_api.static.*)))
                0x000079b0                        _i2s_driver_api_list_end = .

i3c_driver_api_area
                0x000079b0        0x0
                0x000079b0                        _i3c_driver_api_list_start = .
 *(SORT_BY_NAME(SORT_BY_ALIGNMENT(._i3c_driver_api.static.*)))
                0x000079b0                        _i3c_driver_api_list_end = .

ipm_driver_api_area
                0x000079b0        0x0
                0x000079b0                        _ipm_driver_api_list_start = .
 *(SORT_BY_NAME(SORT_BY_ALIGNMENT(._ipm_driver_api.static.*)))
                0x000079b0                        _ipm_driver_api_list_end = .

led_driver_api_area
                0x000079b0        0x0
                0x000079b0                        _led_driver_api_list_start = .
 *(SORT_BY_NAME(SORT_BY_ALIGNMENT(._led_driver_api.static.*)))
                0x000079b0                        _led_driver_api_list_end = .

led_strip_driver_api_area
                0x000079b0        0x0
                0x000079b0                        _led_strip_driver_api_list_start = .
 *(SORT_BY_NAME(SORT_BY_ALIGNMENT(._led_strip_driver_api.static.*)))
                0x000079b0                        _led_strip_driver_api_list_end = .

lora_driver_api_area
                0x000079b0        0x0
                0x000079b0                        _lora_driver_api_list_start = .
 *(SORT_BY_NAME(SORT_BY_ALIGNMENT(._lora_driver_api.static.*)))
                0x000079b0                        _lora_driver_api_list_end = .

mbox_driver_api_area
                0x000079b0        0x0
                0x000079b0                        _mbox_driver_api_list_start = .
 *(SORT_BY_NAME(SORT_BY_ALIGNMENT(._mbox_driver_api.static.*)))
                0x000079b0                        _mbox_driver_api_list_end = .

mdio_driver_api_area
                0x000079b0        0x0
                0x000079b0                        _mdio_driver_api_list_start = .
 *(SORT_BY_NAME(SORT_BY_ALIGNMENT(._mdio_driver_api.static.*)))
                0x000079b0                        _mdio_driver_api_list_end = .

mipi_dbi_driver_api_area
                0x000079b0        0x0
                0x000079b0                        _mipi_dbi_driver_api_list_start = .
 *(SORT_BY_NAME(SORT_BY_ALIGNMENT(._mipi_dbi_driver_api.static.*)))
                0x000079b0                        _mipi_dbi_driver_api_list_end = .

mipi_dsi_driver_api_area
                0x000079b0        0x0
                0x000079b0                        _mipi_dsi_driver_api_list_start = .
 *(SORT_BY_NAME(SORT_BY_ALIGNMENT(._mipi_dsi_driver_api.static.*)))
                0x000079b0                        _mipi_dsi_driver_api_list_end = .

mspi_driver_api_area
                0x000079b0        0x0
                0x000079b0                        _mspi_driver_api_list_start = .
 *(SORT_BY_NAME(SORT_BY_ALIGNMENT(._mspi_driver_api.static.*)))
                0x000079b0                        _mspi_driver_api_list_end = .

opamp_driver_api_area
                0x000079b0        0x0
                0x000079b0                        _opamp_driver_api_list_start = .
 *(SORT_BY_NAME(SORT_BY_ALIGNMENT(._opamp_driver_api.static.*)))
                0x000079b0                        _opamp_driver_api_list_end = .

otp_driver_api_area
                0x000079b0        0x0
                0x000079b0                        _otp_driver_api_list_start = .
 *(SORT_BY_NAME(SORT_BY_ALIGNMENT(._otp_driver_api.static.*)))
                0x000079b0                        _otp_driver_api_list_end = .

peci_driver_api_area
                0x000079b0        0x0
                0x000079b0                        _peci_driver_api_list_start = .
 *(SORT_BY_NAME(SORT_BY_ALIGNMENT(._peci_driver_api.static.*)))