Archive member included to satisfy reference by file (symbol)

app/libapp.a(main.c.obj)      (--whole-archive)
zephyr/libzephyr.a(validate_libc.c.obj)
                              (--whole-archive)
zephyr/libzephyr.a(heap.c.obj)
                              (--whole-archive)
zephyr/libzephyr.a(cbprintf_packaged.c.obj)
                              (--whole-archive)
zephyr/libzephyr.a(clock.c.obj)
                              (--whole-archive)
zephyr/libzephyr.a(printk.c.obj)
                              (--whole-archive)
zephyr/libzephyr.a(sem.c.obj)
                              (--whole-archive)
zephyr/libzephyr.a(thread_entry.c.obj)
                              (--whole-archive)
zephyr/libzephyr.a(cbprintf_complete.c.obj)
                              (--whole-archive)
zephyr/libzephyr.a(assert.c.obj)
                              (--whole-archive)
zephyr/libzephyr.a(dec.c.obj)
                              (--whole-archive)
zephyr/libzephyr.a(hex.c.obj)
                              (--whole-archive)
zephyr/libzephyr.a(rb.c.obj)  (--whole-archive)
zephyr/libzephyr.a(set.c.obj)
                              (--whole-archive)
zephyr/libzephyr.a(timeutil.c.obj)
                              (--whole-archive)
zephyr/libzephyr.a(bitarray.c.obj)
                              (--whole-archive)
zephyr/libzephyr.a(bitmask.c.obj)
                              (--whole-archive)
zephyr/libzephyr.a(getopt.c.obj)
                              (--whole-archive)
zephyr/libzephyr.a(getopt_common.c.obj)
                              (--whole-archive)
zephyr/libzephyr.a(onoff.c.obj)
                              (--whole-archive)
zephyr/libzephyr.a(notify.c.obj)
                              (--whole-archive)
zephyr/libzephyr.a(ring_buffer.c.obj)
                              (--whole-archive)
zephyr/libzephyr.a(last_section_id.c.obj)
                              (--whole-archive)
zephyr/libzephyr.a(configs.c.obj)
                              (--whole-archive)
zephyr/libzephyr.a(thread_info.c.obj)
                              (--whole-archive)
zephyr/libzephyr.a(mem_attr.c.obj)
                              (--whole-archive)
zephyr/libzephyr.a(tracing_none.c.obj)
                              (--whole-archive)
zephyr/libzephyr.a(banner.c.obj)
                              (--whole-archive)
zephyr/libzephyr.a(nrf_cc3xx_platform_abort_zephyr.c.obj)
                              (--whole-archive)
zephyr/libzephyr.a(nrf_cc3xx_platform_mutex_zephyr.c.obj)
                              (--whole-archive)
zephyr/arch/common/libarch__common.a(sw_isr_common.c.obj)
                              (--whole-archive)
zephyr/arch/common/libarch__common.a(init.c.obj)
                              (--whole-archive)
zephyr/arch/common/libarch__common.a(xip.c.obj)
                              (--whole-archive)
zephyr/arch/arch/arm/core/libarch__arm__core.a(fatal.c.obj)
                              (--whole-archive)
zephyr/arch/arch/arm/core/libarch__arm__core.a(nmi.c.obj)
                              (--whole-archive)
zephyr/arch/arch/arm/core/libarch__arm__core.a(nmi_on_reset.S.obj)
                              (--whole-archive)
zephyr/arch/arch/arm/core/libarch__arm__core.a(tls.c.obj)
                              (--whole-archive)
zephyr/arch/arch/arm/core/cortex_m/libarch__arm__core__cortex_m.a(fault.c.obj)
                              (--whole-archive)
zephyr/arch/arch/arm/core/cortex_m/libarch__arm__core__cortex_m.a(fault_s.S.obj)
                              (--whole-archive)
zephyr/arch/arch/arm/core/cortex_m/libarch__arm__core__cortex_m.a(fpu.c.obj)
                              (--whole-archive)
zephyr/arch/arch/arm/core/cortex_m/libarch__arm__core__cortex_m.a(reset.S.obj)
                              (--whole-archive)
zephyr/arch/arch/arm/core/cortex_m/libarch__arm__core__cortex_m.a(scb.c.obj)
                              (--whole-archive)
zephyr/arch/arch/arm/core/cortex_m/libarch__arm__core__cortex_m.a(vector_table.S.obj)
                              (--whole-archive)
zephyr/arch/arch/arm/core/cortex_m/libarch__arm__core__cortex_m.a(svc.S.obj)
                              (--whole-archive)
zephyr/arch/arch/arm/core/cortex_m/libarch__arm__core__cortex_m.a(irq_manage.c.obj)
                              (--whole-archive)
zephyr/arch/arch/arm/core/cortex_m/libarch__arm__core__cortex_m.a(prep_c.c.obj)
                              (--whole-archive)
zephyr/arch/arch/arm/core/cortex_m/libarch__arm__core__cortex_m.a(thread.c.obj)
                              (--whole-archive)
zephyr/arch/arch/arm/core/cortex_m/libarch__arm__core__cortex_m.a(cpu_idle.c.obj)
                              (--whole-archive)
zephyr/arch/arch/arm/core/cortex_m/libarch__arm__core__cortex_m.a(exc_exit.c.obj)
                              (--whole-archive)
zephyr/arch/arch/arm/core/cortex_m/libarch__arm__core__cortex_m.a(thread_abort.c.obj)
                              (--whole-archive)
[...]
Memory Configuration

Name             Origin             Length             Attributes
FLASH            0x00000000         0x00100000         xr
RAM              0x20000000         0x00070000         xw
IDT_LIST         0xffff7fff         0x00008000         xw
*default*        0x00000000         0xffffffff

Linker script and memory map

                0x00005be8                        vfprintf = __l_vfprintf
                0x00000000                        vfscanf = __l_vfscanf
LOAD zephyr/CMakeFiles/zephyr_pre0.dir/misc/empty_file.c.obj
LOAD zephyr/CMakeFiles/offsets.dir/./arch/arm/core/offsets/offsets.c.obj
LOAD app/libapp.a
LOAD zephyr/libzephyr.a
LOAD zephyr/arch/common/libarch__common.a
LOAD zephyr/arch/arch/arm/core/libarch__arm__core.a
LOAD zephyr/arch/arch/arm/core/cortex_m/libarch__arm__core__cortex_m.a
LOAD zephyr/arch/arch/arm/core/cortex_m/cmse/libarch__arm__core__cortex_m__cmse.a
LOAD zephyr/arch/arch/arm/core/mpu/libarch__arm__core__mpu.a
LOAD zephyr/lib/libc/picolibc/liblib__libc__picolibc.a
LOAD zephyr/lib/libc/common/liblib__libc__common.a
LOAD zephyr/lib/posix/c_lib_ext/liblib__posix__c_lib_ext.a
LOAD zephyr/soc/soc/nrf5340/libsoc__nordic.a
LOAD zephyr/subsys/random/libsubsys__random.a
LOAD zephyr/drivers/clock_control/libdrivers__clock_control.a
LOAD zephyr/drivers/console/libdrivers__console.a
LOAD zephyr/drivers/entropy/libdrivers__entropy.a
LOAD zephyr/drivers/gpio/libdrivers__gpio.a
LOAD zephyr/drivers/pinctrl/libdrivers__pinctrl.a
LOAD zephyr/drivers/serial/libdrivers__serial.a
LOAD zephyr/drivers/timer/libdrivers__timer.a
LOAD modules/nrf/drivers/hw_cc3xx/lib..__nrf__drivers__hw_cc3xx.a
LOAD modules/hal_nordic/modules/hal_nordic/nrfx/libnrfx.a
LOAD zephyr/kernel/libkernel.a
LOAD zephyr/arch/common/libisr_tables.a
LOAD /home/goodbyte/ncs/v3.4.0/nrfxlib/crypto/nrf_cc312_platform/lib/cortex-m33/soft-float/no-interrupts/libnrf_cc312_platform_0.9.22.a
LOAD /home/goodbyte/ncs/toolchains/fbf7391cab/opt/zephyr-sdk/gnu/arm-zephyr-eabi/bin/../lib/gcc/arm-zephyr-eabi/14.3.0/../../../../arm-zephyr-eabi/lib/thumb/v8-m.main/nofp/space/libc.a
LOAD /home/goodbyte/ncs/toolchains/fbf7391cab/opt/zephyr-sdk/gnu/arm-zephyr-eabi/bin/../lib/gcc/arm-zephyr-eabi/14.3.0/thumb/v8-m.main/nofp/space/libgcc.a
                0x00000020                        _region_min_align = 0x20

.rel.plt        0x00000000        0x0
 *(SORT_BY_ALIGNMENT(.rel.plt))
                [!provide]                        PROVIDE (__rel_iplt_start = .)
 *(SORT_BY_ALIGNMENT(.rel.iplt))
 .rel.iplt      0x00000000        0x0 app/libapp.a(main.c.obj)
                [!provide]                        PROVIDE (__rel_iplt_end = .)

.rela.plt       0x00000000        0x0
 *(SORT_BY_ALIGNMENT(.rela.plt))
                [!provide]                        PROVIDE (__rela_iplt_start = .)
 *(SORT_BY_ALIGNMENT(.rela.iplt))
                [!provide]                        PROVIDE (__rela_iplt_end = .)

.rel.dyn
 *(SORT_BY_ALIGNMENT(.rel.*))

.rela.dyn
 *(SORT_BY_ALIGNMENT(.rela.*))

/DISCARD/
 *(SORT_BY_ALIGNMENT(.plt))

/DISCARD/
 *(SORT_BY_ALIGNMENT(.iplt))
                0x00000000                        __rom_region_start = 0x0

rom_start       0x00000000      0x154
                0x00000000                        __rom_start_address = .
 FILL mask 0x00
                0x00000000                        . = (. + (0x0 - (. - __rom_start_address)))
                0x00000000                        . = ALIGN (0x4)
                0x00000000                        . = ALIGN (0x80)
                0x00000000                        . = ALIGN (0x200)
                0x00000000                        _vector_start = .
 *(SORT_BY_ALIGNMENT(.exc_vector_table))
 *(SORT_BY_ALIGNMENT(.exc_vector_table.*))
 .exc_vector_table._vector_table_section
                0x00000000       0x40 zephyr/arch/arch/arm/core/cortex_m/libarch__arm__core__cortex_m.a(vector_table.S.obj)
                0x00000000                _vector_table
 *(SORT_BY_ALIGNMENT(.vectors))
                0x00000154                        _vector_end = .
                0x00000040                        . = ALIGN (0x4)
 *(SORT_BY_ALIGNMENT(.gnu.linkonce.irq_vector_table*))
 .gnu.linkonce.irq_vector_table
                0x00000040      0x114 zephyr/arch/common/libisr_tables.a(isr_tables.c.obj)
                0x00000040                _irq_vector_table
                0x00000154                        _vector_end = .

text            0x00000154     0x7448
                0x00000154                        __text_region_start = .
 *(SORT_BY_ALIGNMENT(.text))
 .text          0x00000154       0x30 /home/goodbyte/ncs/toolchains/fbf7391cab/opt/zephyr-sdk/gnu/arm-zephyr-eabi/bin/../lib/gcc/arm-zephyr-eabi/14.3.0/thumb/v8-m.main/nofp/space/libgcc.a(_aeabi_uldivmod.o)
                0x00000154                __aeabi_uldivmod
 .text          0x00000184        0x4 /home/goodbyte/ncs/toolchains/fbf7391cab/opt/zephyr-sdk/gnu/arm-zephyr-eabi/bin/../lib/gcc/arm-zephyr-eabi/14.3.0/thumb/v8-m.main/nofp/space/libgcc.a(_dvmd_tls.o)
                0x00000184                __aeabi_ldiv0
                0x00000184                __aeabi_idiv0
 .text          0x00000188      0x2ba /home/goodbyte/ncs/toolchains/fbf7391cab/opt/zephyr-sdk/gnu/arm-zephyr-eabi/bin/../lib/gcc/arm-zephyr-eabi/14.3.0/thumb/v8-m.main/nofp/space/libgcc.a(_udivmoddi4.o)
                0x00000188                __udivmoddi4
 *(SORT_BY_ALIGNMENT(.text.*))
 *fill*         0x00000442        0x2 
 .text.logger_thread
                0x00000444       0x2c app/libapp.a(main.c.obj)
 .text.char_out
                0x00000470        0xc zephyr/libzephyr.a(printk.c.obj)
 .text.__printk_hook_install
                0x0000047c        0xc zephyr/libzephyr.a(printk.c.obj)
                0x0000047c                __printk_hook_install
 .text.vprintk  0x00000488       0x30 zephyr/libzephyr.a(printk.c.obj)
                0x00000488                vprintk
 .text.z_thread_entry
                0x000004b8       0x34 zephyr/libzephyr.a(thread_entry.c.obj)
                0x000004b8                z_thread_entry
 .text.process_event
                0x000004ec      0x1e8 zephyr/libzephyr.a(onoff.c.obj)
 .text.mem_attr_get_regions
                0x000006d4        0xc zephyr/libzephyr.a(mem_attr.c.obj)
                0x000006d4                mem_attr_get_regions
 .text.ncs_boot_banner
                0x000006e0       0x1c zephyr/libzephyr.a(banner.c.obj)
 .text.nrf_cc3xx_platform_abort_init
                0x000006fc        0xc zephyr/libzephyr.a(nrf_cc3xx_platform_abort_zephyr.c.obj)
                0x000006fc                nrf_cc3xx_platform_abort_init
 .text.mutex_free_platform
                0x00000708       0x54 zephyr/libzephyr.a(nrf_cc3xx_platform_mutex_zephyr.c.obj)
 .text.mutex_lock_platform
                0x0000075c       0x74 zephyr/libzephyr.a(nrf_cc3xx_platform_mutex_zephyr.c.obj)
 .text.mutex_unlock_platform
                0x000007d0       0x68 zephyr/libzephyr.a(nrf_cc3xx_platform_mutex_zephyr.c.obj)
 .text.mutex_init_platform
                0x00000838       0x94 zephyr/libzephyr.a(nrf_cc3xx_platform_mutex_zephyr.c.obj)
 .text.nrf_cc3xx_platform_mutex_init
                0x000008cc       0x2c zephyr/libzephyr.a(nrf_cc3xx_platform_mutex_zephyr.c.obj)
                0x000008cc                nrf_cc3xx_platform_mutex_init
 .text.arch_bss_zero
                0x000008f8       0x18 zephyr/arch/common/libarch__common.a(init.c.obj)
                0x000008f8                arch_bss_zero
 .text.arch_data_copy
                0x00000910       0x38 zephyr/arch/common/libarch__common.a(xip.c.obj)
                0x00000910                arch_data_copy
 .text.z_arm_fatal_error
                0x00000948       0x60 zephyr/arch/arch/arm/core/libarch__arm__core.a(fatal.c.obj)
                0x00000948                z_arm_fatal_error
 .text.z_SysNmiOnReset
                0x000009a8        0x8 zephyr/arch/arch/arm/core/libarch__arm__core.a(nmi_on_reset.S.obj)
                0x000009a8                z_SysNmiOnReset
 .text.arch_tls_stack_setup
                0x000009b0       0x40 zephyr/arch/arch/arm/core/libarch__arm__core.a(tls.c.obj)
                0x000009b0                arch_tls_stack_setup
 .text.usage_fault.isra.0
                0x000009f0       0xa8 zephyr/arch/arch/arm/core/cortex_m/libarch__arm__core__cortex_m.a(fault.c.obj)
 .text.bus_fault.isra.0
                0x00000a98       0xb8 zephyr/arch/arch/arm/core/cortex_m/libarch__arm__core__cortex_m.a(fault.c.obj)
 .text.mem_manage_fault.isra.0
                0x00000b50       0xbc zephyr/arch/arch/arm/core/cortex_m/libarch__arm__core__cortex_m.a(fault.c.obj)
 .text.z_arm_fault
                0x00000c0c      0x1a8 zephyr/arch/arch/arm/core/cortex_m/libarch__arm__core__cortex_m.a(fault.c.obj)
                0x00000c0c                z_arm_fault
 .text.z_arm_fault_init
                0x00000db4       0x20 zephyr/arch/arch/arm/core/cortex_m/libarch__arm__core__cortex_m.a(fault.c.obj)
                0x00000db4                z_arm_fault_init
 .text.__fault  0x00000dd4       0x14 zephyr/arch/arch/arm/core/cortex_m/libarch__arm__core__cortex_m.a(fault_s.S.obj)
                0x00000dd4                z_arm_bus_fault
                0x00000dd4                z_arm_usage_fault
                0x00000dd4                z_arm_mpu_fault
                0x00000dd4                z_arm_exc_spurious
                0x00000dd4                z_arm_debug_monitor
                0x00000dd4                z_arm_hard_fault
 .text._reset_section
                0x00000de8       0x68 zephyr/arch/arch/arm/core/cortex_m/libarch__arm__core__cortex_m.a(reset.S.obj)
                0x00000de8                z_arm_reset
                0x00000de8                __start
 .text.z_arm_clear_arm_mpu_config
                0x00000e50       0x24 zephyr/arch/arch/arm/core/cortex_m/libarch__arm__core__cortex_m.a(scb.c.obj)
                0x00000e50                z_arm_clear_arm_mpu_config
 .text.z_arm_init_arch_hw_at_boot
                0x00000e74       0x4c zephyr/arch/arch/arm/core/cortex_m/libarch__arm__core__cortex_m.a(scb.c.obj)
                0x00000e74                z_arm_init_arch_hw_at_boot
 .text.z_arm_svc
                0x00000ec0       0x24 zephyr/arch/arch/arm/core/cortex_m/libarch__arm__core__cortex_m.a(svc.S.obj)
                0x00000ec0                z_arm_svc
 .text.arm_irq_enable
                0x00000ee4       0x1c zephyr/arch/arch/arm/core/cortex_m/libarch__arm__core__cortex_m.a(irq_manage.c.obj)
                0x00000ee4                arm_irq_enable
 .text.arm_irq_is_enabled
                0x00000f00       0x1c zephyr/arch/arch/arm/core/cortex_m/libarch__arm__core__cortex_m.a(irq_manage.c.obj)
                0x00000f00                arm_irq_is_enabled
 .text.arm_irq_priority_set
                0x00000f1c       0x2c zephyr/arch/arch/arm/core/cortex_m/libarch__arm__core__cortex_m.a(irq_manage.c.obj)
                0x00000f1c                arm_irq_priority_set
 .text.relocate_vector_table
                0x00000f48       0x1c zephyr/arch/arch/arm/core/cortex_m/libarch__arm__core__cortex_m.a(prep_c.c.obj)
                0x00000f48                relocate_vector_table
 .text.z_prep_c
                0x00000f64       0x28 zephyr/arch/arch/arm/core/cortex_m/libarch__arm__core__cortex_m.a(prep_c.c.obj)
                0x00000f64                z_prep_c
 .text.arch_new_thread
                0x00000f8c       0x38 zephyr/arch/arch/arm/core/cortex_m/libarch__arm__core__cortex_m.a(thread.c.obj)
                0x00000f8c                arch_new_thread
 .text.arch_switch_to_main_thread
                0x00000fc4       0x44 zephyr/arch/arch/arm/core/cortex_m/libarch__arm__core__cortex_m.a(thread.c.obj)
                0x00000fc4                arch_switch_to_main_thread
 .text.z_arm_cpu_idle_init
                0x00001008        0xc zephyr/arch/arch/arm/core/cortex_m/libarch__arm__core__cortex_m.a(cpu_idle.c.obj)
                0x00001008                z_arm_cpu_idle_init
 .text._HandlerModeExit
                0x00001014       0x20 zephyr/arch/arch/arm/core/cortex_m/libarch__arm__core__cortex_m.a(exc_exit.c.obj)
                0x00001014                z_arm_exc_exit
                0x00001014                z_arm_int_exit
 .text.z_impl_k_thread_abort
                0x00001034       0x2c zephyr/arch/arch/arm/core/cortex_m/libarch__arm__core__cortex_m.a(thread_abort.c.obj)
                0x00001034                z_impl_k_thread_abort
 .text.z_arm_pendsv
                0x00001060       0x68 zephyr/arch/arch/arm/core/cortex_m/libarch__arm__core__cortex_m.a(swap_helper.S.obj)
                0x00001060                z_arm_pendsv
 .text.z_arm_interrupt_init
                0x000010c8       0x18 zephyr/arch/arch/arm/core/cortex_m/libarch__arm__core__cortex_m.a(irq_init.c.obj)
                0x000010c8                z_arm_interrupt_init
 .text._isr_wrapper
                0x000010e0       0x24 zephyr/arch/arch/arm/core/cortex_m/libarch__arm__core__cortex_m.a(isr_wrapper.c.obj)
                0x000010e0                _isr_wrapper
 .text.__aeabi_read_tp
                0x00001104        0xc zephyr/arch/arch/arm/core/cortex_m/libarch__arm__core__cortex_m.a(__aeabi_read_tp.S.obj)
                0x00001104                __aeabi_read_tp
 .text.z_arm_configure_static_mpu_regions
                0x00001110       0x3c zephyr/arch/arch/arm/core/mpu/libarch__arm__core__mpu.a(arm_core_mpu.c.obj)
                0x00001110                z_arm_configure_static_mpu_regions
 .text.region_init
                0x0000114c       0x30 zephyr/arch/arch/arm/core/mpu/libarch__arm__core__mpu.a(arm_mpu.c.obj)
 .text.region_allocate_and_init
                0x0000117c       0x24 zephyr/arch/arch/arm/core/mpu/libarch__arm__core__mpu.a(arm_mpu.c.obj)
 .text.mpu_configure_regions_and_partition.constprop.0
                0x000011a0      0x140 zephyr/arch/arch/arm/core/mpu/libarch__arm__core__mpu.a(arm_mpu.c.obj)
 .text.arm_core_mpu_enable
                0x000012e0       0x18 zephyr/arch/arch/arm/core/mpu/libarch__arm__core__mpu.a(arm_mpu.c.obj)
                0x000012e0                arm_core_mpu_enable
 .text.arm_core_mpu_disable
                0x000012f8       0x14 zephyr/arch/arch/arm/core/mpu/libarch__arm__core__mpu.a(arm_mpu.c.obj)
                0x000012f8                arm_core_mpu_disable
 .text.arm_core_mpu_configure_static_mpu_regions
                0x0000130c       0x14 zephyr/arch/arch/arm/core/mpu/libarch__arm__core__mpu.a(arm_mpu.c.obj)
                0x0000130c                arm_core_mpu_configure_static_mpu_regions
 .text.arm_core_mpu_mark_areas_for_dynamic_regions
                0x00001320       0xb8 zephyr/arch/arch/arm/core/mpu/libarch__arm__core__mpu.a(arm_mpu.c.obj)
                0x00001320                arm_core_mpu_mark_areas_for_dynamic_regions
 .text.z_arm_mpu_init
                0x000013d8      0x164 zephyr/arch/arch/arm/core/mpu/libarch__arm__core__mpu.a(arm_mpu.c.obj)
                0x000013d8                z_arm_mpu_init
 .text.z_impl_zephyr_fputc
                0x0000153c       0x10 zephyr/lib/libc/picolibc/liblib__libc__picolibc.a(stdio.c.obj)
                0x0000153c                z_impl_zephyr_fputc
 .text.__stdout_hook_install
                0x0000154c       0x18 zephyr/lib/libc/picolibc/liblib__libc__picolibc.a(stdio.c.obj)
                0x0000154c                __stdout_hook_install
 .text.malloc_prepare
                0x00001564       0x24 zephyr/lib/libc/common/liblib__libc__common.a(malloc.c.obj)
 .text.nrf53_anomaly_160_check
                0x00001588       0x64 zephyr/soc/soc/nrf5340/libsoc__nordic.a(soc.c.obj)
 .text.nrf_gpio_pin_control_select.constprop.0
                0x000015ec       0x1c zephyr/soc/soc/nrf5340/libsoc__nordic.a(soc.c.obj)
 .text.soc_early_init_hook
                0x00001608       0x3c zephyr/soc/soc/nrf5340/libsoc__nordic.a(soc.c.obj)
                0x00001608                soc_early_init_hook
 .text.soc_late_init_hook
                0x00001644       0x48 zephyr/soc/soc/nrf5340/libsoc__nordic.a(soc.c.obj)
                0x00001644                soc_late_init_hook
 .text.arch_busy_wait
                0x0000168c       0x24 zephyr/soc/soc/nrf5340/libsoc__nordic.a(soc.c.obj)
                0x0000168c                arch_busy_wait
 .text.assign_pins
                0x000016b0       0x54 zephyr/soc/soc/nrf5340/libsoc__nordic.a(nrf53_cpunet_mgmt.c.obj)
 .text.nrf53_cpunet_mgmt_init
                0x00001704       0x10 zephyr/soc/soc/nrf5340/libsoc__nordic.a(nrf53_cpunet_mgmt.c.obj)
                0x00001704                nrf53_cpunet_mgmt_init
 .text.gppi_init
                0x00001714       0x1c zephyr/soc/soc/nrf5340/libsoc__nordic.a(gppi_init.c.obj)
 .text.rand_get
                0x00001730       0x58 zephyr/subsys/random/libsubsys__random.a(random_entropy_device.c.obj)
 .text.onoff_stop
                0x00001788       0x30 zephyr/drivers/clock_control/libdrivers__clock_control.a(clock_control_nrf.c.obj)
 .text.onoff_start
                0x000017b8       0x44 zephyr/drivers/clock_control/libdrivers__clock_control.a(clock_control_nrf.c.obj)
 .text.clk_init
                0x000017fc       0x60 zephyr/drivers/clock_control/libdrivers__clock_control.a(clock_control_nrf.c.obj)
 .text.api_blocking_start
                0x0000185c       0x30 zephyr/drivers/clock_control/libdrivers__clock_control.a(clock_control_nrf.c.obj)
 .text.generic_hfclk_stop
                0x0000188c       0x34 zephyr/drivers/clock_control/libdrivers__clock_control.a(clock_control_nrf.c.obj)
 .text.clkstarted_handle.constprop.0
                0x000018c0       0x4c zephyr/drivers/clock_control/libdrivers__clock_control.a(clock_control_nrf.c.obj)
 .text.generic_hfclk_start
                0x0000190c       0x78 zephyr/drivers/clock_control/libdrivers__clock_control.a(clock_control_nrf.c.obj)
 .text.clock_event_handler
                0x00001984       0x34 zephyr/drivers/clock_control/libdrivers__clock_control.a(clock_control_nrf.c.obj)
 .text.z_nrf_clock_control_lf_on
                0x000019b8       0xfc zephyr/drivers/clock_control/libdrivers__clock_control.a(clock_control_nrf.c.obj)
                0x000019b8                z_nrf_clock_control_lf_on
 .text.uart_console_init
                0x00001ab4       0x28 zephyr/drivers/console/libdrivers__console.a(uart_console.c.obj)
 .text.console_out
                0x00001adc       0x28 zephyr/drivers/console/libdrivers__console.a(uart_console.c.obj)
 .text.gpio_nrfx_pin_configure
                0x00001b04      0x180 zephyr/drivers/gpio/libdrivers__gpio.a(gpio_nrfx.c.obj)
 .text.nrfx_gpio_handler
                0x00001c84       0x4c zephyr/drivers/gpio/libdrivers__gpio.a(gpio_nrfx.c.obj)
 .text.gpio_nrfx_init
                0x00001cd0       0x3c zephyr/drivers/gpio/libdrivers__gpio.a(gpio_nrfx.c.obj)
 .text.gpio_nrfx_pin_interrupt_configure
                0x00001d0c      0x108 zephyr/drivers/gpio/libdrivers__gpio.a(gpio_nrfx.c.obj)
 .text.nrf_gpio_pin_port_decode
                0x00001e14       0x24 zephyr/drivers/pinctrl/libdrivers__pinctrl.a(pinctrl_nrf.c.obj)
 .text.pinctrl_configure_pins
                0x00001e38      0x1a4 zephyr/drivers/pinctrl/libdrivers__pinctrl.a(pinctrl_nrf.c.obj)
                0x00001e38                pinctrl_configure_pins
 .text.uarte_nrfx_poll_out
                0x00001fdc       0xb8 zephyr/drivers/serial/libdrivers__serial.a(uart_nrfx_uarte.c.obj)
 .text.compare_int_lock
                0x00002094       0x44 zephyr/drivers/timer/libdrivers__timer.a(nrf_rtc_timer.c.obj)
 .text.sys_clock_timeout_handler
                0x000020d8       0x58 zephyr/drivers/timer/libdrivers__timer.a(nrf_rtc_timer.c.obj)
 .text.compare_int_unlock
                0x00002130       0x4c zephyr/drivers/timer/libdrivers__timer.a(nrf_rtc_timer.c.obj)
 .text.z_nrf_rtc_timer_read
                0x0000217c       0x44 zephyr/drivers/timer/libdrivers__timer.a(nrf_rtc_timer.c.obj)
                0x0000217c                z_nrf_rtc_timer_read
 .text.compare_set
                0x000021c0      0x124 zephyr/drivers/timer/libdrivers__timer.a(nrf_rtc_timer.c.obj)
 .text.sys_clock_driver_init
                0x000022e4       0x90 zephyr/drivers/timer/libdrivers__timer.a(nrf_rtc_timer.c.obj)
 .text.rtc_nrf_isr
                0x00002374       0xcc zephyr/drivers/timer/libdrivers__timer.a(nrf_rtc_timer.c.obj)
                0x00002374                rtc_nrf_isr
 .text.sys_clock_set_timeout
                0x00002440       0x5c zephyr/drivers/timer/libdrivers__timer.a(nrf_rtc_timer.c.obj)
                0x00002440                sys_clock_set_timeout
 .text.sys_clock_elapsed
                0x0000249c       0x14 zephyr/drivers/timer/libdrivers__timer.a(nrf_rtc_timer.c.obj)
                0x0000249c                sys_clock_elapsed
 .text.SystemInit
                0x000024b0      0x1b0 modules/hal_nordic/modules/hal_nordic/nrfx/libnrfx.a(system_nrf5340_application.c.obj)
                0x000024b0                SystemInit
 .text.nrfx_gppi_init
                0x00002660        0xc modules/hal_nordic/modules/hal_nordic/nrfx/libnrfx.a(nrfx_gppi_dppi.c.obj)
                0x00002660                nrfx_gppi_init
 .text.nrfx_gppi_domain_conn_alloc
                0x0000266c       0x1c modules/hal_nordic/modules/hal_nordic/nrfx/libnrfx.a(nrfx_gppi_dppi.c.obj)
                0x0000266c                nrfx_gppi_domain_conn_alloc
 .text.nrfx_gppi_conn_enable
                0x00002688       0x10 modules/hal_nordic/modules/hal_nordic/nrfx/libnrfx.a(nrfx_gppi_dppi.c.obj)
                0x00002688                nrfx_gppi_conn_enable
 .text.hfclk_event_handler
                0x00002698        0xc modules/hal_nordic/modules/hal_nordic/nrfx/libnrfx.a(nrfx_clock.c.obj)
 .text.lfclk_event_handler
                0x000026a4        0xc modules/hal_nordic/modules/hal_nordic/nrfx/libnrfx.a(nrfx_clock.c.obj)
 .text.hfclk192m_event_handler
                0x000026b0        0xc modules/hal_nordic/modules/hal_nordic/nrfx/libnrfx.a(nrfx_clock.c.obj)
 .text.hfclkaudio_event_handler
                0x000026bc        0xc modules/hal_nordic/modules/hal_nordic/nrfx/libnrfx.a(nrfx_clock.c.obj)
 .text.nrfx_clock_init
                0x000026c8       0x68 modules/hal_nordic/modules/hal_nordic/nrfx/libnrfx.a(nrfx_clock.c.obj)
                0x000026c8                nrfx_clock_init
 .text.nrfx_clock_enable
                0x00002730       0x20 modules/hal_nordic/modules/hal_nordic/nrfx/libnrfx.a(nrfx_clock.c.obj)
                0x00002730                nrfx_clock_enable
 .text.nrfx_clock_hfclk_init
                0x00002750       0x24 modules/hal_nordic/modules/hal_nordic/nrfx/libnrfx.a(nrfx_clock_hfclk.c.obj)
                0x00002750                nrfx_clock_hfclk_init
 .text.nrfx_clock_hfclk_start
                0x00002774       0x38 modules/hal_nordic/modules/hal_nordic/nrfx/libnrfx.a(nrfx_clock_hfclk.c.obj)
                0x00002774                nrfx_clock_hfclk_start
 .text.nrfx_clock_hfclk_irq_handler
                0x000027ac       0x30 modules/hal_nordic/modules/hal_nordic/nrfx/libnrfx.a(nrfx_clock_hfclk.c.obj)
                0x000027ac                nrfx_clock_hfclk_irq_handler
 .text.nrfx_clock_hfclkaudio_init
                0x000027dc       0x1c modules/hal_nordic/modules/hal_nordic/nrfx/libnrfx.a(nrfx_clock_hfclkaudio.c.obj)
                0x000027dc                nrfx_clock_hfclkaudio_init
 .text.nrfx_clock_hfclkaudio_start
                0x000027f8       0x3c modules/hal_nordic/modules/hal_nordic/nrfx/libnrfx.a(nrfx_clock_hfclkaudio.c.obj)
                0x000027f8                nrfx_clock_hfclkaudio_start
 .text.nrfx_clock_hfclkaudio_irq_handler
                0x00002834       0x30 modules/hal_nordic/modules/hal_nordic/nrfx/libnrfx.a(nrfx_clock_hfclkaudio.c.obj)
                0x00002834                nrfx_clock_hfclkaudio_irq_handler
 .text.nrfx_clock_hfclk192m_init
                0x00002864       0x24 modules/hal_nordic/modules/hal_nordic/nrfx/libnrfx.a(nrfx_clock_hfclk192m.c.obj)
                0x00002864                nrfx_clock_hfclk192m_init
 .text.nrfx_clock_hfclk192m_start
                0x00002888       0x3c modules/hal_nordic/modules/hal_nordic/nrfx/libnrfx.a(nrfx_clock_hfclk192m.c.obj)
                0x00002888                nrfx_clock_hfclk192m_start
 .text.nrfx_clock_hfclk192m_irq_handler
                0x000028c4       0x30 modules/hal_nordic/modules/hal_nordic/nrfx/libnrfx.a(nrfx_clock_hfclk192m.c.obj)
                0x000028c4                nrfx_clock_hfclk192m_irq_handler
 .text.nrfx_clock_lfclk_init
                0x000028f4       0x24 modules/hal_nordic/modules/hal_nordic/nrfx/libnrfx.a(nrfx_clock_lfclk.c.obj)
                0x000028f4                nrfx_clock_lfclk_init
 .text.nrfx_clock_lfclk_start
                0x00002918       0x88 modules/hal_nordic/modules/hal_nordic/nrfx/libnrfx.a(nrfx_clock_lfclk.c.obj)
                0x00002918                nrfx_clock_lfclk_start
 .text.nrfx_clock_lfclk_irq_handler
                0x000029a0       0x74 modules/hal_nordic/modules/hal_nordic/nrfx/libnrfx.a(nrfx_clock_lfclk.c.obj)
                0x000029a0                nrfx_clock_lfclk_irq_handler
 .text.nrf_gpio_pin_port_decode
                0x00002a14       0x24 modules/hal_nordic/modules/hal_nordic/nrfx/libnrfx.a(nrfx_gpiote.c.obj)
 .text.get_pin_idx
                0x00002a38       0x14 modules/hal_nordic/modules/hal_nordic/nrfx/libnrfx.a(nrfx_gpiote.c.obj)
 .text.latch_pending_read_and_check
                0x00002a4c       0x38 modules/hal_nordic/modules/hal_nordic/nrfx/libnrfx.a(nrfx_gpiote.c.obj)
 .text.pin_uninit
                0x00002a84       0x78 modules/hal_nordic/modules/hal_nordic/nrfx/libnrfx.a(nrfx_gpiote.c.obj)
 .text.nrfx_gpiote_init
                0x00002afc       0x64 modules/hal_nordic/modules/hal_nordic/nrfx/libnrfx.a(nrfx_gpiote.c.obj)
                0x00002afc                nrfx_gpiote_init
 .text.nrfx_gpiote_channel_free
                0x00002b60       0x14 modules/hal_nordic/modules/hal_nordic/nrfx/libnrfx.a(nrfx_gpiote.c.obj)
                0x00002b60                nrfx_gpiote_channel_free
 .text.nrfx_gpiote_channel_alloc
                0x00002b74       0x20 modules/hal_nordic/modules/hal_nordic/nrfx/libnrfx.a(nrfx_gpiote.c.obj)
                0x00002b74                nrfx_gpiote_channel_alloc
 .text.nrfx_gpiote_irq_handler
                0x00002b94      0x1c8 modules/hal_nordic/modules/hal_nordic/nrfx/libnrfx.a(nrfx_gpiote.c.obj)
                0x00002b94                nrfx_gpiote_irq_handler
 .text.z_fatal_error
                0x00002d5c       0x30 zephyr/kernel/libkernel.a(fatal.c.obj)
                0x00002d5c                z_fatal_error
 .text.z_sys_init_run_level
                0x00002d8c       0x30 zephyr/kernel/libkernel.a(init.c.obj)
 .text.bg_thread_main
                0x00002dbc       0xc4 zephyr/kernel/libkernel.a(init.c.obj)
 .text.z_init_cpu
                0x00002e80       0x70 zephyr/kernel/libkernel.a(init.c.obj)
                0x00002e80                z_init_cpu
 .text.z_cstart
                0x00002ef0       0xd0 zephyr/kernel/libkernel.a(init.c.obj)
                0x00002ef0                z_cstart
 .text.init_mem_slab_obj_core_list
                0x00002fc0       0x28 zephyr/kernel/libkernel.a(mem_slab.c.obj)
 .text.k_mem_slab_alloc
                0x00002fe8       0x5c zephyr/kernel/libkernel.a(mem_slab.c.obj)
                0x00002fe8                k_mem_slab_alloc
 .text.z_impl_k_mutex_lock
                0x00003044       0xe4 zephyr/kernel/libkernel.a(mutex.c.obj)
                0x00003044                z_impl_k_mutex_lock
 .text.z_impl_k_mutex_unlock
                0x00003128       0xa0 zephyr/kernel/libkernel.a(mutex.c.obj)
                0x00003128                z_impl_k_mutex_unlock
 .text.z_impl_k_sem_give
                0x000031c8       0x68 zephyr/kernel/libkernel.a(sem.c.obj)
                0x000031c8                z_impl_k_sem_give
 .text.z_impl_k_sem_take
                0x00003230       0x4c zephyr/kernel/libkernel.a(sem.c.obj)
                0x00003230                z_impl_k_sem_take
 .text.z_setup_new_thread
                0x0000327c       0xcc zephyr/kernel/libkernel.a(thread.c.obj)
                0x0000327c                z_setup_new_thread
 .text.z_dummy_thread_init
                0x00003348       0x1c zephyr/kernel/libkernel.a(thread.c.obj)
                0x00003348                z_dummy_thread_init
 .text.z_swap_irqlock
                0x00003364       0x34 zephyr/kernel/libkernel.a(sched.c.obj)
 .text.ready_thread
                0x00003398       0x80 zephyr/kernel/libkernel.a(sched.c.obj)
 .text.unready_thread
                0x00003418       0x54 zephyr/kernel/libkernel.a(sched.c.obj)
 .text.add_thread_timeout
                0x0000346c       0x1c zephyr/kernel/libkernel.a(sched.c.obj)
 .text.reschedule.isra.0
                0x00003488       0x28 zephyr/kernel/libkernel.a(sched.c.obj)
 .text.move_current_to_end_of_prio_q
                0x000034b0       0x6c zephyr/kernel/libkernel.a(sched.c.obj)
                0x000034b0                move_current_to_end_of_prio_q
 .text.z_pend_curr
                0x0000351c       0x44 zephyr/kernel/libkernel.a(sched.c.obj)
                0x0000351c                z_pend_curr
 .text.z_thread_prio_set
                0x00003560       0xd8 zephyr/kernel/libkernel.a(sched.c.obj)
                0x00003560                z_thread_prio_set
 .text.k_sched_lock
                0x00003638       0x28 zephyr/kernel/libkernel.a(sched.c.obj)
                0x00003638                k_sched_lock
 .text.k_sched_unlock
                0x00003660       0x54 zephyr/kernel/libkernel.a(sched.c.obj)
                0x00003660                k_sched_unlock
 .text.z_sched_init
                0x000036b4       0x10 zephyr/kernel/libkernel.a(sched.c.obj)
                0x000036b4                z_sched_init
 .text.z_impl_k_yield
                0x000036c4       0x84 zephyr/kernel/libkernel.a(sched.c.obj)
                0x000036c4                z_impl_k_yield
 .text.z_tick_sleep
                0x00003748       0x78 zephyr/kernel/libkernel.a(sched.c.obj)
 .text.z_impl_k_sched_current_thread_query
                0x000037c0        0xc zephyr/kernel/libkernel.a(sched.c.obj)
                0x000037c0                z_impl_k_sched_current_thread_query
 .text.z_thread_abort
                0x000037cc      0x144 zephyr/kernel/libkernel.a(sched.c.obj)
                0x000037cc                z_thread_abort
 .text.z_time_slice_size
                0x00003910       0x40 zephyr/kernel/libkernel.a(timeslicing.c.obj)
 .text.slice_timeout
                0x00003950       0x20 zephyr/kernel/libkernel.a(timeslicing.c.obj)
 .text.z_reset_time_slice
                0x00003970       0x44 zephyr/kernel/libkernel.a(timeslicing.c.obj)
                0x00003970                z_reset_time_slice
 .text.z_time_slice
                0x000039b4       0x5c zephyr/kernel/libkernel.a(timeslicing.c.obj)
                0x000039b4                z_time_slice
 .text.z_thread_monitor_exit
                0x00003a10       0x3c zephyr/kernel/libkernel.a(thread_monitor.c.obj)
                0x00003a10                z_thread_monitor_exit
 .text.first    0x00003a4c       0x10 zephyr/kernel/libkernel.a(timeout.c.obj)
 .text.elapsed  0x00003a5c       0x14 zephyr/kernel/libkernel.a(timeout.c.obj)
 .text.remove_timeout
                0x00003a70       0x38 zephyr/kernel/libkernel.a(timeout.c.obj)
 .text.z_add_timeout
                0x00003aa8      0x120 zephyr/kernel/libkernel.a(timeout.c.obj)
                0x00003aa8                z_add_timeout
 .text.sys_clock_announce_locked
                0x00003bc8       0xb8 zephyr/kernel/libkernel.a(timeout.c.obj)
                0x00003bc8                sys_clock_announce_locked
 .text.sys_clock_tick_get
                0x00003c80       0x30 zephyr/kernel/libkernel.a(timeout.c.obj)
                0x00003c80                sys_clock_tick_get
 .text.nrf_cc3xx_platform_init
                0x00003cb0       0x44 /home/goodbyte/ncs/v3.4.0/nrfxlib/crypto/nrf_cc312_platform/lib/cortex-m33/soft-float/no-interrupts/libnrf_cc312_platform_0.9.22.a(nrf_cc3xx_platform.c.obj)
                0x00003cb0                nrf_cc3xx_platform_init
 .text.nrf_cc3xx_platform_abort
                0x00003cf4       0x24 /home/goodbyte/ncs/v3.4.0/nrfxlib/crypto/nrf_cc312_platform/lib/cortex-m33/soft-float/no-interrupts/libnrf_cc312_platform_0.9.22.a(nrf_cc3xx_platform_abort.c.obj)
 .text.CC_PalAbort
                0x00003d18       0x44 /home/goodbyte/ncs/v3.4.0/nrfxlib/crypto/nrf_cc312_platform/lib/cortex-m33/soft-float/no-interrupts/libnrf_cc312_platform_0.9.22.a(nrf_cc3xx_platform_abort.c.obj)
                0x00003d18                CC_PalAbort
 .text.nrf_cc3xx_platform_set_abort
                0x00003d5c       0x10 /home/goodbyte/ncs/v3.4.0/nrfxlib/crypto/nrf_cc312_platform/lib/cortex-m33/soft-float/no-interrupts/libnrf_cc312_platform_0.9.22.a(nrf_cc3xx_platform_abort.c.obj)
                0x00003d5c                nrf_cc3xx_platform_set_abort
 .text.ctr_drbg_reseed_internal
                0x00003d6c       0x9c /home/goodbyte/ncs/v3.4.0/nrfxlib/crypto/nrf_cc312_platform/lib/cortex-m33/soft-float/no-interrupts/libnrf_cc312_platform_0.9.22.a(nrf_cc3xx_platform_ctr_drbg.c.obj)
 .text.nrf_cc3xx_platform_ctr_drbg_init
                0x00003e08      0x124 /home/goodbyte/ncs/v3.4.0/nrfxlib/crypto/nrf_cc312_platform/lib/cortex-m33/soft-float/no-interrupts/libnrf_cc312_platform_0.9.22.a(nrf_cc3xx_platform_ctr_drbg.c.obj)
                0x00003e08                nrf_cc3xx_platform_ctr_drbg_init
 .text.nrf_cc3xx_platform_ctr_drbg_get
                0x00003f2c      0x1c4 /home/goodbyte/ncs/v3.4.0/nrfxlib/crypto/nrf_cc312_platform/lib/cortex-m33/soft-float/no-interrupts/libnrf_cc312_platform_0.9.22.a(nrf_cc3xx_platform_ctr_drbg.c.obj)
                0x00003f2c                nrf_cc3xx_platform_ctr_drbg_get
 .text.nrf_cc3xx_platform_entropy_get
                0x000040f0       0xb8 /home/goodbyte/ncs/v3.4.0/nrfxlib/crypto/nrf_cc312_platform/lib/cortex-m33/soft-float/no-interrupts/libnrf_cc312_platform_0.9.22.a(nrf_cc3xx_platform_entropy.c.obj)
                0x000040f0                nrf_cc3xx_platform_entropy_get
 .text.mutex_free
                0x000041a8       0x34 /home/goodbyte/ncs/v3.4.0/nrfxlib/crypto/nrf_cc312_platform/lib/cortex-m33/soft-float/no-interrupts/libnrf_cc312_platform_0.9.22.a(nrf_cc3xx_platform_mutex.c.obj)
 .text.mutex_lock
                0x000041dc       0x48 /home/goodbyte/ncs/v3.4.0/nrfxlib/crypto/nrf_cc312_platform/lib/cortex-m33/soft-float/no-interrupts/libnrf_cc312_platform_0.9.22.a(nrf_cc3xx_platform_mutex.c.obj)
 .text.mutex_unlock
                0x00004224       0x38 /home/goodbyte/ncs/v3.4.0/nrfxlib/crypto/nrf_cc312_platform/lib/cortex-m33/soft-float/no-interrupts/libnrf_cc312_platform_0.9.22.a(nrf_cc3xx_platform_mutex.c.obj)
 .text.mutex_init
                0x0000425c       0x20 /home/goodbyte/ncs/v3.4.0/nrfxlib/crypto/nrf_cc312_platform/lib/cortex-m33/soft-float/no-interrupts/libnrf_cc312_platform_0.9.22.a(nrf_cc3xx_platform_mutex.c.obj)
 .text.nrf_cc3xx_platform_set_mutexes
                0x0000427c       0x78 /home/goodbyte/ncs/v3.4.0/nrfxlib/crypto/nrf_cc312_platform/lib/cortex-m33/soft-float/no-interrupts/libnrf_cc312_platform_0.9.22.a(nrf_cc3xx_platform_mutex.c.obj)
                0x0000427c                nrf_cc3xx_platform_set_mutexes
 .text.cc3xx_drbg_ctr_update
                0x000042f4      0x12c /home/goodbyte/ncs/v3.4.0/nrfxlib/crypto/nrf_cc312_platform/lib/cortex-m33/soft-float/no-interrupts/libnrf_cc312_platform_0.9.22.a(cc3xx_drbg_ctr.c.obj)
 .text.cc3xx_lowlevel_drbg_ctr_init
                0x00004420       0xc8 /home/goodbyte/ncs/v3.4.0/nrfxlib/crypto/nrf_cc312_platform/lib/cortex-m33/soft-float/no-interrupts/libnrf_cc312_platform_0.9.22.a(cc3xx_drbg_ctr.c.obj)
                0x00004420                cc3xx_lowlevel_drbg_ctr_init
 .text.cc3xx_lowlevel_drbg_ctr_generate
                0x000044e8      0x1f4 /home/goodbyte/ncs/v3.4.0/nrfxlib/crypto/nrf_cc312_platform/lib/cortex-m33/soft-float/no-interrupts/libnrf_cc312_platform_0.9.22.a(cc3xx_drbg_ctr.c.obj)
                0x000044e8                cc3xx_lowlevel_drbg_ctr_generate
 .text.cc3xx_lowlevel_drbg_ctr_reseed
                0x000046dc       0xac /home/goodbyte/ncs/v3.4.0/nrfxlib/crypto/nrf_cc312_platform/lib/cortex-m33/soft-float/no-interrupts/libnrf_cc312_platform_0.9.22.a(cc3xx_drbg_ctr.c.obj)
                0x000046dc                cc3xx_lowlevel_drbg_ctr_reseed
 .text.cc3xx_lowlevel_get_entropy
                0x00004788      0x374 /home/goodbyte/ncs/v3.4.0/nrfxlib/crypto/nrf_cc312_platform/lib/cortex-m33/soft-float/no-interrupts/libnrf_cc312_platform_0.9.22.a(cc3xx_entropy.c.obj)
                0x00004788                cc3xx_lowlevel_get_entropy
 .text.cc3xx_secure_erase_buffer
                0x00004afc        0x8 /home/goodbyte/ncs/v3.4.0/nrfxlib/crypto/nrf_cc312_platform/lib/cortex-m33/soft-float/no-interrupts/libnrf_cc312_platform_0.9.22.a(cc3xx_stdlib.c.obj)
                0x00004afc                cc3xx_secure_erase_buffer
 .text.cc3xx_dpa_hardened_word_copy
                0x00004b04       0x14 /home/goodbyte/ncs/v3.4.0/nrfxlib/crypto/nrf_cc312_platform/lib/cortex-m33/soft-float/no-interrupts/libnrf_cc312_platform_0.9.22.a(cc3xx_stdlib.c.obj)
                0x00004b04                cc3xx_dpa_hardened_word_copy
 .text.CC_LibInitNoRng
                0x00004b18       0x2c /home/goodbyte/ncs/v3.4.0/nrfxlib/crypto/nrf_cc312_platform/lib/cortex-m33/soft-float/no-interrupts/libnrf_cc312_platform_0.9.22.a(cc_lib.c.obj)
                0x00004b18                CC_LibInitNoRng
 .text.CC_LibInit
                0x00004b44       0x48 /home/goodbyte/ncs/v3.4.0/nrfxlib/crypto/nrf_cc312_platform/lib/cortex-m33/soft-float/no-interrupts/libnrf_cc312_platform_0.9.22.a(cc_lib_ctr_drbg.c.obj)
                0x00004b44                CC_LibInit
 .text.CC_HalInit
                0x00004b8c        0x4 /home/goodbyte/ncs/v3.4.0/nrfxlib/crypto/nrf_cc312_platform/lib/cortex-m33/soft-float/no-interrupts/libnrf_cc312_platform_0.9.22.a(cc_hal.c.obj)
                0x00004b8c                CC_HalInit
 .text.CC_HalTerminate
                0x00004b90        0x4 /home/goodbyte/ncs/v3.4.0/nrfxlib/crypto/nrf_cc312_platform/lib/cortex-m33/soft-float/no-interrupts/libnrf_cc312_platform_0.9.22.a(cc_hal.c.obj)
                0x00004b90                CC_HalTerminate
 .text.CC_HalMaskInterrupt
                0x00004b94        0xc /home/goodbyte/ncs/v3.4.0/nrfxlib/crypto/nrf_cc312_platform/lib/cortex-m33/soft-float/no-interrupts/libnrf_cc312_platform_0.9.22.a(cc_hal.c.obj)
                0x00004b94                CC_HalMaskInterrupt
 .text.CC_PalInit
                0x00004ba0       0x74 /home/goodbyte/ncs/v3.4.0/nrfxlib/crypto/nrf_cc312_platform/lib/cortex-m33/soft-float/no-interrupts/libnrf_cc312_platform_0.9.22.a(cc_pal.c.obj)
                0x00004ba0                CC_PalInit
 .text.CC_PalTerminate
                0x00004c14       0x48 /home/goodbyte/ncs/v3.4.0/nrfxlib/crypto/nrf_cc312_platform/lib/cortex-m33/soft-float/no-interrupts/libnrf_cc312_platform_0.9.22.a(cc_pal.c.obj)
                0x00004c14                CC_PalTerminate
 .text.CC_PalDmaInit
                0x00004c5c        0x4 /home/goodbyte/ncs/v3.4.0/nrfxlib/crypto/nrf_cc312_platform/lib/cortex-m33/soft-float/no-interrupts/libnrf_cc312_platform_0.9.22.a(cc_pal_dma.c.obj)
                0x00004c5c                CC_PalDmaInit
 .text.CC_PalDmaTerminate
                0x00004c60        0x4 /home/goodbyte/ncs/v3.4.0/nrfxlib/crypto/nrf_cc312_platform/lib/cortex-m33/soft-float/no-interrupts/libnrf_cc312_platform_0.9.22.a(cc_pal_dma.c.obj)
                0x00004c60                CC_PalDmaTerminate
 .text.CC_PalMemCopyPlat
                0x00004c64        0x4 /home/goodbyte/ncs/v3.4.0/nrfxlib/crypto/nrf_cc312_platform/lib/cortex-m33/soft-float/no-interrupts/libnrf_cc312_platform_0.9.22.a(cc_pal_mem.c.obj)
                0x00004c64                CC_PalMemCopyPlat
 .text.CC_PalMemSetZeroPlat
                0x00004c68       0x1c /home/goodbyte/ncs/v3.4.0/nrfxlib/crypto/nrf_cc312_platform/lib/cortex-m33/soft-float/no-interrupts/libnrf_cc312_platform_0.9.22.a(cc_pal_mem.c.obj)
                0x00004c68                CC_PalMemSetZeroPlat
 .text.CC_PalMutexCreate
                0x00004c84       0x14 /home/goodbyte/ncs/v3.4.0/nrfxlib/crypto/nrf_cc312_platform/lib/cortex-m33/soft-float/no-interrupts/libnrf_cc312_platform_0.9.22.a(cc_pal_mutex.c.obj)
                0x00004c84                CC_PalMutexCreate
 .text.CC_PalMutexDestroy
                0x00004c98       0x14 /home/goodbyte/ncs/v3.4.0/nrfxlib/crypto/nrf_cc312_platform/lib/cortex-m33/soft-float/no-interrupts/libnrf_cc312_platform_0.9.22.a(cc_pal_mutex.c.obj)
                0x00004c98                CC_PalMutexDestroy
 .text.CC_PalMutexLock
                0x00004cac       0x10 /home/goodbyte/ncs/v3.4.0/nrfxlib/crypto/nrf_cc312_platform/lib/cortex-m33/soft-float/no-interrupts/libnrf_cc312_platform_0.9.22.a(cc_pal_mutex.c.obj)
                0x00004cac                CC_PalMutexLock
 .text.CC_PalMutexUnlock
                0x00004cbc       0x14 /home/goodbyte/ncs/v3.4.0/nrfxlib/crypto/nrf_cc312_platform/lib/cortex-m33/soft-float/no-interrupts/libnrf_cc312_platform_0.9.22.a(cc_pal_mutex.c.obj)
                0x00004cbc                CC_PalMutexUnlock
 .text.CC_PalPowerSaveModeInit
                0x00004cd0       0x3c /home/goodbyte/ncs/v3.4.0/nrfxlib/crypto/nrf_cc312_platform/lib/cortex-m33/soft-float/no-interrupts/libnrf_cc312_platform_0.9.22.a(cc_pal_pm.c.obj)
                0x00004cd0                CC_PalPowerSaveModeInit
 .text.CC_PalPowerSaveModeSelect
                0x00004d0c       0x84 /home/goodbyte/ncs/v3.4.0/nrfxlib/crypto/nrf_cc312_platform/lib/cortex-m33/soft-float/no-interrupts/libnrf_cc312_platform_0.9.22.a(cc_pal_pm.c.obj)
                0x00004d0c                CC_PalPowerSaveModeSelect
 .text.cc3xx_lowlevel_rng_get_random_lfsr
                0x00004d90      0x110 /home/goodbyte/ncs/v3.4.0/nrfxlib/crypto/nrf_cc312_platform/lib/cortex-m33/soft-float/no-interrupts/libnrf_cc312_platform_0.9.22.a(cc3xx_rng.c.obj)
                0x00004d90                cc3xx_lowlevel_rng_get_random_lfsr
 .text.cc3xx_lowlevel_rng_get_random_permutation
                0x00004ea0       0x14 /home/goodbyte/ncs/v3.4.0/nrfxlib/crypto/nrf_cc312_platform/lib/cortex-m33/soft-float/no-interrupts/libnrf_cc312_platform_0.9.22.a(cc3xx_rng.c.obj)
                0x00004ea0                cc3xx_lowlevel_rng_get_random_permutation
 .text.init_from_state
                0x00004eb4      0x1f0 /home/goodbyte/ncs/v3.4.0/nrfxlib/crypto/nrf_cc312_platform/lib/cortex-m33/soft-float/no-interrupts/libnrf_cc312_platform_0.9.22.a(cc3xx_aes.c.obj)
 .text.cc3xx_lowlevel_aes_init
                0x000050a4       0xd0 /home/goodbyte/ncs/v3.4.0/nrfxlib/crypto/nrf_cc312_platform/lib/cortex-m33/soft-float/no-interrupts/libnrf_cc312_platform_0.9.22.a(cc3xx_aes.c.obj)
                0x000050a4                cc3xx_lowlevel_aes_init
 .text.cc3xx_lowlevel_aes_get_state
                0x00005174       0x5c /home/goodbyte/ncs/v3.4.0/nrfxlib/crypto/nrf_cc312_platform/lib/cortex-m33/soft-float/no-interrupts/libnrf_cc312_platform_0.9.22.a(cc3xx_aes.c.obj)
                0x00005174                cc3xx_lowlevel_aes_get_state
 .text.cc3xx_lowlevel_aes_set_output_buffer
                0x000051d0        0x4 /home/goodbyte/ncs/v3.4.0/nrfxlib/crypto/nrf_cc312_platform/lib/cortex-m33/soft-float/no-interrupts/libnrf_cc312_platform_0.9.22.a(cc3xx_aes.c.obj)
                0x000051d0                cc3xx_lowlevel_aes_set_output_buffer
 .text.cc3xx_lowlevel_aes_update
                0x000051d4       0x78 /home/goodbyte/ncs/v3.4.0/nrfxlib/crypto/nrf_cc312_platform/lib/cortex-m33/soft-float/no-interrupts/libnrf_cc312_platform_0.9.22.a(cc3xx_aes.c.obj)
                0x000051d4                cc3xx_lowlevel_aes_update
 .text.cc3xx_lowlevel_aes_finish
                0x0000524c      0x16c /home/goodbyte/ncs/v3.4.0/nrfxlib/crypto/nrf_cc312_platform/lib/cortex-m33/soft-float/no-interrupts/libnrf_cc312_platform_0.9.22.a(cc3xx_aes.c.obj)
                0x0000524c                cc3xx_lowlevel_aes_finish
 .text.trigger_dma
                0x000053b8      0x1cc /home/goodbyte/ncs/v3.4.0/nrfxlib/crypto/nrf_cc312_platform/lib/cortex-m33/soft-float/no-interrupts/libnrf_cc312_platform_0.9.22.a(cc3xx_dma.c.obj)
 .text.cc3xx_lowlevel_dma_buffered_input_data
                0x00005584       0xf4 /home/goodbyte/ncs/v3.4.0/nrfxlib/crypto/nrf_cc312_platform/lib/cortex-m33/soft-float/no-interrupts/libnrf_cc312_platform_0.9.22.a(cc3xx_dma.c.obj)
                0x00005584                cc3xx_lowlevel_dma_buffered_input_data
 .text.cc3xx_lowlevel_dma_flush_buffer
                0x00005678       0x38 /home/goodbyte/ncs/v3.4.0/nrfxlib/crypto/nrf_cc312_platform/lib/cortex-m33/soft-float/no-interrupts/libnrf_cc312_platform_0.9.22.a(cc3xx_dma.c.obj)
                0x00005678                cc3xx_lowlevel_dma_flush_buffer
 .text.cc3xx_lowlevel_dma_set_buffer_size
                0x000056b0        0xc /home/goodbyte/ncs/v3.4.0/nrfxlib/crypto/nrf_cc312_platform/lib/cortex-m33/soft-float/no-interrupts/libnrf_cc312_platform_0.9.22.a(cc3xx_dma.c.obj)
                0x000056b0                cc3xx_lowlevel_dma_set_buffer_size
 .text.cc3xx_lowlevel_dma_set_output
                0x000056bc       0x10 /home/goodbyte/ncs/v3.4.0/nrfxlib/crypto/nrf_cc312_platform/lib/cortex-m33/soft-float/no-interrupts/libnrf_cc312_platform_0.9.22.a(cc3xx_dma.c.obj)
                0x000056bc                cc3xx_lowlevel_dma_set_output
 .text.cc3xx_lowlevel_dma_uninit
                0x000056cc       0x10 /home/goodbyte/ncs/v3.4.0/nrfxlib/crypto/nrf_cc312_platform/lib/cortex-m33/soft-float/no-interrupts/libnrf_cc312_platform_0.9.22.a(cc3xx_dma.c.obj)
                0x000056cc                cc3xx_lowlevel_dma_uninit
 .text.cc3xx_lowlevel_set_engine
                0x000056dc       0x28 /home/goodbyte/ncs/v3.4.0/nrfxlib/crypto/nrf_cc312_platform/lib/cortex-m33/soft-float/no-interrupts/libnrf_cc312_platform_0.9.22.a(cc3xx_engine_state.c.obj)
                0x000056dc                cc3xx_lowlevel_set_engine
 .text.cc3xx_lowlevel_noise_source_context_init
                0x00005704       0xb4 /home/goodbyte/ncs/v3.4.0/nrfxlib/crypto/nrf_cc312_platform/lib/cortex-m33/soft-float/no-interrupts/libnrf_cc312_platform_0.9.22.a(cc3xx_noise_source.c.obj)
                0x00005704                cc3xx_lowlevel_noise_source_context_init
 .text.cc3xx_lowlevel_noise_source_init
                0x000057b8       0x6c /home/goodbyte/ncs/v3.4.0/nrfxlib/crypto/nrf_cc312_platform/lib/cortex-m33/soft-float/no-interrupts/libnrf_cc312_platform_0.9.22.a(cc3xx_noise_source.c.obj)
                0x000057b8                cc3xx_lowlevel_noise_source_init
 .text.cc3xx_lowlevel_noise_source_finish
                0x00005824       0x14 /home/goodbyte/ncs/v3.4.0/nrfxlib/crypto/nrf_cc312_platform/lib/cortex-m33/soft-float/no-interrupts/libnrf_cc312_platform_0.9.22.a(cc3xx_noise_source.c.obj)
                0x00005824                cc3xx_lowlevel_noise_source_finish
 .text.cc3xx_lowlevel_noise_source_get_sample
                0x00005838      0x140 /home/goodbyte/ncs/v3.4.0/nrfxlib/crypto/nrf_cc312_platform/lib/cortex-m33/soft-float/no-interrupts/libnrf_cc312_platform_0.9.22.a(cc3xx_noise_source.c.obj)
                0x00005838                cc3xx_lowlevel_noise_source_get_sample
 .text.cc3xx_lowlevel_noise_source_sp800_90b_mode
                0x00005978        0x8 /home/goodbyte/ncs/v3.4.0/nrfxlib/crypto/nrf_cc312_platform/lib/cortex-m33/soft-float/no-interrupts/libnrf_cc312_platform_0.9.22.a(cc3xx_noise_source.c.obj)
                0x00005978                cc3xx_lowlevel_noise_source_sp800_90b_mode
 .text.cc3xx_lowlevel_noise_source_bump_parameters
                0x00005980       0x3c /home/goodbyte/ncs/v3.4.0/nrfxlib/crypto/nrf_cc312_platform/lib/cortex-m33/soft-float/no-interrupts/libnrf_cc312_platform_0.9.22.a(cc3xx_noise_source.c.obj)
                0x00005980                cc3xx_lowlevel_noise_source_bump_parameters
 .text.kmu_validate_slot_and_size_no_kdr
                0x000059bc       0x2c /home/goodbyte/ncs/v3.4.0/nrfxlib/crypto/nrf_cc312_platform/lib/cortex-m33/soft-float/no-interrupts/libnrf_cc312_platform_0.9.22.a(kmu_shared.c.obj)
                0x000059bc                kmu_validate_slot_and_size_no_kdr
 .text.kmu_load_key_aes
                0x000059e8      0x200 /home/goodbyte/ncs/v3.4.0/nrfxlib/crypto/nrf_cc312_platform/lib/cortex-m33/soft-float/no-interrupts/libnrf_cc312_platform_0.9.22.a(kmu_shared.c.obj)
                0x000059e8                kmu_load_key_aes
 .text.__l_vfprintf
                0x00005be8      0x484 /home/goodbyte/ncs/toolchains/fbf7391cab/opt/zephyr-sdk/gnu/arm-zephyr-eabi/bin/../lib/gcc/arm-zephyr-eabi/14.3.0/../../../../arm-zephyr-eabi/lib/thumb/v8-m.main/nofp/space/libc.a(libc_tinystdio_vflprintf.c.o)
                0x00005be8                __l_vfprintf
 .text._OffsetAbsSyms
                0x0000606c        0x2 zephyr/CMakeFiles/offsets.dir/./arch/arm/core/offsets/offsets.c.obj
                0x0000606c                _OffsetAbsSyms
 .text.sensor_thread
                0x0000606e       0x46 app/libapp.a(main.c.obj)
 .text.chunk_field
                0x000060b4       0x16 zephyr/libzephyr.a(heap.c.obj)
 .text.chunk_set
                0x000060ca       0x16 zephyr/libzephyr.a(heap.c.obj)
 .text.chunk_size
                0x000060e0        0xc zephyr/libzephyr.a(heap.c.obj)
 .text.set_chunk_used
                0x000060ec       0x30 zephyr/libzephyr.a(heap.c.obj)
 .text.set_chunk_size
                0x0000611c        0x8 zephyr/libzephyr.a(heap.c.obj)
 .text.undersized_chunk
                0x00006124       0x1c zephyr/libzephyr.a(heap.c.obj)
 .text.bucket_idx
                0x00006140       0x14 zephyr/libzephyr.a(heap.c.obj)
 .text.free_list_add
                0x00006154       0x82 zephyr/libzephyr.a(heap.c.obj)
 .text.sys_heap_init
                0x000061d6       0xa4 zephyr/libzephyr.a(heap.c.obj)
                0x000061d6                sys_heap_init
 .text.arch_printk_char_out
                0x0000627a        0x4 zephyr/libzephyr.a(printk.c.obj)
                0x0000627a                arch_printk_char_out
 .text.printk   0x0000627e       0x1a zephyr/libzephyr.a(printk.c.obj)
                0x0000627e                printk
 .text.process_recheck
                0x00006298       0x38 zephyr/libzephyr.a(onoff.c.obj)
 .text.validate_args
                0x000062d0       0x20 zephyr/libzephyr.a(onoff.c.obj)
 .text.notify_one
                0x000062f0       0x2c zephyr/libzephyr.a(onoff.c.obj)
 .text.transition_complete
                0x0000631c       0x1a zephyr/libzephyr.a(onoff.c.obj)
 .text.onoff_manager_init
                0x00006336       0x26 zephyr/libzephyr.a(onoff.c.obj)
                0x00006336                onoff_manager_init
 .text.onoff_request
                0x0000635c       0x96 zephyr/libzephyr.a(onoff.c.obj)
                0x0000635c                onoff_request
 .text.sys_notify_validate
                0x000063f2       0x22 zephyr/libzephyr.a(notify.c.obj)
                0x000063f2                sys_notify_validate
 .text.sys_notify_finalize
                0x00006414       0x1a zephyr/libzephyr.a(notify.c.obj)
                0x00006414                sys_notify_finalize
 .text._ConfigAbsSyms
                0x0000642e        0x2 zephyr/libzephyr.a(configs.c.obj)
                0x0000642e                _ConfigAbsSyms
 .text.abort_function
                0x00006430        0x2 zephyr/libzephyr.a(nrf_cc3xx_platform_abort_zephyr.c.obj)
 .text.arch_early_memset
                0x00006432        0x4 zephyr/arch/common/libarch__common.a(init.c.obj)
                0x00006432                arch_early_memset
 .text.arch_early_memcpy
                0x00006436        0x4 zephyr/arch/common/libarch__common.a(init.c.obj)
                0x00006436                arch_early_memcpy
 .text.z_do_kernel_oops
                0x0000643a        0x8 zephyr/arch/arch/arm/core/libarch__arm__core.a(fatal.c.obj)
                0x0000643a                z_do_kernel_oops
 .text.z_arm_nmi
                0x00006442        0xe zephyr/arch/arch/arm/core/libarch__arm__core.a(nmi.c.obj)
                0x00006442                z_arm_nmi
 .text.z_irq_spurious
                0x00006450        0x8 zephyr/arch/arch/arm/core/cortex_m/libarch__arm__core__cortex_m.a(irq_manage.c.obj)
                0x00006450                z_irq_spurious
 .text.configure_builtin_stack_guard
                0x00006458        0xa zephyr/arch/arch/arm/core/cortex_m/libarch__arm__core__cortex_m.a(thread.c.obj)
                0x00006458                configure_builtin_stack_guard
 .text.arch_coprocessors_disable
                0x00006462        0x6 zephyr/arch/arch/arm/core/cortex_m/libarch__arm__core__cortex_m.a(thread.c.obj)
                0x00006462                arch_coprocessors_disable
 .text.arch_irq_unlock_outlined
                0x00006468        0xe zephyr/arch/arch/arm/core/cortex_m/libarch__arm__core__cortex_m.a(thread.c.obj)
                0x00006468                arch_irq_unlock_outlined
 .text.arch_cpu_idle
                0x00006476       0x32 zephyr/arch/arch/arm/core/cortex_m/libarch__arm__core__cortex_m.a(cpu_idle.c.obj)
                0x00006476                arch_cpu_idle
 .text.arch_cpu_atomic_idle
                0x000064a8       0x38 zephyr/arch/arch/arm/core/cortex_m/libarch__arm__core__cortex_m.a(cpu_idle.c.obj)
                0x000064a8                arch_cpu_atomic_idle
 .text.arm_cmse_mpu_region_get
                0x000064e0       0x12 zephyr/arch/arch/arm/core/cortex_m/cmse/libarch__arm__core__cortex_m__cmse.a(arm_core_cmse.c.obj)
                0x000064e0                arm_cmse_mpu_region_get
 .text.mpu_configure_region
                0x000064f2       0x32 zephyr/arch/arch/arm/core/mpu/libarch__arm__core__mpu.a(arm_mpu.c.obj)
 .text.picolibc_put
                0x00006524        0xa zephyr/lib/libc/picolibc/liblib__libc__picolibc.a(stdio.c.obj)
 .text.z_arm_on_enter_cpu_idle
                0x0000652e        0x4 zephyr/soc/soc/nrf5340/libsoc__nordic.a(soc.c.obj)
                0x0000652e                z_arm_on_enter_cpu_idle
 .text.onoff_stop
                0x00006532       0x22 zephyr/soc/soc/nrf5340/libsoc__nordic.a(nrf53_cpunet_mgmt.c.obj)
 .text.onoff_start
                0x00006554       0x62 zephyr/soc/soc/nrf5340/libsoc__nordic.a(nrf53_cpunet_mgmt.c.obj)
 .text.z_impl_sys_rand_get
                0x000065b6        0x6 zephyr/subsys/random/libsubsys__random.a(random_entropy_device.c.obj)
                0x000065b6                z_impl_sys_rand_get
 .text.get_status
                0x000065bc       0x12 zephyr/drivers/clock_control/libdrivers__clock_control.a(clock_control_nrf.c.obj)
 .text.stop     0x000065ce       0x50 zephyr/drivers/clock_control/libdrivers__clock_control.a(clock_control_nrf.c.obj)
 .text.api_stop
                0x0000661e        0x6 zephyr/drivers/clock_control/libdrivers__clock_control.a(clock_control_nrf.c.obj)
 .text.async_start
                0x00006624       0x60 zephyr/drivers/clock_control/libdrivers__clock_control.a(clock_control_nrf.c.obj)
 .text.api_start
                0x00006684        0xe zephyr/drivers/clock_control/libdrivers__clock_control.a(clock_control_nrf.c.obj)
 .text.onoff_started_callback
                0x00006692       0x12 zephyr/drivers/clock_control/libdrivers__clock_control.a(clock_control_nrf.c.obj)
 .text.hfclkaudio_start
                0x000066a4        0x6 zephyr/drivers/clock_control/libdrivers__clock_control.a(clock_control_nrf.c.obj)
 .text.hfclk192m_start
                0x000066aa        0x6 zephyr/drivers/clock_control/libdrivers__clock_control.a(clock_control_nrf.c.obj)
 .text.hfclkaudio_stop
                0x000066b0        0x6 zephyr/drivers/clock_control/libdrivers__clock_control.a(clock_control_nrf.c.obj)
 .text.hfclk192m_stop
                0x000066b6        0x6 zephyr/drivers/clock_control/libdrivers__clock_control.a(clock_control_nrf.c.obj)
 .text.blocking_start_callback
                0x000066bc        0x6 zephyr/drivers/clock_control/libdrivers__clock_control.a(clock_control_nrf.c.obj)
 .text.lfclk_stop
                0x000066c2        0x4 zephyr/drivers/clock_control/libdrivers__clock_control.a(clock_control_nrf.c.obj)
 .text.lfclk_start
                0x000066c6        0x4 zephyr/drivers/clock_control/libdrivers__clock_control.a(clock_control_nrf.c.obj)
 .text.entropy_cc3xx_rng_init
                0x000066ca       0x16 zephyr/drivers/entropy/libdrivers__entropy.a(entropy_cc3xx.c.obj)
 .text.entropy_cc3xx_rng_get_entropy
                0x000066e0       0x44 zephyr/drivers/entropy/libdrivers__entropy.a(entropy_cc3xx.c.obj)
 .text.gpio_nrfx_port_get_raw
                0x00006724        0xc zephyr/drivers/gpio/libdrivers__gpio.a(gpio_nrfx.c.obj)
 .text.gpio_nrfx_port_set_masked_raw
                0x00006730       0x14 zephyr/drivers/gpio/libdrivers__gpio.a(gpio_nrfx.c.obj)
 .text.gpio_nrfx_port_set_bits_raw
                0x00006744        0xa zephyr/drivers/gpio/libdrivers__gpio.a(gpio_nrfx.c.obj)
 .text.gpio_nrfx_port_clear_bits_raw
                0x0000674e        0xa zephyr/drivers/gpio/libdrivers__gpio.a(gpio_nrfx.c.obj)
 .text.gpio_nrfx_port_toggle_bits
                0x00006758       0x14 zephyr/drivers/gpio/libdrivers__gpio.a(gpio_nrfx.c.obj)
 .text.gpio_nrfx_manage_callback
                0x0000676c       0x54 zephyr/drivers/gpio/libdrivers__gpio.a(gpio_nrfx.c.obj)
 .text.gpio_nrfx_gpiote_irq_handler
                0x000067c0        0x4 zephyr/drivers/gpio/libdrivers__gpio.a(gpio_nrfx.c.obj)
                0x000067c0                gpio_nrfx_gpiote_irq_handler
 .text.pinctrl_lookup_state
                0x000067c4       0x24 zephyr/drivers/pinctrl/libdrivers__pinctrl.a(common.c.obj)
                0x000067c4                pinctrl_lookup_state
 .text.uarte_nrfx_err_check
                0x000067e8        0xe zephyr/drivers/serial/libdrivers__serial.a(uart_nrfx_uarte.c.obj)
 .text.uarte_nrfx_poll_in
                0x000067f6       0x26 zephyr/drivers/serial/libdrivers__serial.a(uart_nrfx_uarte.c.obj)
 .text.is_tx_ready.isra.0
                0x0000681c       0x20 zephyr/drivers/serial/libdrivers__serial.a(uart_nrfx_uarte.c.obj)
 .text.uarte_nrfx_isr_int
                0x0000683c       0x42 zephyr/drivers/serial/libdrivers__serial.a(uart_nrfx_uarte.c.obj)
 .text.pinctrl_apply_state.isra.0
                0x0000687e       0x1e zephyr/drivers/serial/libdrivers__serial.a(uart_nrfx_uarte.c.obj)
 .text.uarte_0_init
                0x0000689c       0xde zephyr/drivers/serial/libdrivers__serial.a(uart_nrfx_uarte.c.obj)
 .text.event_clear
                0x0000697a       0x18 zephyr/drivers/timer/libdrivers__timer.a(nrf_rtc_timer.c.obj)
 .text.sys_clock_cycle_get_32
                0x00006992        0x8 zephyr/drivers/timer/libdrivers__timer.a(nrf_rtc_timer.c.obj)
                0x00006992                sys_clock_cycle_get_32
 .text.hw_cc3xx_init_internal
                0x0000699a        0x4 modules/nrf/drivers/hw_cc3xx/lib..__nrf__drivers__hw_cc3xx.a(hw_cc3xx.c.obj)
 .text.hw_cc3xx_init
                0x0000699e       0x12 modules/nrf/drivers/hw_cc3xx/lib..__nrf__drivers__hw_cc3xx.a(hw_cc3xx.c.obj)
 .text.nrf53_errata_42
                0x000069b0       0x1a modules/hal_nordic/modules/hal_nordic/nrfx/libnrfx.a(system_nrf5340_application.c.obj)
 .text.nrfx_isr
                0x000069ca        0x6 modules/hal_nordic/modules/hal_nordic/nrfx/libnrfx.a(nrfx_glue.c.obj)
                0x000069ca                nrfx_isr
 .text.nrfx_busy_wait
                0x000069d0        0x4 modules/hal_nordic/modules/hal_nordic/nrfx/libnrfx.a(nrfx_glue.c.obj)
                0x000069d0                nrfx_busy_wait
 .text.nrfx_flag32_alloc
                0x000069d4       0x34 modules/hal_nordic/modules/hal_nordic/nrfx/libnrfx.a(nrfx_flag32_allocator.c.obj)
                0x000069d4                nrfx_flag32_alloc
 .text.nrfx_flag32_free
                0x00006a08       0x32 modules/hal_nordic/modules/hal_nordic/nrfx/libnrfx.a(nrfx_flag32_allocator.c.obj)
                0x00006a08                nrfx_flag32_free
 .text.nrfx_gppi_conn_alloc
                0x00006a3a       0x3e modules/hal_nordic/modules/hal_nordic/nrfx/libnrfx.a(nrfx_gppi_dppi.c.obj)
                0x00006a3a                nrfx_gppi_conn_alloc
 .text.nrfx_clock_start
                0x00006a78       0x1e modules/hal_nordic/modules/hal_nordic/nrfx/libnrfx.a(nrfx_clock.c.obj)
                0x00006a78                nrfx_clock_start
 .text.nrfx_clock_stop
                0x00006a96       0x1e modules/hal_nordic/modules/hal_nordic/nrfx/libnrfx.a(nrfx_clock.c.obj)
                0x00006a96                nrfx_clock_stop
 .text.nrfx_power_clock_irq_handler
                0x00006ab4       0x16 modules/hal_nordic/modules/hal_nordic/nrfx/libnrfx.a(nrfx_clock.c.obj)
                0x00006ab4                nrfx_power_clock_irq_handler
 .text.clock_stop
                0x00006aca       0x38 modules/hal_nordic/modules/hal_nordic/nrfx/libnrfx.a(nrfx_clock_hfclk.c.obj)
 .text.nrfx_clock_hfclk_stop
                0x00006b02        0x4 modules/hal_nordic/modules/hal_nordic/nrfx/libnrfx.a(nrfx_clock_hfclk.c.obj)
                0x00006b02                nrfx_clock_hfclk_stop
 .text.clock_stop
                0x00006b06       0x34 modules/hal_nordic/modules/hal_nordic/nrfx/libnrfx.a(nrfx_clock_hfclkaudio.c.obj)
 .text.nrfx_clock_hfclkaudio_stop
                0x00006b3a        0x4 modules/hal_nordic/modules/hal_nordic/nrfx/libnrfx.a(nrfx_clock_hfclkaudio.c.obj)
                0x00006b3a                nrfx_clock_hfclkaudio_stop
 .text.clock_stop
                0x00006b3e       0x34 modules/hal_nordic/modules/hal_nordic/nrfx/libnrfx.a(nrfx_clock_hfclk192m.c.obj)
 .text.nrfx_clock_hfclk192m_stop
                0x00006b72        0x4 modules/hal_nordic/modules/hal_nordic/nrfx/libnrfx.a(nrfx_clock_hfclk192m.c.obj)
                0x00006b72                nrfx_clock_hfclk192m_stop
 .text.clock_stop
                0x00006b76       0x32 modules/hal_nordic/modules/hal_nordic/nrfx/libnrfx.a(nrfx_clock_lfclk.c.obj)
 .text.nrfx_clock_lfclk_stop
                0x00006ba8        0x4 modules/hal_nordic/modules/hal_nordic/nrfx/libnrfx.a(nrfx_clock_lfclk.c.obj)
                0x00006ba8                nrfx_clock_lfclk_stop
 .text.nrf_gpio_reconfigure
                0x00006bac       0x92 modules/hal_nordic/modules/hal_nordic/nrfx/libnrfx.a(nrfx_gpiote.c.obj)
 .text.nrf_gpio_cfg_sense_set
                0x00006c3e       0x1e modules/hal_nordic/modules/hal_nordic/nrfx/libnrfx.a(nrfx_gpiote.c.obj)
 .text.pin_in_use_by_te
                0x00006c5c       0x16 modules/hal_nordic/modules/hal_nordic/nrfx/libnrfx.a(nrfx_gpiote.c.obj)
 .text.pin_is_output
                0x00006c72       0x16 modules/hal_nordic/modules/hal_nordic/nrfx/libnrfx.a(nrfx_gpiote.c.obj)
 .text.pin_te_get
                0x00006c88       0x14 modules/hal_nordic/modules/hal_nordic/nrfx/libnrfx.a(nrfx_gpiote.c.obj)
 .text.call_handler
                0x00006c9c       0x3e modules/hal_nordic/modules/hal_nordic/nrfx/libnrfx.a(nrfx_gpiote.c.obj)
 .text.release_handler
                0x00006cda       0x52 modules/hal_nordic/modules/hal_nordic/nrfx/libnrfx.a(nrfx_gpiote.c.obj)
 .text.__nrfy_internal_gpiote_events_process
                0x00006d2c       0x4e modules/hal_nordic/modules/hal_nordic/nrfx/libnrfx.a(nrfx_gpiote.c.obj)
 .text.pin_trigger_disable
                0x00006d7a       0x44 modules/hal_nordic/modules/hal_nordic/nrfx/libnrfx.a(nrfx_gpiote.c.obj)
 .text.nrfx_gpiote_input_configure
                0x00006dbe      0x166 modules/hal_nordic/modules/hal_nordic/nrfx/libnrfx.a(nrfx_gpiote.c.obj)
                0x00006dbe                nrfx_gpiote_input_configure
 .text.nrfx_gpiote_output_configure
                0x00006f24       0xea modules/hal_nordic/modules/hal_nordic/nrfx/libnrfx.a(nrfx_gpiote.c.obj)
                0x00006f24                nrfx_gpiote_output_configure
 .text.nrfx_gpiote_global_callback_set
                0x0000700e        0x6 modules/hal_nordic/modules/hal_nordic/nrfx/libnrfx.a(nrfx_gpiote.c.obj)
                0x0000700e                nrfx_gpiote_global_callback_set
 .text.nrfx_gpiote_channel_get
                0x00007014       0x26 modules/hal_nordic/modules/hal_nordic/nrfx/libnrfx.a(nrfx_gpiote.c.obj)
                0x00007014                nrfx_gpiote_channel_get
 .text.nrfx_gpiote_init_check
                0x0000703a        0xc modules/hal_nordic/modules/hal_nordic/nrfx/libnrfx.a(nrfx_gpiote.c.obj)
                0x0000703a                nrfx_gpiote_init_check
 .text.nrfx_gpiote_pin_uninit
                0x00007046        0x4 modules/hal_nordic/modules/hal_nordic/nrfx/libnrfx.a(nrfx_gpiote.c.obj)
                0x00007046                nrfx_gpiote_pin_uninit
 .text.nrfx_gpiote_trigger_enable
                0x0000704a       0xa0 modules/hal_nordic/modules/hal_nordic/nrfx/libnrfx.a(nrfx_gpiote.c.obj)
                0x0000704a                nrfx_gpiote_trigger_enable
 .text.nrfx_gpiote_trigger_disable
                0x000070ea        0x4 modules/hal_nordic/modules/hal_nordic/nrfx/libnrfx.a(nrfx_gpiote.c.obj)
                0x000070ea                nrfx_gpiote_trigger_disable
 .text.z_impl_k_busy_wait
                0x000070ee        0x8 zephyr/kernel/libkernel.a(busy_wait.c.obj)
                0x000070ee                z_impl_k_busy_wait
 .text.do_device_init
                0x000070f6       0x30 zephyr/kernel/libkernel.a(device.c.obj)
                0x000070f6                do_device_init
 .text.z_impl_device_is_ready
                0x00007126       0x16 zephyr/kernel/libkernel.a(device.c.obj)
                0x00007126                z_impl_device_is_ready
 .text.arch_system_halt
                0x0000713c       0x10 zephyr/kernel/libkernel.a(fatal.c.obj)
                0x0000713c                arch_system_halt
 .text.k_sys_fatal_error_handler
                0x0000714c        0x6 zephyr/kernel/libkernel.a(fatal.c.obj)
                0x0000714c                k_sys_fatal_error_handler
 .text.create_free_list
                0x00007152       0x44 zephyr/kernel/libkernel.a(mem_slab.c.obj)
 .text.k_mem_slab_init
                0x00007196       0x1a zephyr/kernel/libkernel.a(mem_slab.c.obj)
                0x00007196                k_mem_slab_init
 .text.k_mem_slab_free
                0x000071b0       0x70 zephyr/kernel/libkernel.a(mem_slab.c.obj)
                0x000071b0                k_mem_slab_free
 .text.idle     0x00007220       0x16 zephyr/kernel/libkernel.a(idle.c.obj)
                0x00007220                idle
 .text.adjust_owner_prio.isra.0
                0x00007236       0x10 zephyr/kernel/libkernel.a(mutex.c.obj)
 .text.z_impl_k_mutex_init
                0x00007246        0xe zephyr/kernel/libkernel.a(mutex.c.obj)
                0x00007246                z_impl_k_mutex_init
 .text.k_is_in_isr
                0x00007254        0xc zephyr/kernel/libkernel.a(thread.c.obj)
                0x00007254                k_is_in_isr
 .text.sys_dlist_remove
                0x00007260       0x10 zephyr/kernel/libkernel.a(sched.c.obj)
 .text.unpend_thread_no_timeout
                0x00007270       0x14 zephyr/kernel/libkernel.a(sched.c.obj)
 .text.add_to_waitq_locked
                0x00007284       0x4c zephyr/kernel/libkernel.a(sched.c.obj)
 .text.z_ready_thread
                0x000072d0       0x1e zephyr/kernel/libkernel.a(sched.c.obj)
                0x000072d0                z_ready_thread
 .text.z_sched_wake_thread_locked
                0x000072ee       0x28 zephyr/kernel/libkernel.a(sched.c.obj)
                0x000072ee                z_sched_wake_thread_locked
 .text.z_thread_timeout
                0x00007316       0x20 zephyr/kernel/libkernel.a(sched.c.obj)
                0x00007316                z_thread_timeout
 .text.z_reschedule
                0x00007336        0x6 zephyr/kernel/libkernel.a(sched.c.obj)
                0x00007336                z_reschedule
 .text.z_impl_k_sleep
                0x0000733c       0x32 zephyr/kernel/libkernel.a(sched.c.obj)
                0x0000733c                z_impl_k_sleep
 .text.z_impl_k_wakeup
                0x0000736e       0x40 zephyr/kernel/libkernel.a(sched.c.obj)
                0x0000736e                z_impl_k_wakeup
 .text.next_timeout
                0x000073ae       0x2e zephyr/kernel/libkernel.a(timeout.c.obj)
 .text.z_abort_timeout
                0x000073dc       0x6a zephyr/kernel/libkernel.a(timeout.c.obj)
                0x000073dc                z_abort_timeout
 .text.sys_clock_tick_get_32
                0x00007446        0x8 zephyr/kernel/libkernel.a(timeout.c.obj)
                0x00007446                sys_clock_tick_get_32
 .text.main     0x0000744e        0x6 zephyr/kernel/libkernel.a(main_weak.c.obj)
                0x0000744e                main
 .text.boot_banner
                0x00007454        0x2 zephyr/kernel/libkernel.a(banner.c.obj)
                0x00007454                boot_banner
 .text.memcpy   0x00007456       0x1a /home/goodbyte/ncs/toolchains/fbf7391cab/opt/zephyr-sdk/gnu/arm-zephyr-eabi/bin/../lib/gcc/arm-zephyr-eabi/14.3.0/../../../../arm-zephyr-eabi/lib/thumb/v8-m.main/nofp/space/libc.a(memcpy.c.o)
                0x00007456                memcpy
                0x00007456                __aeabi_memcpy
                0x00007456                __aeabi_memcpy4
                0x00007456                __aeabi_memcpy8
 .text.memmove  0x00007470       0x32 /home/goodbyte/ncs/toolchains/fbf7391cab/opt/zephyr-sdk/gnu/arm-zephyr-eabi/bin/../lib/gcc/arm-zephyr-eabi/14.3.0/../../../../arm-zephyr-eabi/lib/thumb/v8-m.main/nofp/space/libc.a(memmove.c.o)
                0x00007470                memmove
                0x00007470                __aeabi_memmove8
                0x00007470                __aeabi_memmove
                0x00007470                __aeabi_memmove4
 .text.memset   0x000074a2       0x10 /home/goodbyte/ncs/toolchains/fbf7391cab/opt/zephyr-sdk/gnu/arm-zephyr-eabi/bin/../lib/gcc/arm-zephyr-eabi/14.3.0/../../../../arm-zephyr-eabi/lib/thumb/v8-m.main/nofp/space/libc.a(memset.c.o)
                0x000074a2                memset
 .text.strncpy  0x000074b2       0x26 /home/goodbyte/ncs/toolchains/fbf7391cab/opt/zephyr-sdk/gnu/arm-zephyr-eabi/bin/../lib/gcc/arm-zephyr-eabi/14.3.0/../../../../arm-zephyr-eabi/lib/thumb/v8-m.main/nofp/space/libc.a(libc_string_strncpy.c.o)
                0x000074b2                strncpy
 .text.strnlen  0x000074d8       0x18 /home/goodbyte/ncs/toolchains/fbf7391cab/opt/zephyr-sdk/gnu/arm-zephyr-eabi/bin/../lib/gcc/arm-zephyr-eabi/14.3.0/../../../../arm-zephyr-eabi/lib/thumb/v8-m.main/nofp/space/libc.a(libc_string_strnlen.c.o)
                0x000074d8                strnlen
 .text.__ultoa_invert
                0x000074f0       0xac /home/goodbyte/ncs/toolchains/fbf7391cab/opt/zephyr-sdk/gnu/arm-zephyr-eabi/bin/../lib/gcc/arm-zephyr-eabi/14.3.0/../../../../arm-zephyr-eabi/lib/thumb/v8-m.main/nofp/space/libc.a(libc_tinystdio_vflprintf.c.o)
 *(SORT_BY_ALIGNMENT(.gnu.linkonce.t.*))
 *(SORT_BY_ALIGNMENT(.glue_7t))
 .glue_7t       0x0000759c        0x0 linker stubs
 *(SORT_BY_ALIGNMENT(.glue_7))
 .glue_7        0x0000759c        0x0 linker stubs
 *(SORT_BY_ALIGNMENT(.vfp11_veneer))
 .vfp11_veneer  0x0000759c        0x0 linker stubs
 *(SORT_BY_ALIGNMENT(.v4_bx))
 .v4_bx         0x0000759c        0x0 linker stubs
                0x0000759c                        . = ALIGN (0x4)
                0x0000759c                        __text_region_end = .

.ARM.exidx      0x0000759c        0x8
                0x0000759c                        __exidx_start = .
 *(SORT_BY_ALIGNMENT(.ARM.exidx*) SORT_BY_ALIGNMENT(gnu.linkonce.armexidx.*))
 .ARM.exidx     0x0000759c        0x8 /home/goodbyte/ncs/toolchains/fbf7391cab/opt/zephyr-sdk/gnu/arm-zephyr-eabi/bin/../lib/gcc/arm-zephyr-eabi/14.3.0/thumb/v8-m.main/nofp/space/libgcc.a(_udivmoddi4.o)
                0x000075a4                        __exidx_end = .
                0x000075a4                        __rodata_region_start = .

initlevel       0x000075a4       0x68
                0x000075a4                        __init_start = .
                0x000075a4                        __init_EARLY_start = .
 *(SORT_BY_NAME(SORT_BY_ALIGNMENT(.z_init_EARLY_P_?_*)))
 .z_init_EARLY_P_0_SUB_0_
                0x000075a4        0x8 zephyr/soc/soc/nrf5340/libsoc__nordic.a(gppi_init.c.obj)
 *(SORT_BY_NAME(SORT_BY_ALIGNMENT(.z_init_EARLY_P_??_*)))
 *(SORT_BY_NAME(SORT_BY_ALIGNMENT(.z_init_EARLY_P_???_*)))
                0x000075ac                        __init_PRE_KERNEL_1_start = .
 *(SORT_BY_NAME(SORT_BY_ALIGNMENT(.z_init_PRE_KERNEL_1_P_?_*)))
 *(SORT_BY_NAME(SORT_BY_ALIGNMENT(.z_init_PRE_KERNEL_1_P_??_*)))
 .z_init_PRE_KERNEL_1_P_30_SUB_00090_
                0x000075ac        0x8 zephyr/drivers/clock_control/libdrivers__clock_control.a(clock_control_nrf.c.obj)
 .z_init_PRE_KERNEL_1_P_30_SUB_0_
                0x000075b4        0x8 zephyr/kernel/libkernel.a(mem_slab.c.obj)
 .z_init_PRE_KERNEL_1_P_40_SUB_00012_
                0x000075bc        0x8 zephyr/drivers/gpio/libdrivers__gpio.a(gpio_nrfx.c.obj)
 .z_init_PRE_KERNEL_1_P_40_SUB_00036_
                0x000075c4        0x8 zephyr/drivers/gpio/libdrivers__gpio.a(gpio_nrfx.c.obj)
 .z_init_PRE_KERNEL_1_P_40_SUB_0_
                0x000075cc        0x8 modules/nrf/drivers/hw_cc3xx/lib..__nrf__drivers__hw_cc3xx.a(hw_cc3xx.c.obj)
 .z_init_PRE_KERNEL_1_P_50_SUB_00071_
                0x000075d4        0x8 zephyr/drivers/entropy/libdrivers__entropy.a(entropy_cc3xx.c.obj)
 .z_init_PRE_KERNEL_1_P_50_SUB_00128_
                0x000075dc        0x8 zephyr/drivers/serial/libdrivers__serial.a(uart_nrfx_uarte.c.obj)
 .z_init_PRE_KERNEL_1_P_60_SUB_0_
                0x000075e4        0x8 zephyr/drivers/console/libdrivers__console.a(uart_console.c.obj)
 *(SORT_BY_NAME(SORT_BY_ALIGNMENT(.z_init_PRE_KERNEL_1_P_???_*)))
                0x000075ec                        __init_PRE_KERNEL_2_start = .
 *(SORT_BY_NAME(SORT_BY_ALIGNMENT(.z_init_PRE_KERNEL_2_P_?_*)))
 .z_init_PRE_KERNEL_2_P_0_SUB_0_
                0x000075ec        0x8 zephyr/drivers/timer/libdrivers__timer.a(nrf_rtc_timer.c.obj)
 *(SORT_BY_NAME(SORT_BY_ALIGNMENT(.z_init_PRE_KERNEL_2_P_??_*)))
 *(SORT_BY_NAME(SORT_BY_ALIGNMENT(.z_init_PRE_KERNEL_2_P_???_*)))
                0x000075f4                        __init_POST_KERNEL_start = .
 *(SORT_BY_NAME(SORT_BY_ALIGNMENT(.z_init_POST_KERNEL_P_?_*)))
 *(SORT_BY_NAME(SORT_BY_ALIGNMENT(.z_init_POST_KERNEL_P_??_*)))
 .z_init_POST_KERNEL_P_35_SUB_0_
                0x000075f4        0x8 zephyr/lib/libc/common/liblib__libc__common.a(malloc.c.obj)
 .z_init_POST_KERNEL_P_40_SUB_0_
                0x000075fc        0x8 modules/nrf/drivers/hw_cc3xx/lib..__nrf__drivers__hw_cc3xx.a(hw_cc3xx.c.obj)
 *(SORT_BY_NAME(SORT_BY_ALIGNMENT(.z_init_POST_KERNEL_P_???_*)))
                0x00007604                        __init_APPLICATION_start = .
 *(SORT_BY_NAME(SORT_BY_ALIGNMENT(.z_init_APPLICATION_P_?_*)))
 .z_init_APPLICATION_P_0_SUB_0_
                0x00007604        0x8 zephyr/libzephyr.a(banner.c.obj)
 *(SORT_BY_NAME(SORT_BY_ALIGNMENT(.z_init_APPLICATION_P_??_*)))
 *(SORT_BY_NAME(SORT_BY_ALIGNMENT(.z_init_APPLICATION_P_???_*)))
                0x0000760c                        __init_SMP_start = .
 *(SORT_BY_NAME(SORT_BY_ALIGNMENT(.z_init_SMP_P_?_*)))
 *(SORT_BY_NAME(SORT_BY_ALIGNMENT(.z_init_SMP_P_??_*)))
 *(SORT_BY_NAME(SORT_BY_ALIGNMENT(.z_init_SMP_P_???_*)))
                0x0000760c                        __init_end = .

device_area     0x0000760c       0x8c
                0x0000760c                        _device_list_start = .
 *(SORT_BY_NAME(SORT_BY_ALIGNMENT(._device.static.*_?_*)))
 *(SORT_BY_NAME(SORT_BY_ALIGNMENT(._device.static.*_??_*)))
 ._device.static.1_30_
                0x0000760c       0x1c zephyr/drivers/clock_control/libdrivers__clock_control.a(clock_control_nrf.c.obj)
                0x0000760c                __device_dts_ord_90
 ._device.static.1_40_
                0x00007628       0x38 zephyr/drivers/gpio/libdrivers__gpio.a(gpio_nrfx.c.obj)
                0x00007628                __device_dts_ord_36
                0x00007644                __device_dts_ord_12
 ._device.static.1_50_
                0x00007660       0x1c zephyr/drivers/entropy/libdrivers__entropy.a(entropy_cc3xx.c.obj)
                0x00007660                __device_dts_ord_71
 ._device.static.1_50_
                0x0000767c       0x1c zephyr/drivers/serial/libdrivers__serial.a(uart_nrfx_uarte.c.obj)
                0x0000767c                __device_dts_ord_128
 *(SORT_BY_NAME(SORT_BY_ALIGNMENT(._device.static.*_???_*)))
 *(SORT_BY_NAME(SORT_BY_ALIGNMENT(._device.static.*_????_*)))
 *(SORT_BY_NAME(SORT_BY_ALIGNMENT(._device.static.*_?????_*)))
                0x00007698                        _device_list_end = .

sw_isr_table    0x00007698      0x228
                0x00007698                        . = ALIGN (0x4)
 *(SORT_BY_ALIGNMENT(.gnu.linkonce.sw_isr_table*))
 .gnu.linkonce.sw_isr_table
                0x00007698      0x228 zephyr/arch/common/libisr_tables.a(isr_tables.c.obj)
                0x00007698                _sw_isr_table

initlevel_error
 *(SORT_BY_NAME(SORT_BY_ALIGNMENT(.z_init_*)))
                0x00000001                        ASSERT ((SIZEOF (initlevel_error) == 0x0), Undefined initialization levels used.)

app_shmem_regions
                0x000078c0        0x0
                0x000078c0                        __app_shmem_regions_start = .
 *(SORT_BY_NAME(SORT_BY_ALIGNMENT(.app_regions.*)))
                0x000078c0                        __app_shmem_regions_end = .

k_p4wq_initparam_area
                0x000078c0        0x0
                0x000078c0                        _k_p4wq_initparam_list_start = .
 *(SORT_BY_NAME(SORT_BY_ALIGNMENT(._k_p4wq_initparam.static.*)))
                0x000078c0                        _k_p4wq_initparam_list_end = .

_static_thread_data_area
                0x000078c0       0x90
                0x000078c0                        __static_thread_data_list_start = .
 *(SORT_BY_NAME(SORT_BY_ALIGNMENT(.__static_thread_data.static.*)))
 .__static_thread_data.static._k_thread_data_logger_id_
                0x000078c0       0x30 app/libapp.a(main.c.obj)
                0x000078c0                _k_thread_data_logger_id
 .__static_thread_data.static._k_thread_data_sensor_humidity_id_
                0x000078f0       0x30 app/libapp.a(main.c.obj)
                0x000078f0                _k_thread_data_sensor_humidity_id
 .__static_thread_data.static._k_thread_data_sensor_temp_id_
                0x00007920       0x30 app/libapp.a(main.c.obj)
                0x00007920                _k_thread_data_sensor_temp_id
                0x00007950                        __static_thread_data_list_end = .

device_deps     0x00007950        0x0
                0x00007950                        __device_deps_start = .
 *(SORT_BY_NAME(SORT_BY_ALIGNMENT(.__device_deps_pass2*)))
                0x00007950                        __device_deps_end = .

entropy_driver_api_area
                0x00007950        0x0
                0x00007950                        _entropy_driver_api_list_start = .
 *(SORT_BY_NAME(SORT_BY_ALIGNMENT(._entropy_driver_api.static.*)))
                0x00007950                        _entropy_driver_api_list_end = .

gpio_driver_api_area
                0x00007950       0x24
                0x00007950                        _gpio_driver_api_list_start = .
 *(SORT_BY_NAME(SORT_BY_ALIGNMENT(._gpio_driver_api.static.*)))
 ._gpio_driver_api.static.gpio_nrfx_drv_api_funcs_
                0x00007950       0x24 zephyr/drivers/gpio/libdrivers__gpio.a(gpio_nrfx.c.obj)
                0x00007974                        _gpio_driver_api_list_end = .

shared_irq_driver_api_area
                0x00007974        0x0
                0x00007974                        _shared_irq_driver_api_list_start = .
 *(SORT_BY_NAME(SORT_BY_ALIGNMENT(._shared_irq_driver_api.static.*)))
                0x00007974                        _shared_irq_driver_api_list_end = .

crypto_driver_api_area
                0x00007974        0x0
                0x00007974                        _crypto_driver_api_list_start = .
 *(SORT_BY_NAME(SORT_BY_ALIGNMENT(._crypto_driver_api.static.*)))
                0x00007974                        _crypto_driver_api_list_end = .

adc_driver_api_area
                0x00007974        0x0
                0x00007974                        _adc_driver_api_list_start = .
 *(SORT_BY_NAME(SORT_BY_ALIGNMENT(._adc_driver_api.static.*)))
                0x00007974                        _adc_driver_api_list_end = .

auxdisplay_driver_api_area
                0x00007974        0x0
                0x00007974                        _auxdisplay_driver_api_list_start = .
 *(SORT_BY_NAME(SORT_BY_ALIGNMENT(._auxdisplay_driver_api.static.*)))
                0x00007974                        _auxdisplay_driver_api_list_end = .

bbram_driver_api_area
                0x00007974        0x0
                0x00007974                        _bbram_driver_api_list_start = .
 *(SORT_BY_NAME(SORT_BY_ALIGNMENT(._bbram_driver_api.static.*)))
                0x00007974                        _bbram_driver_api_list_end = .

biometric_driver_api_area
                0x00007974        0x0
                0x00007974                        _biometric_driver_api_list_start = .
 *(SORT_BY_NAME(SORT_BY_ALIGNMENT(._biometric_driver_api.static.*)))
                0x00007974                        _biometric_driver_api_list_end = .

bt_hci_driver_api_area
                0x00007974        0x0
                0x00007974                        _bt_hci_driver_api_list_start = .
 *(SORT_BY_NAME(SORT_BY_ALIGNMENT(._bt_hci_driver_api.static.*)))
                0x00007974                        _bt_hci_driver_api_list_end = .

can_driver_api_area
                0x00007974        0x0
                0x00007974                        _can_driver_api_list_start = .
 *(SORT_BY_NAME(SORT_BY_ALIGNMENT(._can_driver_api.static.*)))
                0x00007974                        _can_driver_api_list_end = .

cellular_driver_api_area
                0x00007974        0x0
                0x00007974                        _cellular_driver_api_list_start = .
 *(SORT_BY_NAME(SORT_BY_ALIGNMENT(._cellular_driver_api.static.*)))
                0x00007974                        _cellular_driver_api_list_end = .

charger_driver_api_area
                0x00007974        0x0
                0x00007974                        _charger_driver_api_list_start = .
 *(SORT_BY_NAME(SORT_BY_ALIGNMENT(._charger_driver_api.static.*)))
                0x00007974                        _charger_driver_api_list_end = .

clock_control_driver_api_area
                0x00007974       0x1c
                0x00007974                        _clock_control_driver_api_list_start = .
 *(SORT_BY_NAME(SORT_BY_ALIGNMENT(._clock_control_driver_api.static.*)))
 ._clock_control_driver_api.static.clock_control_api_
                0x00007974       0x1c zephyr/drivers/clock_control/libdrivers__clock_control.a(clock_control_nrf.c.obj)
                0x00007990                        _clock_control_driver_api_list_end = .

comparator_driver_api_area
                0x00007990        0x0
                0x00007990                        _comparator_driver_api_list_start = .
 *(SORT_BY_NAME(SORT_BY_ALIGNMENT(._comparator_driver_api.static.*)))
                0x00007990                        _comparator_driver_api_list_end = .

coredump_driver_api_area
                0x00007990        0x0
                0x00007990                        _coredump_driver_api_list_start = .
 *(SORT_BY_NAME(SORT_BY_ALIGNMENT(._coredump_driver_api.static.*)))
                0x00007990                        _coredump_driver_api_list_end = .

counter_driver_api_area
                0x00007990        0x0
                0x00007990                        _counter_driver_api_list_start = .
 *(SORT_BY_NAME(SORT_BY_ALIGNMENT(._counter_driver_api.static.*)))
                0x00007990                        _counter_driver_api_list_end = .

crc_driver_api_area
                0x00007990        0x0
                0x00007990                        _crc_driver_api_list_start = .
 *(SORT_BY_NAME(SORT_BY_ALIGNMENT(._crc_driver_api.static.*)))
                0x00007990                        _crc_driver_api_list_end = .

dac_driver_api_area
                0x00007990        0x0
                0x00007990                        _dac_driver_api_list_start = .
 *(SORT_BY_NAME(SORT_BY_ALIGNMENT(._dac_driver_api.static.*)))
                0x00007990                        _dac_driver_api_list_end = .

dai_driver_api_area
                0x00007990        0x0
                0x00007990                        _dai_driver_api_list_start = .
 *(SORT_BY_NAME(SORT_BY_ALIGNMENT(._dai_driver_api.static.*)))
                0x00007990                        _dai_driver_api_list_end = .

display_driver_api_area
                0x00007990        0x0
                0x00007990                        _display_driver_api_list_start = .
 *(SORT_BY_NAME(SORT_BY_ALIGNMENT(._display_driver_api.static.*)))
                0x00007990                        _display_driver_api_list_end = .

dma_driver_api_area
                0x00007990        0x0
                0x00007990                        _dma_driver_api_list_start = .
 *(SORT_BY_NAME(SORT_BY_ALIGNMENT(._dma_driver_api.static.*)))
                0x00007990                        _dma_driver_api_list_end = .

edac_driver_api_area
                0x00007990        0x0
                0x00007990                        _edac_driver_api_list_start = .
 *(SORT_BY_NAME(SORT_BY_ALIGNMENT(._edac_driver_api.static.*)))
                0x00007990                        _edac_driver_api_list_end = .

eeprom_driver_api_area
                0x00007990        0x0
                0x00007990                        _eeprom_driver_api_list_start = .
 *(SORT_BY_NAME(SORT_BY_ALIGNMENT(._eeprom_driver_api.static.*)))
                0x00007990                        _eeprom_driver_api_list_end = .

emul_bbram_driver_api_area
                0x00007990        0x0
                0x00007990                        _emul_bbram_driver_api_list_start = .
 *(SORT_BY_NAME(SORT_BY_ALIGNMENT(._emul_bbram_driver_api.static.*)))
                0x00007990                        _emul_bbram_driver_api_list_end = .

fuel_gauge_emul_driver_api_area
                0x00007990        0x0
                0x00007990                        _fuel_gauge_emul_driver_api_list_start = .
 *(SORT_BY_NAME(SORT_BY_ALIGNMENT(._fuel_gauge_emul_driver_api.static.*)))
                0x00007990                        _fuel_gauge_emul_driver_api_list_end = .

emul_sensor_driver_api_area
                0x00007990        0x0
                0x00007990                        _emul_sensor_driver_api_list_start = .
 *(SORT_BY_NAME(SORT_BY_ALIGNMENT(._emul_sensor_driver_api.static.*)))
                0x00007990                        _emul_sensor_driver_api_list_end = .

espi_driver_api_area
                0x00007990        0x0
                0x00007990                        _espi_driver_api_list_start = .
 *(SORT_BY_NAME(SORT_BY_ALIGNMENT(._espi_driver_api.static.*)))
                0x00007990                        _espi_driver_api_list_end = .

espi_saf_driver_api_area
                0x00007990        0x0
                0x00007990                        _espi_saf_driver_api_list_start = .
 *(SORT_BY_NAME(SORT_BY_ALIGNMENT(._espi_saf_driver_api.static.*)))
                0x00007990                        _espi_saf_driver_api_list_end = .

flash_driver_api_area
                0x00007990        0x0
                0x00007990                        _flash_driver_api_list_start = .
 *(SORT_BY_NAME(SORT_BY_ALIGNMENT(._flash_driver_api.static.*)))
                0x00007990                        _flash_driver_api_list_end = .

fpga_driver_api_area
                0x00007990        0x0
                0x00007990                        _fpga_driver_api_list_start = .
 *(SORT_BY_NAME(SORT_BY_ALIGNMENT(._fpga_driver_api.static.*)))
                0x00007990                        _fpga_driver_api_list_end = .

fuel_gauge_driver_api_area
                0x00007990        0x0
                0x00007990                        _fuel_gauge_driver_api_list_start = .
 *(SORT_BY_NAME(SORT_BY_ALIGNMENT(._fuel_gauge_driver_api.static.*)))
                0x00007990                        _fuel_gauge_driver_api_list_end = .

gnss_driver_api_area
                0x00007990        0x0
                0x00007990                        _gnss_driver_api_list_start = .
 *(SORT_BY_NAME(SORT_BY_ALIGNMENT(._gnss_driver_api.static.*)))
                0x00007990                        _gnss_driver_api_list_end = .

haptics_driver_api_area
                0x00007990        0x0
                0x00007990                        _haptics_driver_api_list_start = .
 *(SORT_BY_NAME(SORT_BY_ALIGNMENT(._haptics_driver_api.static.*)))
                0x00007990                        _haptics_driver_api_list_end = .

hwspinlock_driver_api_area
                0x00007990        0x0
                0x00007990                        _hwspinlock_driver_api_list_start = .
 *(SORT_BY_NAME(SORT_BY_ALIGNMENT(._hwspinlock_driver_api.static.*)))
                0x00007990                        _hwspinlock_driver_api_list_end = .

i2c_driver_api_area
                0x00007990        0x0
                0x00007990                        _i2c_driver_api_list_start = .
 *(SORT_BY_NAME(SORT_BY_ALIGNMENT(._i2c_driver_api.static.*)))
                0x00007990                        _i2c_driver_api_list_end = .

i2c_target_driver_api_area
                0x00007990        0x0
                0x00007990                        _i2c_target_driver_api_list_start = .
 *(SORT_BY_NAME(SORT_BY_ALIGNMENT(._i2c_target_driver_api.static.*)))
                0x00007990                        _i2c_target_driver_api_list_end = .

i2s_driver_api_area
                0x00007990        0x0
                0x00007990                        _i2s_driver_api_list_start = .
 *(SORT_BY_NAME(SORT_BY_ALIGNMENT(._i2s_driver_api.static.*)))
                0x00007990                        _i2s_driver_api_list_end = .

i3c_driver_api_area
                0x00007990        0x0
                0x00007990                        _i3c_driver_api_list_start = .
 *(SORT_BY_NAME(SORT_BY_ALIGNMENT(._i3c_driver_api.static.*)))
                0x00007990                        _i3c_driver_api_list_end = .

ipm_driver_api_area
                0x00007990        0x0
                0x00007990                        _ipm_driver_api_list_start = .
 *(SORT_BY_NAME(SORT_BY_ALIGNMENT(._ipm_driver_api.static.*)))
                0x00007990                        _ipm_driver_api_list_end = .

led_driver_api_area
                0x00007990        0x0
                0x00007990                        _led_driver_api_list_start = .
 *(SORT_BY_NAME(SORT_BY_ALIGNMENT(._led_driver_api.static.*)))
                0x00007990                        _led_driver_api_list_end = .

led_strip_driver_api_area
                0x00007990        0x0
                0x00007990                        _led_strip_driver_api_list_start = .
 *(SORT_BY_NAME(SORT_BY_ALIGNMENT(._led_strip_driver_api.static.*)))
                0x00007990                        _led_strip_driver_api_list_end = .

lora_driver_api_area
                0x00007990        0x0
                0x00007990                        _lora_driver_api_list_start = .
 *(SORT_BY_NAME(SORT_BY_ALIGNMENT(._lora_driver_api.static.*)))
                0x00007990                        _lora_driver_api_list_end = .

mbox_driver_api_area
                0x00007990        0x0
                0x00007990                        _mbox_driver_api_list_start = .
 *(SORT_BY_NAME(SORT_BY_ALIGNMENT(._mbox_driver_api.static.*)))
                0x00007990                        _mbox_driver_api_list_end = .

mdio_driver_api_area
                0x00007990        0x0
                0x00007990                        _mdio_driver_api_list_start = .
 *(SORT_BY_NAME(SORT_BY_ALIGNMENT(._mdio_driver_api.static.*)))
                0x00007990                        _mdio_driver_api_list_end = .

mipi_dbi_driver_api_area
                0x00007990        0x0
                0x00007990                        _mipi_dbi_driver_api_list_start = .
 *(SORT_BY_NAME(SORT_BY_ALIGNMENT(._mipi_dbi_driver_api.static.*)))
                0x00007990                        _mipi_dbi_driver_api_list_end = .

mipi_dsi_driver_api_area
                0x00007990        0x0
                0x00007990                        _mipi_dsi_driver_api_list_start = .
 *(SORT_BY_NAME(SORT_BY_ALIGNMENT(._mipi_dsi_driver_api.static.*)))
                0x00007990                        _mipi_dsi_driver_api_list_end = .

mspi_driver_api_area
                0x00007990        0x0
                0x00007990                        _mspi_driver_api_list_start = .
 *(SORT_BY_NAME(SORT_BY_ALIGNMENT(._mspi_driver_api.static.*)))
                0x00007990                        _mspi_driver_api_list_end = .

opamp_driver_api_area
                0x00007990        0x0
                0x00007990                        _opamp_driver_api_list_start = .
 *(SORT_BY_NAME(SORT_BY_ALIGNMENT(._opamp_driver_api.static.*)))
                0x00007990                        _opamp_driver_api_list_end = .

otp_driver_api_area
                0x00007990        0x0
                0x00007990                        _otp_driver_api_list_start = .
 *(SORT_BY_NAME(SORT_BY_ALIGNMENT(._otp_driver_api.static.*)))
                0x00007990                        _otp_driver_api_list_end = .

peci_driver_api_area
                0x00007990        0x0
                0x00007990                        _peci_driver_api_list_start = .
 *(SORT_BY_NAME(SORT_BY_ALIGNMENT(._peci_driver_api.static.*)))
                0x00007990                        _peci_driver_api_list_end = .

ps2_driver_api_area
                0x00007990        0x0
                0x00007990                        _ps2_driver_api_list_start = .
 *(SORT_BY_NAME(SORT_BY_ALIGNMENT(._ps2_driver_api.static.*)))
                0x00007990                        _ps2_driver_api_list_end = .

ptp_clock_driver_api_area