Archive member included to satisfy reference by file (symbol)

app/libapp.a(main.c.obj)      (--whole-archive)
zephyr/libzephyr.a(validate_libc.c.obj)
                              (--whole-archive)
zephyr/libzephyr.a(heap.c.obj)
                              (--whole-archive)
zephyr/libzephyr.a(cbprintf_packaged.c.obj)
                              (--whole-archive)
zephyr/libzephyr.a(clock.c.obj)
                              (--whole-archive)
zephyr/libzephyr.a(printk.c.obj)
                              (--whole-archive)
zephyr/libzephyr.a(sem.c.obj)
                              (--whole-archive)
zephyr/libzephyr.a(thread_entry.c.obj)
                              (--whole-archive)
zephyr/libzephyr.a(cbprintf_complete.c.obj)
                              (--whole-archive)
zephyr/libzephyr.a(assert.c.obj)
                              (--whole-archive)
zephyr/libzephyr.a(dec.c.obj)
                              (--whole-archive)
zephyr/libzephyr.a(hex.c.obj)
                              (--whole-archive)
zephyr/libzephyr.a(rb.c.obj)  (--whole-archive)
zephyr/libzephyr.a(set.c.obj)
                              (--whole-archive)
zephyr/libzephyr.a(timeutil.c.obj)
                              (--whole-archive)
zephyr/libzephyr.a(bitarray.c.obj)
                              (--whole-archive)
zephyr/libzephyr.a(bitmask.c.obj)
                              (--whole-archive)
zephyr/libzephyr.a(getopt.c.obj)
                              (--whole-archive)
zephyr/libzephyr.a(getopt_common.c.obj)
                              (--whole-archive)
zephyr/libzephyr.a(onoff.c.obj)
                              (--whole-archive)
zephyr/libzephyr.a(notify.c.obj)
                              (--whole-archive)
zephyr/libzephyr.a(ring_buffer.c.obj)
                              (--whole-archive)
zephyr/libzephyr.a(last_section_id.c.obj)
                              (--whole-archive)
zephyr/libzephyr.a(configs.c.obj)
                              (--whole-archive)
zephyr/libzephyr.a(thread_info.c.obj)
                              (--whole-archive)
zephyr/libzephyr.a(mem_attr.c.obj)
                              (--whole-archive)
zephyr/libzephyr.a(tracing_none.c.obj)
                              (--whole-archive)
zephyr/libzephyr.a(banner.c.obj)
                              (--whole-archive)
zephyr/libzephyr.a(nrf_cc3xx_platform_abort_zephyr.c.obj)
                              (--whole-archive)
zephyr/libzephyr.a(nrf_cc3xx_platform_mutex_zephyr.c.obj)
                              (--whole-archive)
zephyr/arch/common/libarch__common.a(sw_isr_common.c.obj)
                              (--whole-archive)
zephyr/arch/common/libarch__common.a(init.c.obj)
                              (--whole-archive)
zephyr/arch/common/libarch__common.a(xip.c.obj)
                              (--whole-archive)
zephyr/arch/arch/arm/core/libarch__arm__core.a(fatal.c.obj)
                              (--whole-archive)
zephyr/arch/arch/arm/core/libarch__arm__core.a(nmi.c.obj)
                              (--whole-archive)
zephyr/arch/arch/arm/core/libarch__arm__core.a(nmi_on_reset.S.obj)
                              (--whole-archive)
zephyr/arch/arch/arm/core/libarch__arm__core.a(tls.c.obj)
                              (--whole-archive)
zephyr/arch/arch/arm/core/cortex_m/libarch__arm__core__cortex_m.a(fault.c.obj)
                              (--whole-archive)
zephyr/arch/arch/arm/core/cortex_m/libarch__arm__core__cortex_m.a(fault_s.S.obj)
                              (--whole-archive)
zephyr/arch/arch/arm/core/cortex_m/libarch__arm__core__cortex_m.a(fpu.c.obj)
                              (--whole-archive)
zephyr/arch/arch/arm/core/cortex_m/libarch__arm__core__cortex_m.a(reset.S.obj)
                              (--whole-archive)
zephyr/arch/arch/arm/core/cortex_m/libarch__arm__core__cortex_m.a(scb.c.obj)
                              (--whole-archive)
zephyr/arch/arch/arm/core/cortex_m/libarch__arm__core__cortex_m.a(vector_table.S.obj)
                              (--whole-archive)
zephyr/arch/arch/arm/core/cortex_m/libarch__arm__core__cortex_m.a(svc.S.obj)
                              (--whole-archive)
zephyr/arch/arch/arm/core/cortex_m/libarch__arm__core__cortex_m.a(irq_manage.c.obj)
                              (--whole-archive)
zephyr/arch/arch/arm/core/cortex_m/libarch__arm__core__cortex_m.a(prep_c.c.obj)
                              (--whole-archive)
zephyr/arch/arch/arm/core/cortex_m/libarch__arm__core__cortex_m.a(thread.c.obj)
                              (--whole-archive)
zephyr/arch/arch/arm/core/cortex_m/libarch__arm__core__cortex_m.a(cpu_idle.c.obj)
                              (--whole-archive)
zephyr/arch/arch/arm/core/cortex_m/libarch__arm__core__cortex_m.a(exc_exit.c.obj)
                              (--whole-archive)
zephyr/arch/arch/arm/core/cortex_m/libarch__arm__core__cortex_m.a(thread_abort.c.obj)
                              (--whole-archive)
[...]
Memory Configuration

Name             Origin             Length             Attributes
FLASH            0x00000000         0x00100000         xr
RAM              0x20000000         0x00070000         xw
IDT_LIST         0xffff7fff         0x00008000         xw
*default*        0x00000000         0xffffffff

Linker script and memory map

                0x00003af4                        vfprintf = __l_vfprintf
                0x00000000                        vfscanf = __l_vfscanf
LOAD zephyr/CMakeFiles/zephyr_final.dir/misc/empty_file.c.obj
LOAD zephyr/CMakeFiles/zephyr_final.dir/isr_tables.c.obj
LOAD zephyr/CMakeFiles/offsets.dir/./arch/arm/core/offsets/offsets.c.obj
LOAD app/libapp.a
LOAD zephyr/libzephyr.a
LOAD zephyr/arch/common/libarch__common.a
LOAD zephyr/arch/arch/arm/core/libarch__arm__core.a
LOAD zephyr/arch/arch/arm/core/cortex_m/libarch__arm__core__cortex_m.a
LOAD zephyr/arch/arch/arm/core/cortex_m/cmse/libarch__arm__core__cortex_m__cmse.a
LOAD zephyr/arch/arch/arm/core/mpu/libarch__arm__core__mpu.a
LOAD zephyr/lib/libc/picolibc/liblib__libc__picolibc.a
LOAD zephyr/lib/libc/common/liblib__libc__common.a
LOAD zephyr/lib/posix/c_lib_ext/liblib__posix__c_lib_ext.a
LOAD zephyr/soc/soc/nrf5340/libsoc__nordic.a
LOAD zephyr/drivers/clock_control/libdrivers__clock_control.a
LOAD zephyr/drivers/console/libdrivers__console.a
LOAD zephyr/drivers/gpio/libdrivers__gpio.a
LOAD zephyr/drivers/pinctrl/libdrivers__pinctrl.a
LOAD zephyr/drivers/serial/libdrivers__serial.a
LOAD zephyr/drivers/timer/libdrivers__timer.a
LOAD modules/nrf/drivers/hw_cc3xx/lib..__nrf__drivers__hw_cc3xx.a
LOAD modules/hal_nordic/modules/hal_nordic/nrfx/libnrfx.a
LOAD zephyr/kernel/libkernel.a
LOAD zephyr/arch/common/libisr_tables.a
LOAD /home/goodbyte/ncs/v3.4.0/nrfxlib/crypto/nrf_cc312_platform/lib/cortex-m33/soft-float/no-interrupts/libnrf_cc312_platform_0.9.22.a
LOAD /home/goodbyte/ncs/toolchains/fbf7391cab/opt/zephyr-sdk/gnu/arm-zephyr-eabi/bin/../lib/gcc/arm-zephyr-eabi/14.3.0/../../../../arm-zephyr-eabi/lib/thumb/v8-m.main/nofp/space/libc.a
LOAD /home/goodbyte/ncs/toolchains/fbf7391cab/opt/zephyr-sdk/gnu/arm-zephyr-eabi/bin/../lib/gcc/arm-zephyr-eabi/14.3.0/thumb/v8-m.main/nofp/space/libgcc.a
                0x00000020                        _region_min_align = 0x20

.rel.plt        0x00000000        0x0
 *(SORT_BY_ALIGNMENT(.rel.plt))
                [!provide]                        PROVIDE (__rel_iplt_start = .)
 *(SORT_BY_ALIGNMENT(.rel.iplt))
 .rel.iplt      0x00000000        0x0 zephyr/CMakeFiles/zephyr_final.dir/isr_tables.c.obj
                [!provide]                        PROVIDE (__rel_iplt_end = .)

.rela.plt       0x00000000        0x0
 *(SORT_BY_ALIGNMENT(.rela.plt))
                [!provide]                        PROVIDE (__rela_iplt_start = .)
 *(SORT_BY_ALIGNMENT(.rela.iplt))
                [!provide]                        PROVIDE (__rela_iplt_end = .)

.rel.dyn
 *(SORT_BY_ALIGNMENT(.rel.*))

.rela.dyn
 *(SORT_BY_ALIGNMENT(.rela.*))

/DISCARD/
 *(SORT_BY_ALIGNMENT(.plt))

/DISCARD/
 *(SORT_BY_ALIGNMENT(.iplt))
                0x00000000                        __rom_region_start = 0x0

rom_start       0x00000000      0x154
                0x00000000                        __rom_start_address = .
 FILL mask 0x00
                0x00000000                        . = (. + (0x0 - (. - __rom_start_address)))
                0x00000000                        . = ALIGN (0x4)
                0x00000000                        . = ALIGN (0x80)
                0x00000000                        . = ALIGN (0x200)
                0x00000000                        _vector_start = .
 *(SORT_BY_ALIGNMENT(.exc_vector_table))
 *(SORT_BY_ALIGNMENT(.exc_vector_table.*))
 .exc_vector_table._vector_table_section
                0x00000000       0x40 zephyr/arch/arch/arm/core/cortex_m/libarch__arm__core__cortex_m.a(vector_table.S.obj)
                0x00000000                _vector_table
 *(SORT_BY_ALIGNMENT(.vectors))
                0x00000154                        _vector_end = .
                0x00000040                        . = ALIGN (0x4)
 *(SORT_BY_ALIGNMENT(.gnu.linkonce.irq_vector_table*))
 .gnu.linkonce.irq_vector_table
                0x00000040      0x114 zephyr/CMakeFiles/zephyr_final.dir/isr_tables.c.obj
                0x00000040                _irq_vector_table
                0x00000154                        _vector_end = .

text            0x00000154     0x527c
                0x00000154                        __text_region_start = .
 *(SORT_BY_ALIGNMENT(.text))
 *(SORT_BY_ALIGNMENT(.text.*))
 .text.thread0_func
                0x00000154       0x18 app/libapp.a(main.c.obj)
                0x00000154                thread0_func
 .text.thread1_func
                0x0000016c       0x18 app/libapp.a(main.c.obj)
                0x0000016c                thread1_func
 .text.char_out
                0x00000184        0xc zephyr/libzephyr.a(printk.c.obj)
 .text.__printk_hook_install
                0x00000190        0xc zephyr/libzephyr.a(printk.c.obj)
                0x00000190                __printk_hook_install
 .text.vprintk  0x0000019c       0x30 zephyr/libzephyr.a(printk.c.obj)
                0x0000019c                vprintk
 .text.z_thread_entry
                0x000001cc       0x34 zephyr/libzephyr.a(thread_entry.c.obj)
                0x000001cc                z_thread_entry
 .text.process_event
                0x00000200      0x1e8 zephyr/libzephyr.a(onoff.c.obj)
 .text.mem_attr_get_regions
                0x000003e8        0xc zephyr/libzephyr.a(mem_attr.c.obj)
                0x000003e8                mem_attr_get_regions
 .text.ncs_boot_banner
                0x000003f4       0x1c zephyr/libzephyr.a(banner.c.obj)
 .text.nrf_cc3xx_platform_abort_init
                0x00000410        0xc zephyr/libzephyr.a(nrf_cc3xx_platform_abort_zephyr.c.obj)
                0x00000410                nrf_cc3xx_platform_abort_init
 .text.mutex_free_platform
                0x0000041c       0x54 zephyr/libzephyr.a(nrf_cc3xx_platform_mutex_zephyr.c.obj)
 .text.mutex_lock_platform
                0x00000470       0x74 zephyr/libzephyr.a(nrf_cc3xx_platform_mutex_zephyr.c.obj)
 .text.mutex_unlock_platform
                0x000004e4       0x68 zephyr/libzephyr.a(nrf_cc3xx_platform_mutex_zephyr.c.obj)
 .text.mutex_init_platform
                0x0000054c       0x94 zephyr/libzephyr.a(nrf_cc3xx_platform_mutex_zephyr.c.obj)
 .text.nrf_cc3xx_platform_mutex_init
                0x000005e0       0x2c zephyr/libzephyr.a(nrf_cc3xx_platform_mutex_zephyr.c.obj)
                0x000005e0                nrf_cc3xx_platform_mutex_init
 .text.arch_bss_zero
                0x0000060c       0x18 zephyr/arch/common/libarch__common.a(init.c.obj)
                0x0000060c                arch_bss_zero
 .text.arch_data_copy
                0x00000624       0x38 zephyr/arch/common/libarch__common.a(xip.c.obj)
                0x00000624                arch_data_copy
 .text.z_arm_fatal_error
                0x0000065c       0x60 zephyr/arch/arch/arm/core/libarch__arm__core.a(fatal.c.obj)
                0x0000065c                z_arm_fatal_error
 .text.z_SysNmiOnReset
                0x000006bc        0x8 zephyr/arch/arch/arm/core/libarch__arm__core.a(nmi_on_reset.S.obj)
                0x000006bc                z_SysNmiOnReset
 .text.arch_tls_stack_setup
                0x000006c4       0x40 zephyr/arch/arch/arm/core/libarch__arm__core.a(tls.c.obj)
                0x000006c4                arch_tls_stack_setup
 .text.usage_fault.isra.0
                0x00000704       0xa8 zephyr/arch/arch/arm/core/cortex_m/libarch__arm__core__cortex_m.a(fault.c.obj)
 .text.bus_fault.isra.0
                0x000007ac       0xb8 zephyr/arch/arch/arm/core/cortex_m/libarch__arm__core__cortex_m.a(fault.c.obj)
 .text.mem_manage_fault.isra.0
                0x00000864       0xbc zephyr/arch/arch/arm/core/cortex_m/libarch__arm__core__cortex_m.a(fault.c.obj)
 .text.z_arm_fault
                0x00000920      0x1a8 zephyr/arch/arch/arm/core/cortex_m/libarch__arm__core__cortex_m.a(fault.c.obj)
                0x00000920                z_arm_fault
 .text.z_arm_fault_init
                0x00000ac8       0x20 zephyr/arch/arch/arm/core/cortex_m/libarch__arm__core__cortex_m.a(fault.c.obj)
                0x00000ac8                z_arm_fault_init
 .text.__fault  0x00000ae8       0x14 zephyr/arch/arch/arm/core/cortex_m/libarch__arm__core__cortex_m.a(fault_s.S.obj)
                0x00000ae8                z_arm_bus_fault
                0x00000ae8                z_arm_usage_fault
                0x00000ae8                z_arm_mpu_fault
                0x00000ae8                z_arm_exc_spurious
                0x00000ae8                z_arm_debug_monitor
                0x00000ae8                z_arm_hard_fault
 .text._reset_section
                0x00000afc       0x68 zephyr/arch/arch/arm/core/cortex_m/libarch__arm__core__cortex_m.a(reset.S.obj)
                0x00000afc                z_arm_reset
                0x00000afc                __start
 .text.z_arm_clear_arm_mpu_config
                0x00000b64       0x24 zephyr/arch/arch/arm/core/cortex_m/libarch__arm__core__cortex_m.a(scb.c.obj)
                0x00000b64                z_arm_clear_arm_mpu_config
 .text.z_arm_init_arch_hw_at_boot
                0x00000b88       0x4c zephyr/arch/arch/arm/core/cortex_m/libarch__arm__core__cortex_m.a(scb.c.obj)
                0x00000b88                z_arm_init_arch_hw_at_boot
 .text.z_arm_svc
                0x00000bd4       0x24 zephyr/arch/arch/arm/core/cortex_m/libarch__arm__core__cortex_m.a(svc.S.obj)
                0x00000bd4                z_arm_svc
 .text.arm_irq_enable
                0x00000bf8       0x1c zephyr/arch/arch/arm/core/cortex_m/libarch__arm__core__cortex_m.a(irq_manage.c.obj)
                0x00000bf8                arm_irq_enable
 .text.arm_irq_is_enabled
                0x00000c14       0x1c zephyr/arch/arch/arm/core/cortex_m/libarch__arm__core__cortex_m.a(irq_manage.c.obj)
                0x00000c14                arm_irq_is_enabled
 .text.arm_irq_priority_set
                0x00000c30       0x2c zephyr/arch/arch/arm/core/cortex_m/libarch__arm__core__cortex_m.a(irq_manage.c.obj)
                0x00000c30                arm_irq_priority_set
 .text.relocate_vector_table
                0x00000c5c       0x1c zephyr/arch/arch/arm/core/cortex_m/libarch__arm__core__cortex_m.a(prep_c.c.obj)
                0x00000c5c                relocate_vector_table
 .text.z_prep_c
                0x00000c78       0x28 zephyr/arch/arch/arm/core/cortex_m/libarch__arm__core__cortex_m.a(prep_c.c.obj)
                0x00000c78                z_prep_c
 .text.arch_new_thread
                0x00000ca0       0x38 zephyr/arch/arch/arm/core/cortex_m/libarch__arm__core__cortex_m.a(thread.c.obj)
                0x00000ca0                arch_new_thread
 .text.arch_switch_to_main_thread
                0x00000cd8       0x44 zephyr/arch/arch/arm/core/cortex_m/libarch__arm__core__cortex_m.a(thread.c.obj)
                0x00000cd8                arch_switch_to_main_thread
 .text.z_arm_cpu_idle_init
                0x00000d1c        0xc zephyr/arch/arch/arm/core/cortex_m/libarch__arm__core__cortex_m.a(cpu_idle.c.obj)
                0x00000d1c                z_arm_cpu_idle_init
 .text._HandlerModeExit
                0x00000d28       0x20 zephyr/arch/arch/arm/core/cortex_m/libarch__arm__core__cortex_m.a(exc_exit.c.obj)
                0x00000d28                z_arm_exc_exit
                0x00000d28                z_arm_int_exit
 .text.z_impl_k_thread_abort
                0x00000d48       0x2c zephyr/arch/arch/arm/core/cortex_m/libarch__arm__core__cortex_m.a(thread_abort.c.obj)
                0x00000d48                z_impl_k_thread_abort
 .text.z_arm_pendsv
                0x00000d74       0x68 zephyr/arch/arch/arm/core/cortex_m/libarch__arm__core__cortex_m.a(swap_helper.S.obj)
                0x00000d74                z_arm_pendsv
 .text.z_arm_interrupt_init
                0x00000ddc       0x18 zephyr/arch/arch/arm/core/cortex_m/libarch__arm__core__cortex_m.a(irq_init.c.obj)
                0x00000ddc                z_arm_interrupt_init
 .text._isr_wrapper
                0x00000df4       0x24 zephyr/arch/arch/arm/core/cortex_m/libarch__arm__core__cortex_m.a(isr_wrapper.c.obj)
                0x00000df4                _isr_wrapper
 .text.__aeabi_read_tp
                0x00000e18        0xc zephyr/arch/arch/arm/core/cortex_m/libarch__arm__core__cortex_m.a(__aeabi_read_tp.S.obj)
                0x00000e18                __aeabi_read_tp
 .text.z_arm_configure_static_mpu_regions
                0x00000e24       0x3c zephyr/arch/arch/arm/core/mpu/libarch__arm__core__mpu.a(arm_core_mpu.c.obj)
                0x00000e24                z_arm_configure_static_mpu_regions
 .text.region_init
                0x00000e60       0x30 zephyr/arch/arch/arm/core/mpu/libarch__arm__core__mpu.a(arm_mpu.c.obj)
 .text.region_allocate_and_init
                0x00000e90       0x24 zephyr/arch/arch/arm/core/mpu/libarch__arm__core__mpu.a(arm_mpu.c.obj)
 .text.mpu_configure_regions_and_partition.constprop.0
                0x00000eb4      0x140 zephyr/arch/arch/arm/core/mpu/libarch__arm__core__mpu.a(arm_mpu.c.obj)
 .text.arm_core_mpu_enable
                0x00000ff4       0x18 zephyr/arch/arch/arm/core/mpu/libarch__arm__core__mpu.a(arm_mpu.c.obj)
                0x00000ff4                arm_core_mpu_enable
 .text.arm_core_mpu_disable
                0x0000100c       0x14 zephyr/arch/arch/arm/core/mpu/libarch__arm__core__mpu.a(arm_mpu.c.obj)
                0x0000100c                arm_core_mpu_disable
 .text.arm_core_mpu_configure_static_mpu_regions
                0x00001020       0x14 zephyr/arch/arch/arm/core/mpu/libarch__arm__core__mpu.a(arm_mpu.c.obj)
                0x00001020                arm_core_mpu_configure_static_mpu_regions
 .text.arm_core_mpu_mark_areas_for_dynamic_regions
                0x00001034       0xb8 zephyr/arch/arch/arm/core/mpu/libarch__arm__core__mpu.a(arm_mpu.c.obj)
                0x00001034                arm_core_mpu_mark_areas_for_dynamic_regions
 .text.z_arm_mpu_init
                0x000010ec      0x164 zephyr/arch/arch/arm/core/mpu/libarch__arm__core__mpu.a(arm_mpu.c.obj)
                0x000010ec                z_arm_mpu_init
 .text.z_impl_zephyr_fputc
                0x00001250       0x10 zephyr/lib/libc/picolibc/liblib__libc__picolibc.a(stdio.c.obj)
                0x00001250                z_impl_zephyr_fputc
 .text.__stdout_hook_install
                0x00001260       0x18 zephyr/lib/libc/picolibc/liblib__libc__picolibc.a(stdio.c.obj)
                0x00001260                __stdout_hook_install
 .text.malloc_prepare
                0x00001278       0x24 zephyr/lib/libc/common/liblib__libc__common.a(malloc.c.obj)
 .text.nrf53_anomaly_160_check
                0x0000129c       0x64 zephyr/soc/soc/nrf5340/libsoc__nordic.a(soc.c.obj)
 .text.nrf_gpio_pin_control_select.constprop.0
                0x00001300       0x1c zephyr/soc/soc/nrf5340/libsoc__nordic.a(soc.c.obj)
 .text.soc_early_init_hook
                0x0000131c       0x3c zephyr/soc/soc/nrf5340/libsoc__nordic.a(soc.c.obj)
                0x0000131c                soc_early_init_hook
 .text.soc_late_init_hook
                0x00001358       0x48 zephyr/soc/soc/nrf5340/libsoc__nordic.a(soc.c.obj)
                0x00001358                soc_late_init_hook
 .text.arch_busy_wait
                0x000013a0       0x24 zephyr/soc/soc/nrf5340/libsoc__nordic.a(soc.c.obj)
                0x000013a0                arch_busy_wait
 .text.assign_pins
                0x000013c4       0x54 zephyr/soc/soc/nrf5340/libsoc__nordic.a(nrf53_cpunet_mgmt.c.obj)
 .text.nrf53_cpunet_mgmt_init
                0x00001418       0x10 zephyr/soc/soc/nrf5340/libsoc__nordic.a(nrf53_cpunet_mgmt.c.obj)
                0x00001418                nrf53_cpunet_mgmt_init
 .text.gppi_init
                0x00001428       0x1c zephyr/soc/soc/nrf5340/libsoc__nordic.a(gppi_init.c.obj)
 .text.onoff_stop
                0x00001444       0x30 zephyr/drivers/clock_control/libdrivers__clock_control.a(clock_control_nrf.c.obj)
 .text.onoff_start
                0x00001474       0x44 zephyr/drivers/clock_control/libdrivers__clock_control.a(clock_control_nrf.c.obj)
 .text.clk_init
                0x000014b8       0x60 zephyr/drivers/clock_control/libdrivers__clock_control.a(clock_control_nrf.c.obj)
 .text.api_blocking_start
                0x00001518       0x30 zephyr/drivers/clock_control/libdrivers__clock_control.a(clock_control_nrf.c.obj)
 .text.generic_hfclk_stop
                0x00001548       0x34 zephyr/drivers/clock_control/libdrivers__clock_control.a(clock_control_nrf.c.obj)
 .text.clkstarted_handle.constprop.0
                0x0000157c       0x4c zephyr/drivers/clock_control/libdrivers__clock_control.a(clock_control_nrf.c.obj)
 .text.generic_hfclk_start
                0x000015c8       0x78 zephyr/drivers/clock_control/libdrivers__clock_control.a(clock_control_nrf.c.obj)
 .text.clock_event_handler
                0x00001640       0x34 zephyr/drivers/clock_control/libdrivers__clock_control.a(clock_control_nrf.c.obj)
 .text.z_nrf_clock_control_lf_on
                0x00001674       0xfc zephyr/drivers/clock_control/libdrivers__clock_control.a(clock_control_nrf.c.obj)
                0x00001674                z_nrf_clock_control_lf_on
 .text.uart_console_init
                0x00001770       0x28 zephyr/drivers/console/libdrivers__console.a(uart_console.c.obj)
 .text.console_out
                0x00001798       0x28 zephyr/drivers/console/libdrivers__console.a(uart_console.c.obj)
 .text.gpio_nrfx_pin_configure
                0x000017c0      0x180 zephyr/drivers/gpio/libdrivers__gpio.a(gpio_nrfx.c.obj)
 .text.nrfx_gpio_handler
                0x00001940       0x4c zephyr/drivers/gpio/libdrivers__gpio.a(gpio_nrfx.c.obj)
 .text.gpio_nrfx_init
                0x0000198c       0x3c zephyr/drivers/gpio/libdrivers__gpio.a(gpio_nrfx.c.obj)
 .text.gpio_nrfx_pin_interrupt_configure
                0x000019c8      0x108 zephyr/drivers/gpio/libdrivers__gpio.a(gpio_nrfx.c.obj)
 .text.nrf_gpio_pin_port_decode
                0x00001ad0       0x24 zephyr/drivers/pinctrl/libdrivers__pinctrl.a(pinctrl_nrf.c.obj)
 .text.pinctrl_configure_pins
                0x00001af4      0x1a4 zephyr/drivers/pinctrl/libdrivers__pinctrl.a(pinctrl_nrf.c.obj)
                0x00001af4                pinctrl_configure_pins
 .text.uarte_nrfx_poll_out
                0x00001c98       0xb8 zephyr/drivers/serial/libdrivers__serial.a(uart_nrfx_uarte.c.obj)
 .text.compare_int_lock
                0x00001d50       0x44 zephyr/drivers/timer/libdrivers__timer.a(nrf_rtc_timer.c.obj)
 .text.sys_clock_timeout_handler
                0x00001d94       0x58 zephyr/drivers/timer/libdrivers__timer.a(nrf_rtc_timer.c.obj)
 .text.compare_int_unlock
                0x00001dec       0x4c zephyr/drivers/timer/libdrivers__timer.a(nrf_rtc_timer.c.obj)
 .text.z_nrf_rtc_timer_read
                0x00001e38       0x44 zephyr/drivers/timer/libdrivers__timer.a(nrf_rtc_timer.c.obj)
                0x00001e38                z_nrf_rtc_timer_read
 .text.compare_set
                0x00001e7c      0x124 zephyr/drivers/timer/libdrivers__timer.a(nrf_rtc_timer.c.obj)
 .text.sys_clock_driver_init
                0x00001fa0       0x90 zephyr/drivers/timer/libdrivers__timer.a(nrf_rtc_timer.c.obj)
 .text.rtc_nrf_isr
                0x00002030       0xcc zephyr/drivers/timer/libdrivers__timer.a(nrf_rtc_timer.c.obj)
                0x00002030                rtc_nrf_isr
 .text.sys_clock_set_timeout
                0x000020fc       0x5c zephyr/drivers/timer/libdrivers__timer.a(nrf_rtc_timer.c.obj)
                0x000020fc                sys_clock_set_timeout
 .text.sys_clock_elapsed
                0x00002158       0x14 zephyr/drivers/timer/libdrivers__timer.a(nrf_rtc_timer.c.obj)
                0x00002158                sys_clock_elapsed
 .text.SystemInit
                0x0000216c      0x1b0 modules/hal_nordic/modules/hal_nordic/nrfx/libnrfx.a(system_nrf5340_application.c.obj)
                0x0000216c                SystemInit
 .text.nrfx_gppi_init
                0x0000231c        0xc modules/hal_nordic/modules/hal_nordic/nrfx/libnrfx.a(nrfx_gppi_dppi.c.obj)
                0x0000231c                nrfx_gppi_init
 .text.nrfx_gppi_domain_conn_alloc
                0x00002328       0x1c modules/hal_nordic/modules/hal_nordic/nrfx/libnrfx.a(nrfx_gppi_dppi.c.obj)
                0x00002328                nrfx_gppi_domain_conn_alloc
 .text.nrfx_gppi_conn_enable
                0x00002344       0x10 modules/hal_nordic/modules/hal_nordic/nrfx/libnrfx.a(nrfx_gppi_dppi.c.obj)
                0x00002344                nrfx_gppi_conn_enable
 .text.hfclk_event_handler
                0x00002354        0xc modules/hal_nordic/modules/hal_nordic/nrfx/libnrfx.a(nrfx_clock.c.obj)
 .text.lfclk_event_handler
                0x00002360        0xc modules/hal_nordic/modules/hal_nordic/nrfx/libnrfx.a(nrfx_clock.c.obj)
 .text.hfclk192m_event_handler
                0x0000236c        0xc modules/hal_nordic/modules/hal_nordic/nrfx/libnrfx.a(nrfx_clock.c.obj)
 .text.hfclkaudio_event_handler
                0x00002378        0xc modules/hal_nordic/modules/hal_nordic/nrfx/libnrfx.a(nrfx_clock.c.obj)
 .text.nrfx_clock_init
                0x00002384       0x68 modules/hal_nordic/modules/hal_nordic/nrfx/libnrfx.a(nrfx_clock.c.obj)
                0x00002384                nrfx_clock_init
 .text.nrfx_clock_enable
                0x000023ec       0x20 modules/hal_nordic/modules/hal_nordic/nrfx/libnrfx.a(nrfx_clock.c.obj)
                0x000023ec                nrfx_clock_enable
 .text.nrfx_clock_hfclk_init
                0x0000240c       0x24 modules/hal_nordic/modules/hal_nordic/nrfx/libnrfx.a(nrfx_clock_hfclk.c.obj)
                0x0000240c                nrfx_clock_hfclk_init
 .text.nrfx_clock_hfclk_start
                0x00002430       0x38 modules/hal_nordic/modules/hal_nordic/nrfx/libnrfx.a(nrfx_clock_hfclk.c.obj)
                0x00002430                nrfx_clock_hfclk_start
 .text.nrfx_clock_hfclk_irq_handler
                0x00002468       0x30 modules/hal_nordic/modules/hal_nordic/nrfx/libnrfx.a(nrfx_clock_hfclk.c.obj)
                0x00002468                nrfx_clock_hfclk_irq_handler
 .text.nrfx_clock_hfclkaudio_init
                0x00002498       0x1c modules/hal_nordic/modules/hal_nordic/nrfx/libnrfx.a(nrfx_clock_hfclkaudio.c.obj)
                0x00002498                nrfx_clock_hfclkaudio_init
 .text.nrfx_clock_hfclkaudio_start
                0x000024b4       0x3c modules/hal_nordic/modules/hal_nordic/nrfx/libnrfx.a(nrfx_clock_hfclkaudio.c.obj)
                0x000024b4                nrfx_clock_hfclkaudio_start
 .text.nrfx_clock_hfclkaudio_irq_handler
                0x000024f0       0x30 modules/hal_nordic/modules/hal_nordic/nrfx/libnrfx.a(nrfx_clock_hfclkaudio.c.obj)
                0x000024f0                nrfx_clock_hfclkaudio_irq_handler
 .text.nrfx_clock_hfclk192m_init
                0x00002520       0x24 modules/hal_nordic/modules/hal_nordic/nrfx/libnrfx.a(nrfx_clock_hfclk192m.c.obj)
                0x00002520                nrfx_clock_hfclk192m_init
 .text.nrfx_clock_hfclk192m_start
                0x00002544       0x3c modules/hal_nordic/modules/hal_nordic/nrfx/libnrfx.a(nrfx_clock_hfclk192m.c.obj)
                0x00002544                nrfx_clock_hfclk192m_start
 .text.nrfx_clock_hfclk192m_irq_handler
                0x00002580       0x30 modules/hal_nordic/modules/hal_nordic/nrfx/libnrfx.a(nrfx_clock_hfclk192m.c.obj)
                0x00002580                nrfx_clock_hfclk192m_irq_handler
 .text.nrfx_clock_lfclk_init
                0x000025b0       0x24 modules/hal_nordic/modules/hal_nordic/nrfx/libnrfx.a(nrfx_clock_lfclk.c.obj)
                0x000025b0                nrfx_clock_lfclk_init
 .text.nrfx_clock_lfclk_start
                0x000025d4       0x88 modules/hal_nordic/modules/hal_nordic/nrfx/libnrfx.a(nrfx_clock_lfclk.c.obj)
                0x000025d4                nrfx_clock_lfclk_start
 .text.nrfx_clock_lfclk_irq_handler
                0x0000265c       0x74 modules/hal_nordic/modules/hal_nordic/nrfx/libnrfx.a(nrfx_clock_lfclk.c.obj)
                0x0000265c                nrfx_clock_lfclk_irq_handler
 .text.nrf_gpio_pin_port_decode
                0x000026d0       0x24 modules/hal_nordic/modules/hal_nordic/nrfx/libnrfx.a(nrfx_gpiote.c.obj)
 .text.get_pin_idx
                0x000026f4       0x14 modules/hal_nordic/modules/hal_nordic/nrfx/libnrfx.a(nrfx_gpiote.c.obj)
 .text.latch_pending_read_and_check
                0x00002708       0x38 modules/hal_nordic/modules/hal_nordic/nrfx/libnrfx.a(nrfx_gpiote.c.obj)
 .text.pin_uninit
                0x00002740       0x78 modules/hal_nordic/modules/hal_nordic/nrfx/libnrfx.a(nrfx_gpiote.c.obj)
 .text.nrfx_gpiote_init
                0x000027b8       0x64 modules/hal_nordic/modules/hal_nordic/nrfx/libnrfx.a(nrfx_gpiote.c.obj)
                0x000027b8                nrfx_gpiote_init
 .text.nrfx_gpiote_channel_free
                0x0000281c       0x14 modules/hal_nordic/modules/hal_nordic/nrfx/libnrfx.a(nrfx_gpiote.c.obj)
                0x0000281c                nrfx_gpiote_channel_free
 .text.nrfx_gpiote_channel_alloc
                0x00002830       0x20 modules/hal_nordic/modules/hal_nordic/nrfx/libnrfx.a(nrfx_gpiote.c.obj)
                0x00002830                nrfx_gpiote_channel_alloc
 .text.nrfx_gpiote_irq_handler
                0x00002850      0x1c8 modules/hal_nordic/modules/hal_nordic/nrfx/libnrfx.a(nrfx_gpiote.c.obj)
                0x00002850                nrfx_gpiote_irq_handler
 .text.z_fatal_error
                0x00002a18       0x30 zephyr/kernel/libkernel.a(fatal.c.obj)
                0x00002a18                z_fatal_error
 .text.z_sys_init_run_level
                0x00002a48       0x30 zephyr/kernel/libkernel.a(init.c.obj)
 .text.bg_thread_main
                0x00002a78       0xc4 zephyr/kernel/libkernel.a(init.c.obj)
 .text.z_init_cpu
                0x00002b3c       0x70 zephyr/kernel/libkernel.a(init.c.obj)
                0x00002b3c                z_init_cpu
 .text.z_cstart
                0x00002bac       0xd0 zephyr/kernel/libkernel.a(init.c.obj)
                0x00002bac                z_cstart
 .text.init_mem_slab_obj_core_list
                0x00002c7c       0x28 zephyr/kernel/libkernel.a(mem_slab.c.obj)
 .text.k_mem_slab_alloc
                0x00002ca4       0x5c zephyr/kernel/libkernel.a(mem_slab.c.obj)
                0x00002ca4                k_mem_slab_alloc
 .text.z_impl_k_mutex_lock
                0x00002d00       0xe4 zephyr/kernel/libkernel.a(mutex.c.obj)
                0x00002d00                z_impl_k_mutex_lock
 .text.z_impl_k_mutex_unlock
                0x00002de4       0xa0 zephyr/kernel/libkernel.a(mutex.c.obj)
                0x00002de4                z_impl_k_mutex_unlock
 .text.z_impl_k_sem_give
                0x00002e84       0x68 zephyr/kernel/libkernel.a(sem.c.obj)
                0x00002e84                z_impl_k_sem_give
 .text.z_impl_k_sem_take
                0x00002eec       0x4c zephyr/kernel/libkernel.a(sem.c.obj)
                0x00002eec                z_impl_k_sem_take
 .text.z_setup_new_thread
                0x00002f38       0xcc zephyr/kernel/libkernel.a(thread.c.obj)
                0x00002f38                z_setup_new_thread
 .text.z_dummy_thread_init
                0x00003004       0x1c zephyr/kernel/libkernel.a(thread.c.obj)
                0x00003004                z_dummy_thread_init
 .text.z_swap_irqlock
                0x00003020       0x34 zephyr/kernel/libkernel.a(sched.c.obj)
 .text.ready_thread
                0x00003054       0x78 zephyr/kernel/libkernel.a(sched.c.obj)
 .text.unready_thread
                0x000030cc       0x4c zephyr/kernel/libkernel.a(sched.c.obj)
 .text.add_thread_timeout
                0x00003118       0x1c zephyr/kernel/libkernel.a(sched.c.obj)
 .text.reschedule.isra.0
                0x00003134       0x28 zephyr/kernel/libkernel.a(sched.c.obj)
 .text.z_pend_curr
                0x0000315c       0x3c zephyr/kernel/libkernel.a(sched.c.obj)
                0x0000315c                z_pend_curr
 .text.z_thread_prio_set
                0x00003198       0xcc zephyr/kernel/libkernel.a(sched.c.obj)
                0x00003198                z_thread_prio_set
 .text.k_sched_lock
                0x00003264       0x28 zephyr/kernel/libkernel.a(sched.c.obj)
                0x00003264                k_sched_lock
 .text.k_sched_unlock
                0x0000328c       0x48 zephyr/kernel/libkernel.a(sched.c.obj)
                0x0000328c                k_sched_unlock
 .text.z_sched_init
                0x000032d4       0x10 zephyr/kernel/libkernel.a(sched.c.obj)
                0x000032d4                z_sched_init
 .text.z_impl_k_yield
                0x000032e4       0x74 zephyr/kernel/libkernel.a(sched.c.obj)
                0x000032e4                z_impl_k_yield
 .text.z_tick_sleep
                0x00003358       0x70 zephyr/kernel/libkernel.a(sched.c.obj)
 .text.z_impl_k_sched_current_thread_query
                0x000033c8        0xc zephyr/kernel/libkernel.a(sched.c.obj)
                0x000033c8                z_impl_k_sched_current_thread_query
 .text.z_thread_abort
                0x000033d4      0x12c zephyr/kernel/libkernel.a(sched.c.obj)
                0x000033d4                z_thread_abort
 .text.z_thread_monitor_exit
                0x00003500       0x3c zephyr/kernel/libkernel.a(thread_monitor.c.obj)
                0x00003500                z_thread_monitor_exit
 .text.first    0x0000353c       0x10 zephyr/kernel/libkernel.a(timeout.c.obj)
 .text.elapsed  0x0000354c       0x14 zephyr/kernel/libkernel.a(timeout.c.obj)
 .text.remove_timeout
                0x00003560       0x38 zephyr/kernel/libkernel.a(timeout.c.obj)
 .text.z_add_timeout
                0x00003598      0x120 zephyr/kernel/libkernel.a(timeout.c.obj)
                0x00003598                z_add_timeout
 .text.sys_clock_announce_locked
                0x000036b8       0xb4 zephyr/kernel/libkernel.a(timeout.c.obj)
                0x000036b8                sys_clock_announce_locked
 .text.sys_clock_tick_get
                0x0000376c       0x30 zephyr/kernel/libkernel.a(timeout.c.obj)
                0x0000376c                sys_clock_tick_get
 .text.nrf_cc3xx_platform_init_no_rng
                0x0000379c       0x38 /home/goodbyte/ncs/v3.4.0/nrfxlib/crypto/nrf_cc312_platform/lib/cortex-m33/soft-float/no-interrupts/libnrf_cc312_platform_0.9.22.a(nrf_cc3xx_platform.c.obj)
                0x0000379c                nrf_cc3xx_platform_init_no_rng
 .text.nrf_cc3xx_platform_abort
                0x000037d4       0x24 /home/goodbyte/ncs/v3.4.0/nrfxlib/crypto/nrf_cc312_platform/lib/cortex-m33/soft-float/no-interrupts/libnrf_cc312_platform_0.9.22.a(nrf_cc3xx_platform_abort.c.obj)
 .text.CC_PalAbort
                0x000037f8       0x44 /home/goodbyte/ncs/v3.4.0/nrfxlib/crypto/nrf_cc312_platform/lib/cortex-m33/soft-float/no-interrupts/libnrf_cc312_platform_0.9.22.a(nrf_cc3xx_platform_abort.c.obj)
                0x000037f8                CC_PalAbort
 .text.nrf_cc3xx_platform_set_abort
                0x0000383c       0x10 /home/goodbyte/ncs/v3.4.0/nrfxlib/crypto/nrf_cc312_platform/lib/cortex-m33/soft-float/no-interrupts/libnrf_cc312_platform_0.9.22.a(nrf_cc3xx_platform_abort.c.obj)
                0x0000383c                nrf_cc3xx_platform_set_abort
 .text.mutex_free
                0x0000384c       0x34 /home/goodbyte/ncs/v3.4.0/nrfxlib/crypto/nrf_cc312_platform/lib/cortex-m33/soft-float/no-interrupts/libnrf_cc312_platform_0.9.22.a(nrf_cc3xx_platform_mutex.c.obj)
 .text.mutex_lock
                0x00003880       0x48 /home/goodbyte/ncs/v3.4.0/nrfxlib/crypto/nrf_cc312_platform/lib/cortex-m33/soft-float/no-interrupts/libnrf_cc312_platform_0.9.22.a(nrf_cc3xx_platform_mutex.c.obj)
 .text.mutex_unlock
                0x000038c8       0x38 /home/goodbyte/ncs/v3.4.0/nrfxlib/crypto/nrf_cc312_platform/lib/cortex-m33/soft-float/no-interrupts/libnrf_cc312_platform_0.9.22.a(nrf_cc3xx_platform_mutex.c.obj)
 .text.mutex_init
                0x00003900       0x20 /home/goodbyte/ncs/v3.4.0/nrfxlib/crypto/nrf_cc312_platform/lib/cortex-m33/soft-float/no-interrupts/libnrf_cc312_platform_0.9.22.a(nrf_cc3xx_platform_mutex.c.obj)
 .text.nrf_cc3xx_platform_set_mutexes
                0x00003920       0x78 /home/goodbyte/ncs/v3.4.0/nrfxlib/crypto/nrf_cc312_platform/lib/cortex-m33/soft-float/no-interrupts/libnrf_cc312_platform_0.9.22.a(nrf_cc3xx_platform_mutex.c.obj)
                0x00003920                nrf_cc3xx_platform_set_mutexes
 .text.CC_LibInitNoRng
                0x00003998       0x2c /home/goodbyte/ncs/v3.4.0/nrfxlib/crypto/nrf_cc312_platform/lib/cortex-m33/soft-float/no-interrupts/libnrf_cc312_platform_0.9.22.a(cc_lib.c.obj)
                0x00003998                CC_LibInitNoRng
 .text.CC_HalInit
                0x000039c4        0x4 /home/goodbyte/ncs/v3.4.0/nrfxlib/crypto/nrf_cc312_platform/lib/cortex-m33/soft-float/no-interrupts/libnrf_cc312_platform_0.9.22.a(cc_hal.c.obj)
                0x000039c4                CC_HalInit
 .text.CC_HalTerminate
                0x000039c8        0x4 /home/goodbyte/ncs/v3.4.0/nrfxlib/crypto/nrf_cc312_platform/lib/cortex-m33/soft-float/no-interrupts/libnrf_cc312_platform_0.9.22.a(cc_hal.c.obj)
                0x000039c8                CC_HalTerminate
 .text.CC_PalInit
                0x000039cc       0x74 /home/goodbyte/ncs/v3.4.0/nrfxlib/crypto/nrf_cc312_platform/lib/cortex-m33/soft-float/no-interrupts/libnrf_cc312_platform_0.9.22.a(cc_pal.c.obj)
                0x000039cc                CC_PalInit
 .text.CC_PalTerminate
                0x00003a40       0x48 /home/goodbyte/ncs/v3.4.0/nrfxlib/crypto/nrf_cc312_platform/lib/cortex-m33/soft-float/no-interrupts/libnrf_cc312_platform_0.9.22.a(cc_pal.c.obj)
                0x00003a40                CC_PalTerminate
 .text.CC_PalDmaInit
                0x00003a88        0x4 /home/goodbyte/ncs/v3.4.0/nrfxlib/crypto/nrf_cc312_platform/lib/cortex-m33/soft-float/no-interrupts/libnrf_cc312_platform_0.9.22.a(cc_pal_dma.c.obj)
                0x00003a88                CC_PalDmaInit
 .text.CC_PalDmaTerminate
                0x00003a8c        0x4 /home/goodbyte/ncs/v3.4.0/nrfxlib/crypto/nrf_cc312_platform/lib/cortex-m33/soft-float/no-interrupts/libnrf_cc312_platform_0.9.22.a(cc_pal_dma.c.obj)
                0x00003a8c                CC_PalDmaTerminate
 .text.CC_PalMutexCreate
                0x00003a90       0x14 /home/goodbyte/ncs/v3.4.0/nrfxlib/crypto/nrf_cc312_platform/lib/cortex-m33/soft-float/no-interrupts/libnrf_cc312_platform_0.9.22.a(cc_pal_mutex.c.obj)
                0x00003a90                CC_PalMutexCreate
 .text.CC_PalMutexDestroy
                0x00003aa4       0x14 /home/goodbyte/ncs/v3.4.0/nrfxlib/crypto/nrf_cc312_platform/lib/cortex-m33/soft-float/no-interrupts/libnrf_cc312_platform_0.9.22.a(cc_pal_mutex.c.obj)
                0x00003aa4                CC_PalMutexDestroy
 .text.CC_PalPowerSaveModeInit
                0x00003ab8       0x3c /home/goodbyte/ncs/v3.4.0/nrfxlib/crypto/nrf_cc312_platform/lib/cortex-m33/soft-float/no-interrupts/libnrf_cc312_platform_0.9.22.a(cc_pal_pm.c.obj)
                0x00003ab8                CC_PalPowerSaveModeInit
 .text.__l_vfprintf
                0x00003af4      0x484 /home/goodbyte/ncs/toolchains/fbf7391cab/opt/zephyr-sdk/gnu/arm-zephyr-eabi/bin/../lib/gcc/arm-zephyr-eabi/14.3.0/../../../../arm-zephyr-eabi/lib/thumb/v8-m.main/nofp/space/libc.a(libc_tinystdio_vflprintf.c.o)
                0x00003af4                __l_vfprintf
 .text._OffsetAbsSyms
                0x00003f78        0x2 zephyr/CMakeFiles/offsets.dir/./arch/arm/core/offsets/offsets.c.obj
                0x00003f78                _OffsetAbsSyms
 .text.chunk_field
                0x00003f7a       0x16 zephyr/libzephyr.a(heap.c.obj)
 .text.chunk_set
                0x00003f90       0x16 zephyr/libzephyr.a(heap.c.obj)
 .text.chunk_size
                0x00003fa6        0xc zephyr/libzephyr.a(heap.c.obj)
 .text.set_chunk_used
                0x00003fb2       0x30 zephyr/libzephyr.a(heap.c.obj)
 .text.set_chunk_size
                0x00003fe2        0x8 zephyr/libzephyr.a(heap.c.obj)
 .text.undersized_chunk
                0x00003fea       0x1c zephyr/libzephyr.a(heap.c.obj)
 .text.bucket_idx
                0x00004006       0x14 zephyr/libzephyr.a(heap.c.obj)
 .text.free_list_add
                0x0000401a       0x82 zephyr/libzephyr.a(heap.c.obj)
 .text.sys_heap_init
                0x0000409c       0xa4 zephyr/libzephyr.a(heap.c.obj)
                0x0000409c                sys_heap_init
 .text.arch_printk_char_out
                0x00004140        0x4 zephyr/libzephyr.a(printk.c.obj)
                0x00004140                arch_printk_char_out
 .text.printk   0x00004144       0x1a zephyr/libzephyr.a(printk.c.obj)
                0x00004144                printk
 .text.process_recheck
                0x0000415e       0x38 zephyr/libzephyr.a(onoff.c.obj)
 .text.validate_args
                0x00004196       0x20 zephyr/libzephyr.a(onoff.c.obj)
 .text.notify_one
                0x000041b6       0x2c zephyr/libzephyr.a(onoff.c.obj)
 .text.transition_complete
                0x000041e2       0x1a zephyr/libzephyr.a(onoff.c.obj)
 .text.onoff_manager_init
                0x000041fc       0x26 zephyr/libzephyr.a(onoff.c.obj)
                0x000041fc                onoff_manager_init
 .text.onoff_request
                0x00004222       0x96 zephyr/libzephyr.a(onoff.c.obj)
                0x00004222                onoff_request
 .text.sys_notify_validate
                0x000042b8       0x22 zephyr/libzephyr.a(notify.c.obj)
                0x000042b8                sys_notify_validate
 .text.sys_notify_finalize
                0x000042da       0x1a zephyr/libzephyr.a(notify.c.obj)
                0x000042da                sys_notify_finalize
 .text._ConfigAbsSyms
                0x000042f4        0x2 zephyr/libzephyr.a(configs.c.obj)
                0x000042f4                _ConfigAbsSyms
 .text.abort_function
                0x000042f6        0x2 zephyr/libzephyr.a(nrf_cc3xx_platform_abort_zephyr.c.obj)
 .text.arch_early_memset
                0x000042f8        0x4 zephyr/arch/common/libarch__common.a(init.c.obj)
                0x000042f8                arch_early_memset
 .text.arch_early_memcpy
                0x000042fc        0x4 zephyr/arch/common/libarch__common.a(init.c.obj)
                0x000042fc                arch_early_memcpy
 .text.z_do_kernel_oops
                0x00004300        0x8 zephyr/arch/arch/arm/core/libarch__arm__core.a(fatal.c.obj)
                0x00004300                z_do_kernel_oops
 .text.z_arm_nmi
                0x00004308        0xe zephyr/arch/arch/arm/core/libarch__arm__core.a(nmi.c.obj)
                0x00004308                z_arm_nmi
 .text.z_irq_spurious
                0x00004316        0x8 zephyr/arch/arch/arm/core/cortex_m/libarch__arm__core__cortex_m.a(irq_manage.c.obj)
                0x00004316                z_irq_spurious
 .text.configure_builtin_stack_guard
                0x0000431e        0xa zephyr/arch/arch/arm/core/cortex_m/libarch__arm__core__cortex_m.a(thread.c.obj)
                0x0000431e                configure_builtin_stack_guard
 .text.arch_coprocessors_disable
                0x00004328        0x6 zephyr/arch/arch/arm/core/cortex_m/libarch__arm__core__cortex_m.a(thread.c.obj)
                0x00004328                arch_coprocessors_disable
 .text.arch_irq_unlock_outlined
                0x0000432e        0xe zephyr/arch/arch/arm/core/cortex_m/libarch__arm__core__cortex_m.a(thread.c.obj)
                0x0000432e                arch_irq_unlock_outlined
 .text.arch_cpu_idle
                0x0000433c       0x32 zephyr/arch/arch/arm/core/cortex_m/libarch__arm__core__cortex_m.a(cpu_idle.c.obj)
                0x0000433c                arch_cpu_idle
 .text.arch_cpu_atomic_idle
                0x0000436e       0x38 zephyr/arch/arch/arm/core/cortex_m/libarch__arm__core__cortex_m.a(cpu_idle.c.obj)
                0x0000436e                arch_cpu_atomic_idle
 .text.arm_cmse_mpu_region_get
                0x000043a6       0x12 zephyr/arch/arch/arm/core/cortex_m/cmse/libarch__arm__core__cortex_m__cmse.a(arm_core_cmse.c.obj)
                0x000043a6                arm_cmse_mpu_region_get
 .text.mpu_configure_region
                0x000043b8       0x32 zephyr/arch/arch/arm/core/mpu/libarch__arm__core__mpu.a(arm_mpu.c.obj)
 .text.picolibc_put
                0x000043ea        0xa zephyr/lib/libc/picolibc/liblib__libc__picolibc.a(stdio.c.obj)
 .text.z_arm_on_enter_cpu_idle
                0x000043f4        0x4 zephyr/soc/soc/nrf5340/libsoc__nordic.a(soc.c.obj)
                0x000043f4                z_arm_on_enter_cpu_idle
 .text.onoff_stop
                0x000043f8       0x22 zephyr/soc/soc/nrf5340/libsoc__nordic.a(nrf53_cpunet_mgmt.c.obj)
 .text.onoff_start
                0x0000441a       0x62 zephyr/soc/soc/nrf5340/libsoc__nordic.a(nrf53_cpunet_mgmt.c.obj)
 .text.get_status
                0x0000447c       0x12 zephyr/drivers/clock_control/libdrivers__clock_control.a(clock_control_nrf.c.obj)
 .text.stop     0x0000448e       0x50 zephyr/drivers/clock_control/libdrivers__clock_control.a(clock_control_nrf.c.obj)
 .text.api_stop
                0x000044de        0x6 zephyr/drivers/clock_control/libdrivers__clock_control.a(clock_control_nrf.c.obj)
 .text.async_start
                0x000044e4       0x60 zephyr/drivers/clock_control/libdrivers__clock_control.a(clock_control_nrf.c.obj)
 .text.api_start
                0x00004544        0xe zephyr/drivers/clock_control/libdrivers__clock_control.a(clock_control_nrf.c.obj)
 .text.onoff_started_callback
                0x00004552       0x12 zephyr/drivers/clock_control/libdrivers__clock_control.a(clock_control_nrf.c.obj)
 .text.hfclkaudio_start
                0x00004564        0x6 zephyr/drivers/clock_control/libdrivers__clock_control.a(clock_control_nrf.c.obj)
 .text.hfclk192m_start
                0x0000456a        0x6 zephyr/drivers/clock_control/libdrivers__clock_control.a(clock_control_nrf.c.obj)
 .text.hfclkaudio_stop
                0x00004570        0x6 zephyr/drivers/clock_control/libdrivers__clock_control.a(clock_control_nrf.c.obj)
 .text.hfclk192m_stop
                0x00004576        0x6 zephyr/drivers/clock_control/libdrivers__clock_control.a(clock_control_nrf.c.obj)
 .text.blocking_start_callback
                0x0000457c        0x6 zephyr/drivers/clock_control/libdrivers__clock_control.a(clock_control_nrf.c.obj)
 .text.lfclk_stop
                0x00004582        0x4 zephyr/drivers/clock_control/libdrivers__clock_control.a(clock_control_nrf.c.obj)
 .text.lfclk_start
                0x00004586        0x4 zephyr/drivers/clock_control/libdrivers__clock_control.a(clock_control_nrf.c.obj)
 .text.gpio_nrfx_port_get_raw
                0x0000458a        0xc zephyr/drivers/gpio/libdrivers__gpio.a(gpio_nrfx.c.obj)
 .text.gpio_nrfx_port_set_masked_raw
                0x00004596       0x14 zephyr/drivers/gpio/libdrivers__gpio.a(gpio_nrfx.c.obj)
 .text.gpio_nrfx_port_set_bits_raw
                0x000045aa        0xa zephyr/drivers/gpio/libdrivers__gpio.a(gpio_nrfx.c.obj)
 .text.gpio_nrfx_port_clear_bits_raw
                0x000045b4        0xa zephyr/drivers/gpio/libdrivers__gpio.a(gpio_nrfx.c.obj)
 .text.gpio_nrfx_port_toggle_bits
                0x000045be       0x14 zephyr/drivers/gpio/libdrivers__gpio.a(gpio_nrfx.c.obj)
 .text.gpio_nrfx_manage_callback
                0x000045d2       0x54 zephyr/drivers/gpio/libdrivers__gpio.a(gpio_nrfx.c.obj)
 .text.gpio_nrfx_gpiote_irq_handler
                0x00004626        0x4 zephyr/drivers/gpio/libdrivers__gpio.a(gpio_nrfx.c.obj)
                0x00004626                gpio_nrfx_gpiote_irq_handler
 .text.pinctrl_lookup_state
                0x0000462a       0x24 zephyr/drivers/pinctrl/libdrivers__pinctrl.a(common.c.obj)
                0x0000462a                pinctrl_lookup_state
 .text.uarte_nrfx_err_check
                0x0000464e        0xe zephyr/drivers/serial/libdrivers__serial.a(uart_nrfx_uarte.c.obj)
 .text.uarte_nrfx_poll_in
                0x0000465c       0x26 zephyr/drivers/serial/libdrivers__serial.a(uart_nrfx_uarte.c.obj)
 .text.is_tx_ready.isra.0
                0x00004682       0x20 zephyr/drivers/serial/libdrivers__serial.a(uart_nrfx_uarte.c.obj)
 .text.uarte_nrfx_isr_int
                0x000046a2       0x42 zephyr/drivers/serial/libdrivers__serial.a(uart_nrfx_uarte.c.obj)
 .text.pinctrl_apply_state.isra.0
                0x000046e4       0x1e zephyr/drivers/serial/libdrivers__serial.a(uart_nrfx_uarte.c.obj)
 .text.uarte_0_init
                0x00004702       0xde zephyr/drivers/serial/libdrivers__serial.a(uart_nrfx_uarte.c.obj)
 .text.event_clear
                0x000047e0       0x18 zephyr/drivers/timer/libdrivers__timer.a(nrf_rtc_timer.c.obj)
 .text.sys_clock_cycle_get_32
                0x000047f8        0x8 zephyr/drivers/timer/libdrivers__timer.a(nrf_rtc_timer.c.obj)
                0x000047f8                sys_clock_cycle_get_32
 .text.hw_cc3xx_init_internal
                0x00004800        0x4 modules/nrf/drivers/hw_cc3xx/lib..__nrf__drivers__hw_cc3xx.a(hw_cc3xx.c.obj)
 .text.hw_cc3xx_init
                0x00004804       0x12 modules/nrf/drivers/hw_cc3xx/lib..__nrf__drivers__hw_cc3xx.a(hw_cc3xx.c.obj)
 .text.nrf53_errata_42
                0x00004816       0x1a modules/hal_nordic/modules/hal_nordic/nrfx/libnrfx.a(system_nrf5340_application.c.obj)
 .text.nrfx_isr
                0x00004830        0x6 modules/hal_nordic/modules/hal_nordic/nrfx/libnrfx.a(nrfx_glue.c.obj)
                0x00004830                nrfx_isr
 .text.nrfx_busy_wait
                0x00004836        0x4 modules/hal_nordic/modules/hal_nordic/nrfx/libnrfx.a(nrfx_glue.c.obj)
                0x00004836                nrfx_busy_wait
 .text.nrfx_flag32_alloc
                0x0000483a       0x34 modules/hal_nordic/modules/hal_nordic/nrfx/libnrfx.a(nrfx_flag32_allocator.c.obj)
                0x0000483a                nrfx_flag32_alloc
 .text.nrfx_flag32_free
                0x0000486e       0x32 modules/hal_nordic/modules/hal_nordic/nrfx/libnrfx.a(nrfx_flag32_allocator.c.obj)
                0x0000486e                nrfx_flag32_free
 .text.nrfx_gppi_conn_alloc
                0x000048a0       0x3e modules/hal_nordic/modules/hal_nordic/nrfx/libnrfx.a(nrfx_gppi_dppi.c.obj)
                0x000048a0                nrfx_gppi_conn_alloc
 .text.nrfx_clock_start
                0x000048de       0x1e modules/hal_nordic/modules/hal_nordic/nrfx/libnrfx.a(nrfx_clock.c.obj)
                0x000048de                nrfx_clock_start
 .text.nrfx_clock_stop
                0x000048fc       0x1e modules/hal_nordic/modules/hal_nordic/nrfx/libnrfx.a(nrfx_clock.c.obj)
                0x000048fc                nrfx_clock_stop
 .text.nrfx_power_clock_irq_handler
                0x0000491a       0x16 modules/hal_nordic/modules/hal_nordic/nrfx/libnrfx.a(nrfx_clock.c.obj)
                0x0000491a                nrfx_power_clock_irq_handler
 .text.clock_stop
                0x00004930       0x38 modules/hal_nordic/modules/hal_nordic/nrfx/libnrfx.a(nrfx_clock_hfclk.c.obj)
 .text.nrfx_clock_hfclk_stop
                0x00004968        0x4 modules/hal_nordic/modules/hal_nordic/nrfx/libnrfx.a(nrfx_clock_hfclk.c.obj)
                0x00004968                nrfx_clock_hfclk_stop
 .text.clock_stop
                0x0000496c       0x34 modules/hal_nordic/modules/hal_nordic/nrfx/libnrfx.a(nrfx_clock_hfclkaudio.c.obj)
 .text.nrfx_clock_hfclkaudio_stop
                0x000049a0        0x4 modules/hal_nordic/modules/hal_nordic/nrfx/libnrfx.a(nrfx_clock_hfclkaudio.c.obj)
                0x000049a0                nrfx_clock_hfclkaudio_stop
 .text.clock_stop
                0x000049a4       0x34 modules/hal_nordic/modules/hal_nordic/nrfx/libnrfx.a(nrfx_clock_hfclk192m.c.obj)
 .text.nrfx_clock_hfclk192m_stop
                0x000049d8        0x4 modules/hal_nordic/modules/hal_nordic/nrfx/libnrfx.a(nrfx_clock_hfclk192m.c.obj)
                0x000049d8                nrfx_clock_hfclk192m_stop
 .text.clock_stop
                0x000049dc       0x32 modules/hal_nordic/modules/hal_nordic/nrfx/libnrfx.a(nrfx_clock_lfclk.c.obj)
 .text.nrfx_clock_lfclk_stop
                0x00004a0e        0x4 modules/hal_nordic/modules/hal_nordic/nrfx/libnrfx.a(nrfx_clock_lfclk.c.obj)
                0x00004a0e                nrfx_clock_lfclk_stop
 .text.nrf_gpio_reconfigure
                0x00004a12       0x92 modules/hal_nordic/modules/hal_nordic/nrfx/libnrfx.a(nrfx_gpiote.c.obj)
 .text.nrf_gpio_cfg_sense_set
                0x00004aa4       0x1e modules/hal_nordic/modules/hal_nordic/nrfx/libnrfx.a(nrfx_gpiote.c.obj)
 .text.pin_in_use_by_te
                0x00004ac2       0x16 modules/hal_nordic/modules/hal_nordic/nrfx/libnrfx.a(nrfx_gpiote.c.obj)
 .text.pin_is_output
                0x00004ad8       0x16 modules/hal_nordic/modules/hal_nordic/nrfx/libnrfx.a(nrfx_gpiote.c.obj)
 .text.pin_te_get
                0x00004aee       0x14 modules/hal_nordic/modules/hal_nordic/nrfx/libnrfx.a(nrfx_gpiote.c.obj)
 .text.call_handler
                0x00004b02       0x3e modules/hal_nordic/modules/hal_nordic/nrfx/libnrfx.a(nrfx_gpiote.c.obj)
 .text.release_handler
                0x00004b40       0x52 modules/hal_nordic/modules/hal_nordic/nrfx/libnrfx.a(nrfx_gpiote.c.obj)
 .text.__nrfy_internal_gpiote_events_process
                0x00004b92       0x4e modules/hal_nordic/modules/hal_nordic/nrfx/libnrfx.a(nrfx_gpiote.c.obj)
 .text.pin_trigger_disable
                0x00004be0       0x44 modules/hal_nordic/modules/hal_nordic/nrfx/libnrfx.a(nrfx_gpiote.c.obj)
 .text.nrfx_gpiote_input_configure
                0x00004c24      0x166 modules/hal_nordic/modules/hal_nordic/nrfx/libnrfx.a(nrfx_gpiote.c.obj)
                0x00004c24                nrfx_gpiote_input_configure
 .text.nrfx_gpiote_output_configure
                0x00004d8a       0xea modules/hal_nordic/modules/hal_nordic/nrfx/libnrfx.a(nrfx_gpiote.c.obj)
                0x00004d8a                nrfx_gpiote_output_configure
 .text.nrfx_gpiote_global_callback_set
                0x00004e74        0x6 modules/hal_nordic/modules/hal_nordic/nrfx/libnrfx.a(nrfx_gpiote.c.obj)
                0x00004e74                nrfx_gpiote_global_callback_set
 .text.nrfx_gpiote_channel_get
                0x00004e7a       0x26 modules/hal_nordic/modules/hal_nordic/nrfx/libnrfx.a(nrfx_gpiote.c.obj)
                0x00004e7a                nrfx_gpiote_channel_get
 .text.nrfx_gpiote_init_check
                0x00004ea0        0xc modules/hal_nordic/modules/hal_nordic/nrfx/libnrfx.a(nrfx_gpiote.c.obj)
                0x00004ea0                nrfx_gpiote_init_check
 .text.nrfx_gpiote_pin_uninit
                0x00004eac        0x4 modules/hal_nordic/modules/hal_nordic/nrfx/libnrfx.a(nrfx_gpiote.c.obj)
                0x00004eac                nrfx_gpiote_pin_uninit
 .text.nrfx_gpiote_trigger_enable
                0x00004eb0       0xa0 modules/hal_nordic/modules/hal_nordic/nrfx/libnrfx.a(nrfx_gpiote.c.obj)
                0x00004eb0                nrfx_gpiote_trigger_enable
 .text.nrfx_gpiote_trigger_disable
                0x00004f50        0x4 modules/hal_nordic/modules/hal_nordic/nrfx/libnrfx.a(nrfx_gpiote.c.obj)
                0x00004f50                nrfx_gpiote_trigger_disable
 .text.z_impl_k_busy_wait
                0x00004f54        0x8 zephyr/kernel/libkernel.a(busy_wait.c.obj)
                0x00004f54                z_impl_k_busy_wait
 .text.do_device_init
                0x00004f5c       0x30 zephyr/kernel/libkernel.a(device.c.obj)
                0x00004f5c                do_device_init
 .text.z_impl_device_is_ready
                0x00004f8c       0x16 zephyr/kernel/libkernel.a(device.c.obj)
                0x00004f8c                z_impl_device_is_ready
 .text.arch_system_halt
                0x00004fa2       0x10 zephyr/kernel/libkernel.a(fatal.c.obj)
                0x00004fa2                arch_system_halt
 .text.k_sys_fatal_error_handler
                0x00004fb2        0x6 zephyr/kernel/libkernel.a(fatal.c.obj)
                0x00004fb2                k_sys_fatal_error_handler
 .text.create_free_list
                0x00004fb8       0x44 zephyr/kernel/libkernel.a(mem_slab.c.obj)
 .text.k_mem_slab_init
                0x00004ffc       0x1a zephyr/kernel/libkernel.a(mem_slab.c.obj)
                0x00004ffc                k_mem_slab_init
 .text.k_mem_slab_free
                0x00005016       0x70 zephyr/kernel/libkernel.a(mem_slab.c.obj)
                0x00005016                k_mem_slab_free
 .text.idle     0x00005086       0x16 zephyr/kernel/libkernel.a(idle.c.obj)
                0x00005086                idle
 .text.adjust_owner_prio.isra.0
                0x0000509c       0x10 zephyr/kernel/libkernel.a(mutex.c.obj)
 .text.z_impl_k_mutex_init
                0x000050ac        0xe zephyr/kernel/libkernel.a(mutex.c.obj)
                0x000050ac                z_impl_k_mutex_init
 .text.k_is_in_isr
                0x000050ba        0xc zephyr/kernel/libkernel.a(thread.c.obj)
                0x000050ba                k_is_in_isr
 .text.sys_dlist_remove
                0x000050c6       0x10 zephyr/kernel/libkernel.a(sched.c.obj)
 .text.unpend_thread_no_timeout
                0x000050d6       0x14 zephyr/kernel/libkernel.a(sched.c.obj)
 .text.add_to_waitq_locked
                0x000050ea       0x4c zephyr/kernel/libkernel.a(sched.c.obj)
 .text.z_ready_thread
                0x00005136       0x1e zephyr/kernel/libkernel.a(sched.c.obj)
                0x00005136                z_ready_thread
 .text.z_sched_wake_thread_locked
                0x00005154       0x28 zephyr/kernel/libkernel.a(sched.c.obj)
                0x00005154                z_sched_wake_thread_locked
 .text.z_thread_timeout
                0x0000517c       0x20 zephyr/kernel/libkernel.a(sched.c.obj)
                0x0000517c                z_thread_timeout
 .text.z_reschedule
                0x0000519c        0x6 zephyr/kernel/libkernel.a(sched.c.obj)
                0x0000519c                z_reschedule
 .text.z_impl_k_sleep
                0x000051a2       0x32 zephyr/kernel/libkernel.a(sched.c.obj)
                0x000051a2                z_impl_k_sleep
 .text.z_impl_k_wakeup
                0x000051d4       0x40 zephyr/kernel/libkernel.a(sched.c.obj)
                0x000051d4                z_impl_k_wakeup
 .text.next_timeout
                0x00005214       0x2e zephyr/kernel/libkernel.a(timeout.c.obj)
 .text.z_abort_timeout
                0x00005242       0x6a zephyr/kernel/libkernel.a(timeout.c.obj)
                0x00005242                z_abort_timeout
 .text.sys_clock_tick_get_32
                0x000052ac        0x8 zephyr/kernel/libkernel.a(timeout.c.obj)
                0x000052ac                sys_clock_tick_get_32
 .text.main     0x000052b4        0x6 zephyr/kernel/libkernel.a(main_weak.c.obj)
                0x000052b4                main
 .text.boot_banner
                0x000052ba        0x2 zephyr/kernel/libkernel.a(banner.c.obj)
                0x000052ba                boot_banner
 .text.memcpy   0x000052bc       0x1a /home/goodbyte/ncs/toolchains/fbf7391cab/opt/zephyr-sdk/gnu/arm-zephyr-eabi/bin/../lib/gcc/arm-zephyr-eabi/14.3.0/../../../../arm-zephyr-eabi/lib/thumb/v8-m.main/nofp/space/libc.a(memcpy.c.o)
                0x000052bc                memcpy
                0x000052bc                __aeabi_memcpy
                0x000052bc                __aeabi_memcpy4
                0x000052bc                __aeabi_memcpy8
 .text.memset   0x000052d6       0x10 /home/goodbyte/ncs/toolchains/fbf7391cab/opt/zephyr-sdk/gnu/arm-zephyr-eabi/bin/../lib/gcc/arm-zephyr-eabi/14.3.0/../../../../arm-zephyr-eabi/lib/thumb/v8-m.main/nofp/space/libc.a(memset.c.o)
                0x000052d6                memset
 .text.strncpy  0x000052e6       0x26 /home/goodbyte/ncs/toolchains/fbf7391cab/opt/zephyr-sdk/gnu/arm-zephyr-eabi/bin/../lib/gcc/arm-zephyr-eabi/14.3.0/../../../../arm-zephyr-eabi/lib/thumb/v8-m.main/nofp/space/libc.a(libc_string_strncpy.c.o)
                0x000052e6                strncpy
 .text.strnlen  0x0000530c       0x18 /home/goodbyte/ncs/toolchains/fbf7391cab/opt/zephyr-sdk/gnu/arm-zephyr-eabi/bin/../lib/gcc/arm-zephyr-eabi/14.3.0/../../../../arm-zephyr-eabi/lib/thumb/v8-m.main/nofp/space/libc.a(libc_string_strnlen.c.o)
                0x0000530c                strnlen
 .text.__ultoa_invert
                0x00005324       0xac /home/goodbyte/ncs/toolchains/fbf7391cab/opt/zephyr-sdk/gnu/arm-zephyr-eabi/bin/../lib/gcc/arm-zephyr-eabi/14.3.0/../../../../arm-zephyr-eabi/lib/thumb/v8-m.main/nofp/space/libc.a(libc_tinystdio_vflprintf.c.o)
 *(SORT_BY_ALIGNMENT(.gnu.linkonce.t.*))
 *(SORT_BY_ALIGNMENT(.glue_7t))
 .glue_7t       0x000053d0        0x0 linker stubs
 *(SORT_BY_ALIGNMENT(.glue_7))
 .glue_7        0x000053d0        0x0 linker stubs
 *(SORT_BY_ALIGNMENT(.vfp11_veneer))
 .vfp11_veneer  0x000053d0        0x0 linker stubs
 *(SORT_BY_ALIGNMENT(.v4_bx))
 .v4_bx         0x000053d0        0x0 linker stubs
                0x000053d0                        . = ALIGN (0x4)
                0x000053d0                        __text_region_end = .

.ARM.exidx      0x000053d0        0x0
                0x000053d0                        __exidx_start = .
 *(SORT_BY_ALIGNMENT(.ARM.exidx*) SORT_BY_ALIGNMENT(gnu.linkonce.armexidx.*))
                0x000053d0                        __exidx_end = .
                0x000053d0                        __rodata_region_start = .

initlevel       0x000053d0       0x60
                0x000053d0                        __init_start = .
                0x000053d0                        __init_EARLY_start = .
 *(SORT_BY_NAME(SORT_BY_ALIGNMENT(.z_init_EARLY_P_?_*)))
 .z_init_EARLY_P_0_SUB_0_
                0x000053d0        0x8 zephyr/soc/soc/nrf5340/libsoc__nordic.a(gppi_init.c.obj)
 *(SORT_BY_NAME(SORT_BY_ALIGNMENT(.z_init_EARLY_P_??_*)))
 *(SORT_BY_NAME(SORT_BY_ALIGNMENT(.z_init_EARLY_P_???_*)))
                0x000053d8                        __init_PRE_KERNEL_1_start = .
 *(SORT_BY_NAME(SORT_BY_ALIGNMENT(.z_init_PRE_KERNEL_1_P_?_*)))
 *(SORT_BY_NAME(SORT_BY_ALIGNMENT(.z_init_PRE_KERNEL_1_P_??_*)))
 .z_init_PRE_KERNEL_1_P_30_SUB_00090_
                0x000053d8        0x8 zephyr/drivers/clock_control/libdrivers__clock_control.a(clock_control_nrf.c.obj)
 .z_init_PRE_KERNEL_1_P_30_SUB_0_
                0x000053e0        0x8 zephyr/kernel/libkernel.a(mem_slab.c.obj)
 .z_init_PRE_KERNEL_1_P_40_SUB_00012_
                0x000053e8        0x8 zephyr/drivers/gpio/libdrivers__gpio.a(gpio_nrfx.c.obj)
 .z_init_PRE_KERNEL_1_P_40_SUB_00036_
                0x000053f0        0x8 zephyr/drivers/gpio/libdrivers__gpio.a(gpio_nrfx.c.obj)
 .z_init_PRE_KERNEL_1_P_40_SUB_0_
                0x000053f8        0x8 modules/nrf/drivers/hw_cc3xx/lib..__nrf__drivers__hw_cc3xx.a(hw_cc3xx.c.obj)
 .z_init_PRE_KERNEL_1_P_50_SUB_00128_
                0x00005400        0x8 zephyr/drivers/serial/libdrivers__serial.a(uart_nrfx_uarte.c.obj)
 .z_init_PRE_KERNEL_1_P_60_SUB_0_
                0x00005408        0x8 zephyr/drivers/console/libdrivers__console.a(uart_console.c.obj)
 *(SORT_BY_NAME(SORT_BY_ALIGNMENT(.z_init_PRE_KERNEL_1_P_???_*)))
                0x00005410                        __init_PRE_KERNEL_2_start = .
 *(SORT_BY_NAME(SORT_BY_ALIGNMENT(.z_init_PRE_KERNEL_2_P_?_*)))
 .z_init_PRE_KERNEL_2_P_0_SUB_0_
                0x00005410        0x8 zephyr/drivers/timer/libdrivers__timer.a(nrf_rtc_timer.c.obj)
 *(SORT_BY_NAME(SORT_BY_ALIGNMENT(.z_init_PRE_KERNEL_2_P_??_*)))
 *(SORT_BY_NAME(SORT_BY_ALIGNMENT(.z_init_PRE_KERNEL_2_P_???_*)))
                0x00005418                        __init_POST_KERNEL_start = .
 *(SORT_BY_NAME(SORT_BY_ALIGNMENT(.z_init_POST_KERNEL_P_?_*)))
 *(SORT_BY_NAME(SORT_BY_ALIGNMENT(.z_init_POST_KERNEL_P_??_*)))
 .z_init_POST_KERNEL_P_35_SUB_0_
                0x00005418        0x8 zephyr/lib/libc/common/liblib__libc__common.a(malloc.c.obj)
 .z_init_POST_KERNEL_P_40_SUB_0_
                0x00005420        0x8 modules/nrf/drivers/hw_cc3xx/lib..__nrf__drivers__hw_cc3xx.a(hw_cc3xx.c.obj)
 *(SORT_BY_NAME(SORT_BY_ALIGNMENT(.z_init_POST_KERNEL_P_???_*)))
                0x00005428                        __init_APPLICATION_start = .
 *(SORT_BY_NAME(SORT_BY_ALIGNMENT(.z_init_APPLICATION_P_?_*)))
 .z_init_APPLICATION_P_0_SUB_0_
                0x00005428        0x8 zephyr/libzephyr.a(banner.c.obj)
 *(SORT_BY_NAME(SORT_BY_ALIGNMENT(.z_init_APPLICATION_P_??_*)))
 *(SORT_BY_NAME(SORT_BY_ALIGNMENT(.z_init_APPLICATION_P_???_*)))
                0x00005430                        __init_SMP_start = .
 *(SORT_BY_NAME(SORT_BY_ALIGNMENT(.z_init_SMP_P_?_*)))
 *(SORT_BY_NAME(SORT_BY_ALIGNMENT(.z_init_SMP_P_??_*)))
 *(SORT_BY_NAME(SORT_BY_ALIGNMENT(.z_init_SMP_P_???_*)))
                0x00005430                        __init_end = .

device_area     0x00005430       0x70
                0x00005430                        _device_list_start = .
 *(SORT_BY_NAME(SORT_BY_ALIGNMENT(._device.static.*_?_*)))
 *(SORT_BY_NAME(SORT_BY_ALIGNMENT(._device.static.*_??_*)))
 ._device.static.1_30_
                0x00005430       0x1c zephyr/drivers/clock_control/libdrivers__clock_control.a(clock_control_nrf.c.obj)
                0x00005430                __device_dts_ord_90
 ._device.static.1_40_
                0x0000544c       0x38 zephyr/drivers/gpio/libdrivers__gpio.a(gpio_nrfx.c.obj)
                0x0000544c                __device_dts_ord_36
                0x00005468                __device_dts_ord_12
 ._device.static.1_50_
                0x00005484       0x1c zephyr/drivers/serial/libdrivers__serial.a(uart_nrfx_uarte.c.obj)
                0x00005484                __device_dts_ord_128
 *(SORT_BY_NAME(SORT_BY_ALIGNMENT(._device.static.*_???_*)))
 *(SORT_BY_NAME(SORT_BY_ALIGNMENT(._device.static.*_????_*)))
 *(SORT_BY_NAME(SORT_BY_ALIGNMENT(._device.static.*_?????_*)))
                0x000054a0                        _device_list_end = .

sw_isr_table    0x000054a0      0x228
                0x000054a0                        . = ALIGN (0x4)
 *(SORT_BY_ALIGNMENT(.gnu.linkonce.sw_isr_table*))
 .gnu.linkonce.sw_isr_table
                0x000054a0      0x228 zephyr/CMakeFiles/zephyr_final.dir/isr_tables.c.obj
                0x000054a0                _sw_isr_table

initlevel_error
 *(SORT_BY_NAME(SORT_BY_ALIGNMENT(.z_init_*)))
                0x00000001                        ASSERT ((SIZEOF (initlevel_error) == 0x0), Undefined initialization levels used.)

app_shmem_regions
                0x000056c8        0x0
                0x000056c8                        __app_shmem_regions_start = .
 *(SORT_BY_NAME(SORT_BY_ALIGNMENT(.app_regions.*)))
                0x000056c8                        __app_shmem_regions_end = .

k_p4wq_initparam_area
                0x000056c8        0x0
                0x000056c8                        _k_p4wq_initparam_list_start = .
 *(SORT_BY_NAME(SORT_BY_ALIGNMENT(._k_p4wq_initparam.static.*)))
                0x000056c8                        _k_p4wq_initparam_list_end = .

_static_thread_data_area
                0x000056c8       0x60
                0x000056c8                        __static_thread_data_list_start = .
 *(SORT_BY_NAME(SORT_BY_ALIGNMENT(.__static_thread_data.static.*)))
 .__static_thread_data.static._k_thread_data_thread_0_
                0x000056c8       0x30 app/libapp.a(main.c.obj)
                0x000056c8                _k_thread_data_thread_0
 .__static_thread_data.static._k_thread_data_thread_1_
                0x000056f8       0x30 app/libapp.a(main.c.obj)
                0x000056f8                _k_thread_data_thread_1
                0x00005728                        __static_thread_data_list_end = .

device_deps     0x00005728        0x0
                0x00005728                        __device_deps_start = .
 *(SORT_BY_NAME(SORT_BY_ALIGNMENT(.__device_deps_pass2*)))
                0x00005728                        __device_deps_end = .

gpio_driver_api_area
                0x00005728       0x24
                0x00005728                        _gpio_driver_api_list_start = .
 *(SORT_BY_NAME(SORT_BY_ALIGNMENT(._gpio_driver_api.static.*)))
 ._gpio_driver_api.static.gpio_nrfx_drv_api_funcs_
                0x00005728       0x24 zephyr/drivers/gpio/libdrivers__gpio.a(gpio_nrfx.c.obj)
                0x0000574c                        _gpio_driver_api_list_end = .

shared_irq_driver_api_area
                0x0000574c        0x0
                0x0000574c                        _shared_irq_driver_api_list_start = .
 *(SORT_BY_NAME(SORT_BY_ALIGNMENT(._shared_irq_driver_api.static.*)))
                0x0000574c                        _shared_irq_driver_api_list_end = .

crypto_driver_api_area
                0x0000574c        0x0
                0x0000574c                        _crypto_driver_api_list_start = .
 *(SORT_BY_NAME(SORT_BY_ALIGNMENT(._crypto_driver_api.static.*)))
                0x0000574c                        _crypto_driver_api_list_end = .

adc_driver_api_area
                0x0000574c        0x0
                0x0000574c                        _adc_driver_api_list_start = .
 *(SORT_BY_NAME(SORT_BY_ALIGNMENT(._adc_driver_api.static.*)))
                0x0000574c                        _adc_driver_api_list_end = .

auxdisplay_driver_api_area
                0x0000574c        0x0
                0x0000574c                        _auxdisplay_driver_api_list_start = .
 *(SORT_BY_NAME(SORT_BY_ALIGNMENT(._auxdisplay_driver_api.static.*)))
                0x0000574c                        _auxdisplay_driver_api_list_end = .

bbram_driver_api_area
                0x0000574c        0x0
                0x0000574c                        _bbram_driver_api_list_start = .
 *(SORT_BY_NAME(SORT_BY_ALIGNMENT(._bbram_driver_api.static.*)))
                0x0000574c                        _bbram_driver_api_list_end = .

biometric_driver_api_area
                0x0000574c        0x0
                0x0000574c                        _biometric_driver_api_list_start = .
 *(SORT_BY_NAME(SORT_BY_ALIGNMENT(._biometric_driver_api.static.*)))
                0x0000574c                        _biometric_driver_api_list_end = .

bt_hci_driver_api_area
                0x0000574c        0x0
                0x0000574c                        _bt_hci_driver_api_list_start = .
 *(SORT_BY_NAME(SORT_BY_ALIGNMENT(._bt_hci_driver_api.static.*)))
                0x0000574c                        _bt_hci_driver_api_list_end = .

can_driver_api_area
                0x0000574c        0x0
                0x0000574c                        _can_driver_api_list_start = .
 *(SORT_BY_NAME(SORT_BY_ALIGNMENT(._can_driver_api.static.*)))
                0x0000574c                        _can_driver_api_list_end = .

cellular_driver_api_area
                0x0000574c        0x0
                0x0000574c                        _cellular_driver_api_list_start = .
 *(SORT_BY_NAME(SORT_BY_ALIGNMENT(._cellular_driver_api.static.*)))
                0x0000574c                        _cellular_driver_api_list_end = .

charger_driver_api_area
                0x0000574c        0x0
                0x0000574c                        _charger_driver_api_list_start = .
 *(SORT_BY_NAME(SORT_BY_ALIGNMENT(._charger_driver_api.static.*)))
                0x0000574c                        _charger_driver_api_list_end = .

clock_control_driver_api_area
                0x0000574c       0x1c
                0x0000574c                        _clock_control_driver_api_list_start = .
 *(SORT_BY_NAME(SORT_BY_ALIGNMENT(._clock_control_driver_api.static.*)))
 ._clock_control_driver_api.static.clock_control_api_
                0x0000574c       0x1c zephyr/drivers/clock_control/libdrivers__clock_control.a(clock_control_nrf.c.obj)
                0x00005768                        _clock_control_driver_api_list_end = .

comparator_driver_api_area
                0x00005768        0x0
                0x00005768                        _comparator_driver_api_list_start = .
 *(SORT_BY_NAME(SORT_BY_ALIGNMENT(._comparator_driver_api.static.*)))
                0x00005768                        _comparator_driver_api_list_end = .

coredump_driver_api_area
                0x00005768        0x0
                0x00005768                        _coredump_driver_api_list_start = .
 *(SORT_BY_NAME(SORT_BY_ALIGNMENT(._coredump_driver_api.static.*)))
                0x00005768                        _coredump_driver_api_list_end = .

counter_driver_api_area
                0x00005768        0x0
                0x00005768                        _counter_driver_api_list_start = .
 *(SORT_BY_NAME(SORT_BY_ALIGNMENT(._counter_driver_api.static.*)))
                0x00005768                        _counter_driver_api_list_end = .

crc_driver_api_area
                0x00005768        0x0
                0x00005768                        _crc_driver_api_list_start = .
 *(SORT_BY_NAME(SORT_BY_ALIGNMENT(._crc_driver_api.static.*)))
                0x00005768                        _crc_driver_api_list_end = .

dac_driver_api_area
                0x00005768        0x0
                0x00005768                        _dac_driver_api_list_start = .
 *(SORT_BY_NAME(SORT_BY_ALIGNMENT(._dac_driver_api.static.*)))
                0x00005768                        _dac_driver_api_list_end = .

dai_driver_api_area
                0x00005768        0x0
                0x00005768                        _dai_driver_api_list_start = .
 *(SORT_BY_NAME(SORT_BY_ALIGNMENT(._dai_driver_api.static.*)))
                0x00005768                        _dai_driver_api_list_end = .

display_driver_api_area
                0x00005768        0x0
                0x00005768                        _display_driver_api_list_start = .
 *(SORT_BY_NAME(SORT_BY_ALIGNMENT(._display_driver_api.static.*)))
                0x00005768                        _display_driver_api_list_end = .

dma_driver_api_area
                0x00005768        0x0
                0x00005768                        _dma_driver_api_list_start = .
 *(SORT_BY_NAME(SORT_BY_ALIGNMENT(._dma_driver_api.static.*)))
                0x00005768                        _dma_driver_api_list_end = .

edac_driver_api_area
                0x00005768        0x0
                0x00005768                        _edac_driver_api_list_start = .
 *(SORT_BY_NAME(SORT_BY_ALIGNMENT(._edac_driver_api.static.*)))
                0x00005768                        _edac_driver_api_list_end = .

eeprom_driver_api_area
                0x00005768        0x0
                0x00005768                        _eeprom_driver_api_list_start = .
 *(SORT_BY_NAME(SORT_BY_ALIGNMENT(._eeprom_driver_api.static.*)))
                0x00005768                        _eeprom_driver_api_list_end = .

emul_bbram_driver_api_area
                0x00005768        0x0
                0x00005768                        _emul_bbram_driver_api_list_start = .
 *(SORT_BY_NAME(SORT_BY_ALIGNMENT(._emul_bbram_driver_api.static.*)))
                0x00005768                        _emul_bbram_driver_api_list_end = .

fuel_gauge_emul_driver_api_area
                0x00005768        0x0
                0x00005768                        _fuel_gauge_emul_driver_api_list_start = .
 *(SORT_BY_NAME(SORT_BY_ALIGNMENT(._fuel_gauge_emul_driver_api.static.*)))
                0x00005768                        _fuel_gauge_emul_driver_api_list_end = .

emul_sensor_driver_api_area
                0x00005768        0x0
                0x00005768                        _emul_sensor_driver_api_list_start = .
 *(SORT_BY_NAME(SORT_BY_ALIGNMENT(._emul_sensor_driver_api.static.*)))
                0x00005768                        _emul_sensor_driver_api_list_end = .

entropy_driver_api_area
                0x00005768        0x0
                0x00005768                        _entropy_driver_api_list_start = .
 *(SORT_BY_NAME(SORT_BY_ALIGNMENT(._entropy_driver_api.static.*)))
                0x00005768                        _entropy_driver_api_list_end = .

espi_driver_api_area
                0x00005768        0x0
                0x00005768                        _espi_driver_api_list_start = .
 *(SORT_BY_NAME(SORT_BY_ALIGNMENT(._espi_driver_api.static.*)))
                0x00005768                        _espi_driver_api_list_end = .

espi_saf_driver_api_area
                0x00005768        0x0
                0x00005768                        _espi_saf_driver_api_list_start = .
 *(SORT_BY_NAME(SORT_BY_ALIGNMENT(._espi_saf_driver_api.static.*)))
                0x00005768                        _espi_saf_driver_api_list_end = .

flash_driver_api_area
                0x00005768        0x0
                0x00005768                        _flash_driver_api_list_start = .
 *(SORT_BY_NAME(SORT_BY_ALIGNMENT(._flash_driver_api.static.*)))
                0x00005768                        _flash_driver_api_list_end = .

fpga_driver_api_area
                0x00005768        0x0
                0x00005768                        _fpga_driver_api_list_start = .
 *(SORT_BY_NAME(SORT_BY_ALIGNMENT(._fpga_driver_api.static.*)))
                0x00005768                        _fpga_driver_api_list_end = .

fuel_gauge_driver_api_area
                0x00005768        0x0
                0x00005768                        _fuel_gauge_driver_api_list_start = .
 *(SORT_BY_NAME(SORT_BY_ALIGNMENT(._fuel_gauge_driver_api.static.*)))
                0x00005768                        _fuel_gauge_driver_api_list_end = .

gnss_driver_api_area
                0x00005768        0x0
                0x00005768                        _gnss_driver_api_list_start = .
 *(SORT_BY_NAME(SORT_BY_ALIGNMENT(._gnss_driver_api.static.*)))
                0x00005768                        _gnss_driver_api_list_end = .

haptics_driver_api_area
                0x00005768        0x0
                0x00005768                        _haptics_driver_api_list_start = .
 *(SORT_BY_NAME(SORT_BY_ALIGNMENT(._haptics_driver_api.static.*)))
                0x00005768                        _haptics_driver_api_list_end = .

hwspinlock_driver_api_area
                0x00005768        0x0
                0x00005768                        _hwspinlock_driver_api_list_start = .
 *(SORT_BY_NAME(SORT_BY_ALIGNMENT(._hwspinlock_driver_api.static.*)))
                0x00005768                        _hwspinlock_driver_api_list_end = .

i2c_driver_api_area
                0x00005768        0x0
                0x00005768                        _i2c_driver_api_list_start = .
 *(SORT_BY_NAME(SORT_BY_ALIGNMENT(._i2c_driver_api.static.*)))
                0x00005768                        _i2c_driver_api_list_end = .

i2c_target_driver_api_area
                0x00005768        0x0
                0x00005768                        _i2c_target_driver_api_list_start = .
 *(SORT_BY_NAME(SORT_BY_ALIGNMENT(._i2c_target_driver_api.static.*)))
                0x00005768                        _i2c_target_driver_api_list_end = .

i2s_driver_api_area
                0x00005768        0x0
                0x00005768                        _i2s_driver_api_list_start = .
 *(SORT_BY_NAME(SORT_BY_ALIGNMENT(._i2s_driver_api.static.*)))
                0x00005768                        _i2s_driver_api_list_end = .

i3c_driver_api_area
                0x00005768        0x0
                0x00005768                        _i3c_driver_api_list_start = .
 *(SORT_BY_NAME(SORT_BY_ALIGNMENT(._i3c_driver_api.static.*)))
                0x00005768                        _i3c_driver_api_list_end = .

ipm_driver_api_area
                0x00005768        0x0
                0x00005768                        _ipm_driver_api_list_start = .
 *(SORT_BY_NAME(SORT_BY_ALIGNMENT(._ipm_driver_api.static.*)))
                0x00005768                        _ipm_driver_api_list_end = .

led_driver_api_area
                0x00005768        0x0
                0x00005768                        _led_driver_api_list_start = .
 *(SORT_BY_NAME(SORT_BY_ALIGNMENT(._led_driver_api.static.*)))
                0x00005768                        _led_driver_api_list_end = .

led_strip_driver_api_area
                0x00005768        0x0
                0x00005768                        _led_strip_driver_api_list_start = .
 *(SORT_BY_NAME(SORT_BY_ALIGNMENT(._led_strip_driver_api.static.*)))
                0x00005768                        _led_strip_driver_api_list_end = .

lora_driver_api_area
                0x00005768        0x0
                0x00005768                        _lora_driver_api_list_start = .
 *(SORT_BY_NAME(SORT_BY_ALIGNMENT(._lora_driver_api.static.*)))
                0x00005768                        _lora_driver_api_list_end = .

mbox_driver_api_area
                0x00005768        0x0
                0x00005768                        _mbox_driver_api_list_start = .
 *(SORT_BY_NAME(SORT_BY_ALIGNMENT(._mbox_driver_api.static.*)))
                0x00005768                        _mbox_driver_api_list_end = .

mdio_driver_api_area
                0x00005768        0x0
                0x00005768                        _mdio_driver_api_list_start = .
 *(SORT_BY_NAME(SORT_BY_ALIGNMENT(._mdio_driver_api.static.*)))
                0x00005768                        _mdio_driver_api_list_end = .

mipi_dbi_driver_api_area
                0x00005768        0x0
                0x00005768                        _mipi_dbi_driver_api_list_start = .
 *(SORT_BY_NAME(SORT_BY_ALIGNMENT(._mipi_dbi_driver_api.static.*)))
                0x00005768                        _mipi_dbi_driver_api_list_end = .

mipi_dsi_driver_api_area
                0x00005768        0x0
                0x00005768                        _mipi_dsi_driver_api_list_start = .
 *(SORT_BY_NAME(SORT_BY_ALIGNMENT(._mipi_dsi_driver_api.static.*)))
                0x00005768                        _mipi_dsi_driver_api_list_end = .

mspi_driver_api_area
                0x00005768        0x0
                0x00005768                        _mspi_driver_api_list_start = .
 *(SORT_BY_NAME(SORT_BY_ALIGNMENT(._mspi_driver_api.static.*)))
                0x00005768                        _mspi_driver_api_list_end = .

opamp_driver_api_area
                0x00005768        0x0
                0x00005768                        _opamp_driver_api_list_start = .
 *(SORT_BY_NAME(SORT_BY_ALIGNMENT(._opamp_driver_api.static.*)))
                0x00005768                        _opamp_driver_api_list_end = .

otp_driver_api_area
                0x00005768        0x0
                0x00005768                        _otp_driver_api_list_start = .
 *(SORT_BY_NAME(SORT_BY_ALIGNMENT(._otp_driver_api.static.*)))
                0x00005768                        _otp_driver_api_list_end = .

peci_driver_api_area
                0x00005768        0x0
                0x00005768                        _peci_driver_api_list_start = .
 *(SORT_BY_NAME(SORT_BY_ALIGNMENT(._peci_driver_api.static.*)))
                0x00005768                        _peci_driver_api_list_end = .

ps2_driver_api_area
                0x00005768        0x0
                0x00005768                        _ps2_driver_api_list_start = .
 *(SORT_BY_NAME(SORT_BY_ALIGNMENT(._ps2_driver_api.static.*)))
                0x00005768                        _ps2_driver_api_list_end = .

ptp_clock_driver_api_area
                0x00005768        0x0
                0x00005768                        _ptp_clock_driver_api_list_start = .
 *(SORT_BY_NAME(SORT_BY_ALIGNMENT(._ptp_clock_driver_api.static.*)))
                0x00005768                        _ptp_clock_driver_api_list_end = .

pwm_driver_api_area
                0x00005768        0x0
                0x00005768                        _pwm_driver_api_list_start = .
 *(SORT_BY_NAME(SORT_BY_ALIGNMENT(._pwm_driver_api.static.*)))
                0x00005768                        _pwm_driver_api_list_end = .

regulator_parent_driver_api_area
                0x00005768        0x0
                0x00005768                        _regulator_parent_driver_api_list_start = .
 *(SORT_BY_NAME(SORT_BY_ALIGNMENT(._regulator_parent_driver_api.static.*)))
                0x00005768                        _regulator_parent_driver_api_list_end = .

regulator_driver_api_area
                0x00005768        0x0
                0x00005768                        _regulator_driver_api_list_start = .
 *(SORT_BY_NAME(SORT_BY_ALIGNMENT(._regulator_driver_api.static.*)))
                0x00005768                        _regulator_driver_api_list_end = .

reset_driver_api_area
                0x00005768        0x0
                0x00005768                        _reset_driver_api_list_start = .
 *(SORT_BY_NAME(SORT_BY_ALIGNMENT(._reset_driver_api.static.*)))
                0x00005768                        _reset_driver_api_list_end = .

retained_mem_driver_api_area
                0x00005768        0x0
                0x00005768                        _retained_mem_driver_api_list_start = .
 *(SORT_BY_NAME(SORT_BY_ALIGNMENT(._retained_mem_driver_api.static.*)))
                0x00005768                        _retained_mem_driver_api_list_end = .

rtc_driver_api_area
                0x00005768        0x0
                0x00005768                        _rtc_driver_api_list_start = .
 *(SORT_BY_NAME(SORT_BY_ALIGNMENT(._rtc_driver_api.static.*)))
                0x00005768                        _rtc_driver_api_list_end = .

sdhc_driver_api_area
                0x00005768        0x0
                0x00005768                        _sdhc_driver_api_list_start = .
 *(SORT_BY_NAME(SORT_BY_ALIGNMENT(._sdhc_driver_api.static.*)))
                0x00005768                        _sdhc_driver_api_list_end = .

sensor_driver_api_area
                0x00005768        0x0
                0x00005768                        _sensor_driver_api_list_start = .
 *(SORT_BY_NAME(SORT_BY_ALIGNMENT(._sensor_driver_api.static.*)))
                0x00005768                        _sensor_driver_api_list_end = .

smbus_driver_api_area
                0x00005768        0x0
                0x00005768                        _smbus_driver_api_list_start = .
 *(SORT_BY_NAME(SORT_BY_ALIGNMENT(._smbus_driver_api.static.*)))
                0x00005768                        _smbus_driver_api_list_end = .

spi_driver_api_area
                0x00005768        0x0
                0x00005768                        _spi_driver_api_list_start = .
 *(SORT_BY_NAME(SORT_BY_ALIGNMENT(._spi_driver_api.static.*)))
                0x00005768                        _spi_driver_api_list_end = .

syscon_driver_api_area
                0x00005768        0x0
                0x00005768                        _syscon_driver_api_list_start = .
 *(SORT_BY_NAME(SORT_BY_ALIGNMENT(._syscon_driver_api.static.*)))
                0x00005768                        _syscon_driver_api_list_end = .

tee_driver_api_area
                0x00005768        0x0
                0x00005768                        _tee_driver_api_list_start = .
 *(SORT_BY_NAME(SORT_BY_ALIGNMENT(._tee_driver_api.static.*)))
                0x00005768                        _tee_driver_api_list_end = .

uaol_driver_api_area
                0x00005768        0x0
                0x00005768                        _uaol_driver_api_list_start = .
 *(SORT_BY_NAME(SORT_BY_ALIGNMENT(._uaol_driver_api.static.*)))
                0x00005768                        _uaol_driver_api_list_end = .

video_driver_api_area
                0x00005768        0x0
                0x00005768                        _video_driver_api_list_start = .
 *(SORT_BY_NAME(SORT_BY_ALIGNMENT(._video_driver_api.static.*)))
                0x00005768                        _video_driver_api_list_end = .

virtio_driver_api_area
                0x00005768        0x0
                0x00005768                        _virtio_driver_api_list_start = .
 *(SORT_BY_NAME(SORT_BY_ALIGNMENT(._virtio_driver_api.static.*)))
                0x00005768                        _virtio_driver_api_list_end = .

w1_driver_api_area
                0x00005768        0x0
                0x00005768                        _w1_driver_api_list_start = .
 *(SORT_BY_NAME(SORT_BY_ALIGNMENT(._w1_driver_api.static.*)))
                0x00005768                        _w1_driver_api_list_end = .

wdt_driver_api_area
                0x00005768        0x0
                0x00005768                        _wdt_driver_api_list_start = .
 *(SORT_BY_NAME(SORT_BY_ALIGNMENT(._wdt_driver_api.static.*)))
                0x00005768                        _wdt_driver_api_list_end = .

wuc_driver_api_area
                0x00005768        0x0
                0x00005768                        _wuc_driver_api_list_start = .
 *(SORT_BY_NAME(SORT_BY_ALIGNMENT(._wuc_driver_api.static.*)))
                0x00005768                        _wuc_driver_api_list_end = .

can_transceiver_driver_api_area
                0x00005768        0x0
                0x00005768                        _can_transceiver_driver_api_list_start = .
 *(SORT_BY_NAME(SORT_BY_ALIGNMENT(._can_transceiver_driver_api.static.*)))
                0x00005768                        _can_transceiver_driver_api_list_end = .

nrf_clock_control_driver_api_area
                0x00005768        0x0
                0x00005768                        _nrf_clock_control_driver_api_list_start = .
 *(SORT_BY_NAME(SORT_BY_ALIGNMENT(._nrf_clock_control_driver_api.static.*)))
                0x00005768                        _nrf_clock_control_driver_api_list_end = .

i3c_target_driver_api_area
                0x00005768        0x0
                0x00005768                        _i3c_target_driver_api_list_start = .
 *(SORT_BY_NAME(SORT_BY_ALIGNMENT(._i3c_target_driver_api.static.*)))
                0x00005768                        _i3c_target_driver_api_list_end = .

its_driver_api_area
                0x00005768        0x0
                0x00005768                        _its_driver_api_list_start = .
 *(SORT_BY_NAME(SORT_BY_ALIGNMENT(._its_driver_api.static.*)))
                0x00005768                        _its_driver_api_list_end = .

vtd_driver_api_area
                0x00005768        0x0
                0x00005768                        _vtd_driver_api_list_start = .
 *(SORT_BY_NAME(SORT_BY_ALIGNMENT(._vtd_driver_api.static.*)))
                0x00005768                        _vtd_driver_api_list_end = .

renesas_elc_driver_api_area
                0x00005768        0x0
                0x00005768                        _renesas_elc_driver_api_list_start = .
 *(SORT_BY_NAME(SORT_BY_ALIGNMENT(._renesas_elc_driver_api.static.*)))
                0x00005768                        _renesas_elc_driver_api_list_end = .

tgpio_driver_api_area
                0x00005768        0x0
                0x00005768                        _tgpio_driver_api_list_start = .
 *(SORT_BY_NAME(SORT_BY_ALIGNMENT(._tgpio_driver_api.static.*)))
                0x00005768                        _tgpio_driver_api_list_end = .

pcie_ctrl_driver_api_area
                0x00005768        0x0
                0x00005768                        _pcie_ctrl_driver_api_list_start = .
 *(SORT_BY_NAME(SORT_BY_ALIGNMENT(._pcie_ctrl_driver_api.static.*)))
                0x00005768                        _pcie_ctrl_driver_api_list_end = .

pcie_ep_driver_api_area
                0x00005768        0x0
                0x00005768                        _pcie_ep_driver_api_list_start = .
 *(SORT_BY_NAME(SORT_BY_ALIGNMENT(._pcie_ep_driver_api.static.*)))
                0x00005768                        _pcie_ep_driver_api_list_end = .

psi5_driver_api_area
                0x00005768        0x0
                0x00005768                        _psi5_driver_api_list_start = .
 *(SORT_BY_NAME(SORT_BY_ALIGNMENT(._psi5_driver_api.static.*)))
                0x00005768                        _psi5_driver_api_list_end = .

sent_driver_api_area
                0x00005768        0x0
                0x00005768                        _sent_driver_api_list_start = .
 *(SORT_BY_NAME(SORT_BY_ALIGNMENT(._sent_driver_api.static.*)))
                0x00005768                        _sent_driver_api_list_end = .

svc_driver_api_area
                0x00005768        0x0
                0x00005768                        _svc_driver_api_list_start = .
 *(SORT_BY_NAME(SORT_BY_ALIGNMENT(._svc_driver_api.static.*)))
                0x00005768                        _svc_driver_api_list_end = .

stepper_driver_api_area
                0x00005768        0x0
                0x00005768                        _stepper_driver_api_list_start = .
 *(SORT_BY_NAME(SORT_BY_ALIGNMENT(._stepper_driver_api.static.*)))
                0x00005768                        _stepper_driver_api_list_end = .

stepper_ctrl_driver_api_area
                0x00005768        0x0
                0x00005768                        _stepper_ctrl_driver_api_list_start = .
 *(SORT_BY_NAME(SORT_BY_ALIGNMENT(._stepper_ctrl_driver_api.static.*)))
                0x00005768                        _stepper_ctrl_driver_api_list_end = .

uart_driver_api_area
                0x00005768        0xc
                0x00005768                        _uart_driver_api_list_start = .
 *(SORT_BY_NAME(SORT_BY_ALIGNMENT(._uart_driver_api.static.*)))
 ._uart_driver_api.static.uart_nrfx_uarte_driver_api_
                0x00005768        0xc zephyr/drivers/serial/libdrivers__serial.a(uart_nrfx_uarte.c.obj)
                0x00005774                        _uart_driver_api_list_end = .

bc12_emul_driver_api_area
                0x00005774        0x0
                0x00005774                        _bc12_emul_driver_api_list_start = .
 *(SORT_BY_NAME(SORT_BY_ALIGNMENT(._bc12_emul_driver_api.static.*)))
                0x00005774                        _bc12_emul_driver_api_list_end = .

bc12_driver_api_area
                0x00005774        0x0
                0x00005774                        _bc12_driver_api_list_start = .
 *(SORT_BY_NAME(SORT_BY_ALIGNMENT(._bc12_driver_api.static.*)))
                0x00005774                        _bc12_driver_api_list_end = .

usbc_ppc_driver_api_area
                0x00005774        0x0
                0x00005774                        _usbc_ppc_driver_api_list_start = .
 *(SORT_BY_NAME(SORT_BY_ALIGNMENT(._usbc_ppc_driver_api.static.*)))
                0x00005774                        _usbc_ppc_driver_api_list_end = .

tcpc_driver_api_area
                0x00005774        0x0
                0x00005774                        _tcpc_driver_api_list_start = .
 *(SORT_BY_NAME(SORT_BY_ALIGNMENT(._tcpc_driver_api.static.*)))
                0x00005774                        _tcpc_driver_api_list_end = .

usbc_vbus_driver_api_area
                0x00005774        0x0
                0x00005774                        _usbc_vbus_driver_api_list_start = .
 *(SORT_BY_NAME(SORT_BY_ALIGNMENT(._usbc_vbus_driver_api.static.*)))
                0x00005774                        _usbc_vbus_driver_api_list_end = .

ivshmem_driver_api_area
                0x00005774        0x0
                0x00005774                        _ivshmem_driver_api_list_start = .
 *(SORT_BY_NAME(SORT_BY_ALIGNMENT(._ivshmem_driver_api.static.*)))
                0x00005774                        _ivshmem_driver_api_list_end = .

ethphy_driver_api_area
                0x00005774        0x0
                0x00005774                        _ethphy_driver_api_list_start = .
 *(SORT_BY_NAME(SORT_BY_ALIGNMENT(._ethphy_driver_api.static.*)))
                0x00005774                        _ethphy_driver_api_list_end = .

ztest           0x00005774        0x0
                0x00005774                        _ztest_expected_result_entry_list_start = .
 *(SORT_BY_NAME(SORT_BY_ALIGNMENT(._ztest_expected_result_entry.static.*)))
                0x00005774                        _ztest_expected_result_entry_list_end = .
                0x00005774                        _ztest_suite_node_list_start = .
 *(SORT_BY_NAME(SORT_BY_ALIGNMENT(._ztest_suite_node.static.*)))
                0x00005774                        _ztest_suite_node_list_end = .
                0x00005774                        _ztest_unit_test_list_start = .
 *(SORT_BY_NAME(SORT_BY_ALIGNMENT(._ztest_unit_test.static.*)))
                0x00005774                        _ztest_unit_test_list_end = .
                0x00005774                        _ztest_test_rule_list_start = .
 *(SORT_BY_NAME(SORT_BY_ALIGNMENT(._ztest_test_rule.static.*)))
                0x00005774                        _ztest_test_rule_list_end = .

init_array      0x00005774        0x0
                0x00005774                        __zephyr_init_array_start = .
 *(SORT_BY_INIT_PRIORITY(.init_array.*) SORT_BY_INIT_PRIORITY(.ctors.*))
 *(SORT_BY_ALIGNMENT(.init_array) SORT_BY_ALIGNMENT(.ctors))
                0x00005774                        __zephyr_init_array_end = .
                0x00000001                        ASSERT ((__zephyr_init_array_start == __zephyr_init_array_end), GNU-style constructors required but STATIC_INIT_GNU not enabled)

bt_l2cap_fixed_chan_area
                0x00005774        0x0
                0x00005774                        _bt_l2cap_fixed_chan_list_start = .
 *(SORT_BY_NAME(SORT_BY_ALIGNMENT(._bt_l2cap_fixed_chan.static.*)))
                0x00005774                        _bt_l2cap_fixed_chan_list_end = .

bt_gatt_service_static_area
                0x00005774        0x0
                0x00005774                        _bt_gatt_service_static_list_start = .
 *(SORT_BY_NAME(SORT_BY_ALIGNMENT(._bt_gatt_service_static.static.*)))
                0x00005774                        _bt_gatt_service_static_list_end = .

log_strings_area
                0x00005774        0x0
                0x00005774                        _log_strings_list_start = .
 *(SORT_BY_NAME(SORT_BY_ALIGNMENT(._log_strings.static.*)))
                0x00005774                        _log_strings_list_end = .

log_stmesp_ptr_area
                0x00005774        0x0
                0x00005774                        _log_stmesp_ptr_list_start = .
 *(SORT_BY_NAME(SORT_BY_ALIGNMENT(._log_stmesp_ptr.static.*)))
                0x00005774                        _log_stmesp_ptr_list_end = .

log_stmesp_str_area
                0x00005774        0x0
                0x00005774                        _log_stmesp_str_list_start = .
 *(SORT_BY_NAME(SORT_BY_ALIGNMENT(._log_stmesp_str.static.*)))
                0x00005774                        _log_stmesp_str_list_end = .
